Archive member included to satisfy reference by file (symbol)

../../../../../../Middlewares/ST/STM32_MotionDI_Library/Lib\MotionDI_CM4F_wc32_ot_hard.a(motion_di.o)
                              ./Src/motion_di_manager.o (MotionDI_Initialize)
c:/st/stm32cubeide_1.9.0/stm32cubeide/plugins/com.st.stm32cube.ide.mcu.externaltools.gnu-tools-for-stm32.10.3-2021.10.win32_1.0.0.202111181127/tools/bin/../lib/gcc/arm-none-eabi/10.3.1/../../../../arm-none-eabi/lib/thumb/v7e-m+fp/hard\libc_nano.a(lib_a-errno.o)
                              ./Src/syscalls.o (__errno)
c:/st/stm32cubeide_1.9.0/stm32cubeide/plugins/com.st.stm32cube.ide.mcu.externaltools.gnu-tools-for-stm32.10.3-2021.10.win32_1.0.0.202111181127/tools/bin/../lib/gcc/arm-none-eabi/10.3.1/../../../../arm-none-eabi/lib/thumb/v7e-m+fp/hard\libc_nano.a(lib_a-exit.o)
                              c:/st/stm32cubeide_1.9.0/stm32cubeide/plugins/com.st.stm32cube.ide.mcu.externaltools.gnu-tools-for-stm32.10.3-2021.10.win32_1.0.0.202111181127/tools/bin/../lib/gcc/arm-none-eabi/10.3.1/../../../../arm-none-eabi/lib/thumb/v7e-m+fp/hard/crt0.o (exit)
c:/st/stm32cubeide_1.9.0/stm32cubeide/plugins/com.st.stm32cube.ide.mcu.externaltools.gnu-tools-for-stm32.10.3-2021.10.win32_1.0.0.202111181127/tools/bin/../lib/gcc/arm-none-eabi/10.3.1/../../../../arm-none-eabi/lib/thumb/v7e-m+fp/hard\libc_nano.a(lib_a-impure.o)
                              c:/st/stm32cubeide_1.9.0/stm32cubeide/plugins/com.st.stm32cube.ide.mcu.externaltools.gnu-tools-for-stm32.10.3-2021.10.win32_1.0.0.202111181127/tools/bin/../lib/gcc/arm-none-eabi/10.3.1/../../../../arm-none-eabi/lib/thumb/v7e-m+fp/hard\libc_nano.a(lib_a-exit.o) (_global_impure_ptr)
c:/st/stm32cubeide_1.9.0/stm32cubeide/plugins/com.st.stm32cube.ide.mcu.externaltools.gnu-tools-for-stm32.10.3-2021.10.win32_1.0.0.202111181127/tools/bin/../lib/gcc/arm-none-eabi/10.3.1/../../../../arm-none-eabi/lib/thumb/v7e-m+fp/hard\libc_nano.a(lib_a-init.o)
                              c:/st/stm32cubeide_1.9.0/stm32cubeide/plugins/com.st.stm32cube.ide.mcu.externaltools.gnu-tools-for-stm32.10.3-2021.10.win32_1.0.0.202111181127/tools/bin/../lib/gcc/arm-none-eabi/10.3.1/../../../../arm-none-eabi/lib/thumb/v7e-m+fp/hard/crt0.o (__libc_init_array)
c:/st/stm32cubeide_1.9.0/stm32cubeide/plugins/com.st.stm32cube.ide.mcu.externaltools.gnu-tools-for-stm32.10.3-2021.10.win32_1.0.0.202111181127/tools/bin/../lib/gcc/arm-none-eabi/10.3.1/../../../../arm-none-eabi/lib/thumb/v7e-m+fp/hard\libc_nano.a(lib_a-memcpy-stub.o)
                              ./Src/app_mems.o (memcpy)
c:/st/stm32cubeide_1.9.0/stm32cubeide/plugins/com.st.stm32cube.ide.mcu.externaltools.gnu-tools-for-stm32.10.3-2021.10.win32_1.0.0.202111181127/tools/bin/../lib/gcc/arm-none-eabi/10.3.1/../../../../arm-none-eabi/lib/thumb/v7e-m+fp/hard\libc_nano.a(lib_a-memset.o)
                              c:/st/stm32cubeide_1.9.0/stm32cubeide/plugins/com.st.stm32cube.ide.mcu.externaltools.gnu-tools-for-stm32.10.3-2021.10.win32_1.0.0.202111181127/tools/bin/../lib/gcc/arm-none-eabi/10.3.1/../../../../arm-none-eabi/lib/thumb/v7e-m+fp/hard/crt0.o (memset)
c:/st/stm32cubeide_1.9.0/stm32cubeide/plugins/com.st.stm32cube.ide.mcu.externaltools.gnu-tools-for-stm32.10.3-2021.10.win32_1.0.0.202111181127/tools/bin/../lib/gcc/arm-none-eabi/10.3.1/../../../../arm-none-eabi/lib/thumb/v7e-m+fp/hard\libc_nano.a(lib_a-snprintf.o)
                              ./Src/demo_serial.o (snprintf)
c:/st/stm32cubeide_1.9.0/stm32cubeide/plugins/com.st.stm32cube.ide.mcu.externaltools.gnu-tools-for-stm32.10.3-2021.10.win32_1.0.0.202111181127/tools/bin/../lib/gcc/arm-none-eabi/10.3.1/../../../../arm-none-eabi/lib/thumb/v7e-m+fp/hard\libc_nano.a(lib_a-nano-svfprintf.o)
                              c:/st/stm32cubeide_1.9.0/stm32cubeide/plugins/com.st.stm32cube.ide.mcu.externaltools.gnu-tools-for-stm32.10.3-2021.10.win32_1.0.0.202111181127/tools/bin/../lib/gcc/arm-none-eabi/10.3.1/../../../../arm-none-eabi/lib/thumb/v7e-m+fp/hard\libc_nano.a(lib_a-snprintf.o) (_svfprintf_r)
c:/st/stm32cubeide_1.9.0/stm32cubeide/plugins/com.st.stm32cube.ide.mcu.externaltools.gnu-tools-for-stm32.10.3-2021.10.win32_1.0.0.202111181127/tools/bin/../lib/gcc/arm-none-eabi/10.3.1/../../../../arm-none-eabi/lib/thumb/v7e-m+fp/hard\libc_nano.a(lib_a-nano-vfprintf_i.o)
                              c:/st/stm32cubeide_1.9.0/stm32cubeide/plugins/com.st.stm32cube.ide.mcu.externaltools.gnu-tools-for-stm32.10.3-2021.10.win32_1.0.0.202111181127/tools/bin/../lib/gcc/arm-none-eabi/10.3.1/../../../../arm-none-eabi/lib/thumb/v7e-m+fp/hard\libc_nano.a(lib_a-nano-svfprintf.o) (_printf_i)
c:/st/stm32cubeide_1.9.0/stm32cubeide/plugins/com.st.stm32cube.ide.mcu.externaltools.gnu-tools-for-stm32.10.3-2021.10.win32_1.0.0.202111181127/tools/bin/../lib/gcc/arm-none-eabi/10.3.1/../../../../arm-none-eabi/lib/thumb/v7e-m+fp/hard\libc_nano.a(lib_a-memchr.o)
[...]
Memory Configuration

Name             Origin             Length             Attributes
RAM              0x0000000020000000 0x0000000000018000 xrw
RAM2             0x0000000010000000 0x0000000000008000 xrw
FLASH            0x0000000008000000 0x0000000000100000 xr
*default*        0x0000000000000000 0xffffffffffffffff

Linker script and memory map

LOAD c:/st/stm32cubeide_1.9.0/stm32cubeide/plugins/com.st.stm32cube.ide.mcu.externaltools.gnu-tools-for-stm32.10.3-2021.10.win32_1.0.0.202111181127/tools/bin/../lib/gcc/arm-none-eabi/10.3.1/thumb/v7e-m+fp/hard/crti.o
LOAD c:/st/stm32cubeide_1.9.0/stm32cubeide/plugins/com.st.stm32cube.ide.mcu.externaltools.gnu-tools-for-stm32.10.3-2021.10.win32_1.0.0.202111181127/tools/bin/../lib/gcc/arm-none-eabi/10.3.1/thumb/v7e-m+fp/hard/crtbegin.o
LOAD c:/st/stm32cubeide_1.9.0/stm32cubeide/plugins/com.st.stm32cube.ide.mcu.externaltools.gnu-tools-for-stm32.10.3-2021.10.win32_1.0.0.202111181127/tools/bin/../lib/gcc/arm-none-eabi/10.3.1/../../../../arm-none-eabi/lib/thumb/v7e-m+fp/hard/crt0.o
LOAD ./Drivers/BSP/Components/hts221.o
LOAD ./Drivers/BSP/Components/hts221_reg.o
LOAD ./Drivers/BSP/Components/lis2dw12.o
LOAD ./Drivers/BSP/Components/lis2dw12_reg.o
LOAD ./Drivers/BSP/Components/lis2mdl.o
LOAD ./Drivers/BSP/Components/lis2mdl_reg.o
LOAD ./Drivers/BSP/Components/lps22hh.o
LOAD ./Drivers/BSP/Components/lps22hh_reg.o
LOAD ./Drivers/BSP/Components/lsm6dso.o
LOAD ./Drivers/BSP/Components/lsm6dso_reg.o
LOAD ./Drivers/BSP/Components/stts751.o
LOAD ./Drivers/BSP/Components/stts751_reg.o
LOAD ./Drivers/BSP/IKS01A3/iks01a3_env_sensors.o
LOAD ./Drivers/BSP/IKS01A3/iks01a3_env_sensors_ex.o
LOAD ./Drivers/BSP/IKS01A3/iks01a3_motion_sensors.o
LOAD ./Drivers/BSP/IKS01A3/iks01a3_motion_sensors_ex.o
LOAD ./Drivers/STM32L4xx_HAL_Driver/stm32l4xx_hal.o
LOAD ./Drivers/STM32L4xx_HAL_Driver/stm32l4xx_hal_cortex.o
LOAD ./Drivers/STM32L4xx_HAL_Driver/stm32l4xx_hal_crc.o
LOAD ./Drivers/STM32L4xx_HAL_Driver/stm32l4xx_hal_crc_ex.o
LOAD ./Drivers/STM32L4xx_HAL_Driver/stm32l4xx_hal_dma.o
LOAD ./Drivers/STM32L4xx_HAL_Driver/stm32l4xx_hal_dma_ex.o
LOAD ./Drivers/STM32L4xx_HAL_Driver/stm32l4xx_hal_exti.o
LOAD ./Drivers/STM32L4xx_HAL_Driver/stm32l4xx_hal_flash.o
LOAD ./Drivers/STM32L4xx_HAL_Driver/stm32l4xx_hal_flash_ex.o
LOAD ./Drivers/STM32L4xx_HAL_Driver/stm32l4xx_hal_flash_ramfunc.o
LOAD ./Drivers/STM32L4xx_HAL_Driver/stm32l4xx_hal_gpio.o
LOAD ./Drivers/STM32L4xx_HAL_Driver/stm32l4xx_hal_i2c.o
LOAD ./Drivers/STM32L4xx_HAL_Driver/stm32l4xx_hal_i2c_ex.o
LOAD ./Drivers/STM32L4xx_HAL_Driver/stm32l4xx_hal_pwr.o
LOAD ./Drivers/STM32L4xx_HAL_Driver/stm32l4xx_hal_pwr_ex.o
LOAD ./Drivers/STM32L4xx_HAL_Driver/stm32l4xx_hal_rcc.o
LOAD ./Drivers/STM32L4xx_HAL_Driver/stm32l4xx_hal_rcc_ex.o
LOAD ./Drivers/STM32L4xx_HAL_Driver/stm32l4xx_hal_rtc.o
LOAD ./Drivers/STM32L4xx_HAL_Driver/stm32l4xx_hal_rtc_ex.o
LOAD ./Drivers/STM32L4xx_HAL_Driver/stm32l4xx_hal_tim.o
LOAD ./Drivers/STM32L4xx_HAL_Driver/stm32l4xx_hal_tim_ex.o
LOAD ./Drivers/STM32L4xx_HAL_Driver/stm32l4xx_hal_uart.o
LOAD ./Drivers/STM32L4xx_HAL_Driver/stm32l4xx_hal_uart_ex.o
LOAD ./Src/app_mems.o
LOAD ./Src/com.o
LOAD ./Src/demo_serial.o
LOAD ./Src/iks01a3_mems_control.o
LOAD ./Src/iks01a3_mems_control_ex.o
LOAD ./Src/main.o
LOAD ./Src/motion_di_manager.o
LOAD ./Src/serial_protocol.o
LOAD ./Src/stm32l4xx_hal_msp.o
LOAD ./Src/stm32l4xx_it.o
LOAD ./Src/stm32l4xx_nucleo.o
LOAD ./Src/stm32l4xx_nucleo_bus.o
LOAD ./Src/syscalls.o
LOAD ./Src/sysmem.o
LOAD ./Src/system_stm32l4xx.o
LOAD ./Startup/startup_stm32l476rgtx.o
LOAD ../../../../../../Middlewares/ST/STM32_MotionDI_Library/Lib\MotionDI_CM4F_wc32_ot_hard.a
START GROUP
LOAD c:/st/stm32cubeide_1.9.0/stm32cubeide/plugins/com.st.stm32cube.ide.mcu.externaltools.gnu-tools-for-stm32.10.3-2021.10.win32_1.0.0.202111181127/tools/bin/../lib/gcc/arm-none-eabi/10.3.1/../../../../arm-none-eabi/lib/thumb/v7e-m+fp/hard\libc_nano.a
LOAD c:/st/stm32cubeide_1.9.0/stm32cubeide/plugins/com.st.stm32cube.ide.mcu.externaltools.gnu-tools-for-stm32.10.3-2021.10.win32_1.0.0.202111181127/tools/bin/../lib/gcc/arm-none-eabi/10.3.1/../../../../arm-none-eabi/lib/thumb/v7e-m+fp/hard\libm.a
END GROUP
START GROUP
LOAD c:/st/stm32cubeide_1.9.0/stm32cubeide/plugins/com.st.stm32cube.ide.mcu.externaltools.gnu-tools-for-stm32.10.3-2021.10.win32_1.0.0.202111181127/tools/bin/../lib/gcc/arm-none-eabi/10.3.1/thumb/v7e-m+fp/hard\libgcc.a
LOAD c:/st/stm32cubeide_1.9.0/stm32cubeide/plugins/com.st.stm32cube.ide.mcu.externaltools.gnu-tools-for-stm32.10.3-2021.10.win32_1.0.0.202111181127/tools/bin/../lib/gcc/arm-none-eabi/10.3.1/../../../../arm-none-eabi/lib/thumb/v7e-m+fp/hard\libc_nano.a
END GROUP
START GROUP
LOAD c:/st/stm32cubeide_1.9.0/stm32cubeide/plugins/com.st.stm32cube.ide.mcu.externaltools.gnu-tools-for-stm32.10.3-2021.10.win32_1.0.0.202111181127/tools/bin/../lib/gcc/arm-none-eabi/10.3.1/thumb/v7e-m+fp/hard\libgcc.a
LOAD c:/st/stm32cubeide_1.9.0/stm32cubeide/plugins/com.st.stm32cube.ide.mcu.externaltools.gnu-tools-for-stm32.10.3-2021.10.win32_1.0.0.202111181127/tools/bin/../lib/gcc/arm-none-eabi/10.3.1/../../../../arm-none-eabi/lib/thumb/v7e-m+fp/hard\libc_nano.a
LOAD c:/st/stm32cubeide_1.9.0/stm32cubeide/plugins/com.st.stm32cube.ide.mcu.externaltools.gnu-tools-for-stm32.10.3-2021.10.win32_1.0.0.202111181127/tools/bin/../lib/gcc/arm-none-eabi/10.3.1/../../../../arm-none-eabi/lib/thumb/v7e-m+fp/hard\libnosys.a
END GROUP
START GROUP
LOAD c:/st/stm32cubeide_1.9.0/stm32cubeide/plugins/com.st.stm32cube.ide.mcu.externaltools.gnu-tools-for-stm32.10.3-2021.10.win32_1.0.0.202111181127/tools/bin/../lib/gcc/arm-none-eabi/10.3.1/thumb/v7e-m+fp/hard\libgcc.a
LOAD c:/st/stm32cubeide_1.9.0/stm32cubeide/plugins/com.st.stm32cube.ide.mcu.externaltools.gnu-tools-for-stm32.10.3-2021.10.win32_1.0.0.202111181127/tools/bin/../lib/gcc/arm-none-eabi/10.3.1/../../../../arm-none-eabi/lib/thumb/v7e-m+fp/hard\libc_nano.a
LOAD c:/st/stm32cubeide_1.9.0/stm32cubeide/plugins/com.st.stm32cube.ide.mcu.externaltools.gnu-tools-for-stm32.10.3-2021.10.win32_1.0.0.202111181127/tools/bin/../lib/gcc/arm-none-eabi/10.3.1/../../../../arm-none-eabi/lib/thumb/v7e-m+fp/hard\libnosys.a
END GROUP
LOAD c:/st/stm32cubeide_1.9.0/stm32cubeide/plugins/com.st.stm32cube.ide.mcu.externaltools.gnu-tools-for-stm32.10.3-2021.10.win32_1.0.0.202111181127/tools/bin/../lib/gcc/arm-none-eabi/10.3.1/thumb/v7e-m+fp/hard/crtend.o
LOAD c:/st/stm32cubeide_1.9.0/stm32cubeide/plugins/com.st.stm32cube.ide.mcu.externaltools.gnu-tools-for-stm32.10.3-2021.10.win32_1.0.0.202111181127/tools/bin/../lib/gcc/arm-none-eabi/10.3.1/thumb/v7e-m+fp/hard/crtn.o
                0x0000000020018000                _estack = (ORIGIN (RAM) + LENGTH (RAM))
                0x0000000000000200                _Min_Heap_Size = 0x200
                0x0000000000008000                _Min_Stack_Size = 0x8000

.isr_vector     0x0000000008000000      0x188
                0x0000000008000000                . = ALIGN (0x4)
 *(.isr_vector)
 .isr_vector    0x0000000008000000      0x188 ./Startup/startup_stm32l476rgtx.o
                0x0000000008000000                g_pfnVectors
                0x0000000008000188                . = ALIGN (0x4)

.text           0x0000000008000188    0x1b664
                0x0000000008000188                . = ALIGN (0x4)
 *(.text)
 .text          0x0000000008000188       0x40 c:/st/stm32cubeide_1.9.0/stm32cubeide/plugins/com.st.stm32cube.ide.mcu.externaltools.gnu-tools-for-stm32.10.3-2021.10.win32_1.0.0.202111181127/tools/bin/../lib/gcc/arm-none-eabi/10.3.1/thumb/v7e-m+fp/hard/crtbegin.o
 .text          0x00000000080001c8      0x378 c:/st/stm32cubeide_1.9.0/stm32cubeide/plugins/com.st.stm32cube.ide.mcu.externaltools.gnu-tools-for-stm32.10.3-2021.10.win32_1.0.0.202111181127/tools/bin/../lib/gcc/arm-none-eabi/10.3.1/thumb/v7e-m+fp/hard\libgcc.a(_arm_addsubdf3.o)
                0x00000000080001c8                __aeabi_drsub
                0x00000000080001d0                __aeabi_dsub
                0x00000000080001d0                __subdf3
                0x00000000080001d4                __aeabi_dadd
                0x00000000080001d4                __adddf3
                0x000000000800044c                __floatunsidf
                0x000000000800044c                __aeabi_ui2d
                0x000000000800046c                __floatsidf
                0x000000000800046c                __aeabi_i2d
                0x0000000008000490                __aeabi_f2d
                0x0000000008000490                __extendsfdf2
                0x00000000080004d4                __floatundidf
                0x00000000080004d4                __aeabi_ul2d
                0x00000000080004e4                __floatdidf
                0x00000000080004e4                __aeabi_l2d
 .text          0x0000000008000540      0x424 c:/st/stm32cubeide_1.9.0/stm32cubeide/plugins/com.st.stm32cube.ide.mcu.externaltools.gnu-tools-for-stm32.10.3-2021.10.win32_1.0.0.202111181127/tools/bin/../lib/gcc/arm-none-eabi/10.3.1/thumb/v7e-m+fp/hard\libgcc.a(_arm_muldivdf3.o)
                0x0000000008000540                __aeabi_dmul
                0x0000000008000540                __muldf3
                0x0000000008000794                __divdf3
                0x0000000008000794                __aeabi_ddiv
 .text          0x0000000008000964      0x110 c:/st/stm32cubeide_1.9.0/stm32cubeide/plugins/com.st.stm32cube.ide.mcu.externaltools.gnu-tools-for-stm32.10.3-2021.10.win32_1.0.0.202111181127/tools/bin/../lib/gcc/arm-none-eabi/10.3.1/thumb/v7e-m+fp/hard\libgcc.a(_arm_cmpdf2.o)
                0x0000000008000964                __gtdf2
                0x0000000008000964                __gedf2
                0x000000000800096c                __ltdf2
                0x000000000800096c                __ledf2
                0x0000000008000974                __nedf2
                0x0000000008000974                __eqdf2
                0x0000000008000974                __cmpdf2
                0x00000000080009f0                __aeabi_cdrcmple
                0x0000000008000a00                __aeabi_cdcmpeq
                0x0000000008000a00                __aeabi_cdcmple
                0x0000000008000a10                __aeabi_dcmpeq
                0x0000000008000a24                __aeabi_dcmplt
                0x0000000008000a38                __aeabi_dcmple
                0x0000000008000a4c                __aeabi_dcmpge
                0x0000000008000a60                __aeabi_dcmpgt
 .text          0x0000000008000a74       0x2c c:/st/stm32cubeide_1.9.0/stm32cubeide/plugins/com.st.stm32cube.ide.mcu.externaltools.gnu-tools-for-stm32.10.3-2021.10.win32_1.0.0.202111181127/tools/bin/../lib/gcc/arm-none-eabi/10.3.1/thumb/v7e-m+fp/hard\libgcc.a(_arm_unorddf2.o)
                0x0000000008000a74                __unorddf2
                0x0000000008000a74                __aeabi_dcmpun
 .text          0x0000000008000aa0       0x50 c:/st/stm32cubeide_1.9.0/stm32cubeide/plugins/com.st.stm32cube.ide.mcu.externaltools.gnu-tools-for-stm32.10.3-2021.10.win32_1.0.0.202111181127/tools/bin/../lib/gcc/arm-none-eabi/10.3.1/thumb/v7e-m+fp/hard\libgcc.a(_arm_fixdfsi.o)
                0x0000000008000aa0                __aeabi_d2iz
                0x0000000008000aa0                __fixdfsi
 .text          0x0000000008000af0       0x40 c:/st/stm32cubeide_1.9.0/stm32cubeide/plugins/com.st.stm32cube.ide.mcu.externaltools.gnu-tools-for-stm32.10.3-2021.10.win32_1.0.0.202111181127/tools/bin/../lib/gcc/arm-none-eabi/10.3.1/thumb/v7e-m+fp/hard\libgcc.a(_arm_fixunsdfsi.o)
                0x0000000008000af0                __aeabi_d2uiz
                0x0000000008000af0                __fixunsdfsi
 .text          0x0000000008000b30       0xa0 c:/st/stm32cubeide_1.9.0/stm32cubeide/plugins/com.st.stm32cube.ide.mcu.externaltools.gnu-tools-for-stm32.10.3-2021.10.win32_1.0.0.202111181127/tools/bin/../lib/gcc/arm-none-eabi/10.3.1/thumb/v7e-m+fp/hard\libgcc.a(_arm_truncdfsf2.o)
                0x0000000008000b30                __truncdfsf2
                0x0000000008000b30                __aeabi_d2f
 .text          0x0000000008000bd0      0x21c c:/st/stm32cubeide_1.9.0/stm32cubeide/plugins/com.st.stm32cube.ide.mcu.externaltools.gnu-tools-for-stm32.10.3-2021.10.win32_1.0.0.202111181127/tools/bin/../lib/gcc/arm-none-eabi/10.3.1/thumb/v7e-m+fp/hard\libgcc.a(_arm_addsubsf3.o)
                0x0000000008000bd0                __aeabi_frsub
                0x0000000008000bd8                __subsf3
                0x0000000008000bd8                __aeabi_fsub
                0x0000000008000bdc                __aeabi_fadd
                0x0000000008000bdc                __addsf3
                0x0000000008000d3c                __aeabi_ui2f
                0x0000000008000d3c                __floatunsisf
                0x0000000008000d44                __aeabi_i2f
                0x0000000008000d44                __floatsisf
                0x0000000008000d60                __aeabi_ul2f
                0x0000000008000d60                __floatundisf
                0x0000000008000d70                __aeabi_l2f
                0x0000000008000d70                __floatdisf
 .text          0x0000000008000dec       0xa0 c:/st/stm32cubeide_1.9.0/stm32cubeide/plugins/com.st.stm32cube.ide.mcu.externaltools.gnu-tools-for-stm32.10.3-2021.10.win32_1.0.0.202111181127/tools/bin/../lib/gcc/arm-none-eabi/10.3.1/thumb/v7e-m+fp/hard\libgcc.a(_aeabi_ldivmod.o)
                0x0000000008000dec                __aeabi_ldivmod
 .text          0x0000000008000e8c       0x30 c:/st/stm32cubeide_1.9.0/stm32cubeide/plugins/com.st.stm32cube.ide.mcu.externaltools.gnu-tools-for-stm32.10.3-2021.10.win32_1.0.0.202111181127/tools/bin/../lib/gcc/arm-none-eabi/10.3.1/thumb/v7e-m+fp/hard\libgcc.a(_aeabi_uldivmod.o)
                0x0000000008000e8c                __aeabi_uldivmod
 .text          0x0000000008000ebc      0x2d0 c:/st/stm32cubeide_1.9.0/stm32cubeide/plugins/com.st.stm32cube.ide.mcu.externaltools.gnu-tools-for-stm32.10.3-2021.10.win32_1.0.0.202111181127/tools/bin/../lib/gcc/arm-none-eabi/10.3.1/thumb/v7e-m+fp/hard\libgcc.a(_udivmoddi4.o)
                0x0000000008000ebc                __udivmoddi4
 .text          0x000000000800118c        0x4 c:/st/stm32cubeide_1.9.0/stm32cubeide/plugins/com.st.stm32cube.ide.mcu.externaltools.gnu-tools-for-stm32.10.3-2021.10.win32_1.0.0.202111181127/tools/bin/../lib/gcc/arm-none-eabi/10.3.1/thumb/v7e-m+fp/hard\libgcc.a(_dvmd_tls.o)
                0x000000000800118c                __aeabi_idiv0
                0x000000000800118c                __aeabi_ldiv0
 *(.text*)
 .text.HTS221_RegisterBusIO
                0x0000000008001190       0x8c ./Drivers/BSP/Components/hts221.o
                0x0000000008001190                HTS221_RegisterBusIO
 .text.HTS221_Init
                0x000000000800121c       0x36 ./Drivers/BSP/Components/hts221.o
                0x000000000800121c                HTS221_Init
 .text.HTS221_DeInit
                0x0000000008001252       0x48 ./Drivers/BSP/Components/hts221.o
                0x0000000008001252                HTS221_DeInit
 .text.HTS221_ReadID
                0x000000000800129a       0x2c ./Drivers/BSP/Components/hts221.o
                0x000000000800129a                HTS221_ReadID
 *fill*         0x00000000080012c6        0x2 
 .text.HTS221_GetCapabilities
                0x00000000080012c8       0x48 ./Drivers/BSP/Components/hts221.o
                0x00000000080012c8                HTS221_GetCapabilities
 .text.HTS221_HUM_Enable
                0x0000000008001310       0x4a ./Drivers/BSP/Components/hts221.o
                0x0000000008001310                HTS221_HUM_Enable
 .text.HTS221_HUM_Disable
                0x000000000800135a       0x4a ./Drivers/BSP/Components/hts221.o
                0x000000000800135a                HTS221_HUM_Disable
 .text.HTS221_HUM_GetOutputDataRate
                0x00000000080013a4       0x1c ./Drivers/BSP/Components/hts221.o
                0x00000000080013a4                HTS221_HUM_GetOutputDataRate
 .text.HTS221_HUM_SetOutputDataRate
                0x00000000080013c0       0x20 ./Drivers/BSP/Components/hts221.o
                0x00000000080013c0                HTS221_HUM_SetOutputDataRate
 .text.HTS221_HUM_GetHumidity
                0x00000000080013e0      0x110 ./Drivers/BSP/Components/hts221.o
                0x00000000080013e0                HTS221_HUM_GetHumidity
 .text.HTS221_TEMP_Enable
                0x00000000080014f0       0x4a ./Drivers/BSP/Components/hts221.o
                0x00000000080014f0                HTS221_TEMP_Enable
 .text.HTS221_TEMP_Disable
                0x000000000800153a       0x4a ./Drivers/BSP/Components/hts221.o
                0x000000000800153a                HTS221_TEMP_Disable
 .text.HTS221_TEMP_GetOutputDataRate
                0x0000000008001584       0x1c ./Drivers/BSP/Components/hts221.o
                0x0000000008001584                HTS221_TEMP_GetOutputDataRate
 .text.HTS221_TEMP_SetOutputDataRate
                0x00000000080015a0       0x20 ./Drivers/BSP/Components/hts221.o
                0x00000000080015a0                HTS221_TEMP_SetOutputDataRate
 .text.HTS221_TEMP_GetTemperature
                0x00000000080015c0       0xd4 ./Drivers/BSP/Components/hts221.o
                0x00000000080015c0                HTS221_TEMP_GetTemperature
 .text.HTS221_GetOutputDataRate
                0x0000000008001694       0x88 ./Drivers/BSP/Components/hts221.o
 .text.HTS221_SetOutputDataRate
                0x000000000800171c       0x60 ./Drivers/BSP/Components/hts221.o
 .text.HTS221_Initialize
                0x000000000800177c       0x58 ./Drivers/BSP/Components/hts221.o
 .text.Linear_Interpolation
                0x00000000080017d4       0x72 ./Drivers/BSP/Components/hts221.o
 .text.ReadRegWrap
                0x0000000008001846       0x62 ./Drivers/BSP/Components/hts221.o
 .text.WriteRegWrap
                0x00000000080018a8       0x62 ./Drivers/BSP/Components/hts221.o
 .text.hts221_read_reg
                0x000000000800190a       0x30 ./Drivers/BSP/Components/hts221_reg.o
                0x000000000800190a                hts221_read_reg
 .text.hts221_write_reg
                0x000000000800193a       0x30 ./Drivers/BSP/Components/hts221_reg.o
                0x000000000800193a                hts221_write_reg
 .text.hts221_data_rate_set
                0x000000000800196a       0x4c ./Drivers/BSP/Components/hts221_reg.o
                0x000000000800196a                hts221_data_rate_set
 *fill*         0x00000000080019b6        0x2 
 .text.hts221_data_rate_get
                0x00000000080019b8       0x70 ./Drivers/BSP/Components/hts221_reg.o
                0x00000000080019b8                hts221_data_rate_get
 .text.hts221_block_data_update_set
                0x0000000008001a28       0x4c ./Drivers/BSP/Components/hts221_reg.o
                0x0000000008001a28                hts221_block_data_update_set
 .text.hts221_humidity_raw_get
                0x0000000008001a74       0x46 ./Drivers/BSP/Components/hts221_reg.o
                0x0000000008001a74                hts221_humidity_raw_get
 .text.hts221_temperature_raw_get
                0x0000000008001aba       0x46 ./Drivers/BSP/Components/hts221_reg.o
                0x0000000008001aba                hts221_temperature_raw_get
 .text.hts221_device_id_get
                0x0000000008001b00       0x22 ./Drivers/BSP/Components/hts221_reg.o
                0x0000000008001b00                hts221_device_id_get
 .text.hts221_power_on_set
                0x0000000008001b22       0x4c ./Drivers/BSP/Components/hts221_reg.o
                0x0000000008001b22                hts221_power_on_set
 .text.hts221_hum_rh_point_0_get
                0x0000000008001b6e       0x3c ./Drivers/BSP/Components/hts221_reg.o
                0x0000000008001b6e                hts221_hum_rh_point_0_get
 .text.hts221_hum_rh_point_1_get
                0x0000000008001baa       0x3c ./Drivers/BSP/Components/hts221_reg.o
                0x0000000008001baa                hts221_hum_rh_point_1_get
 .text.hts221_temp_deg_point_0_get
                0x0000000008001be6       0x62 ./Drivers/BSP/Components/hts221_reg.o
                0x0000000008001be6                hts221_temp_deg_point_0_get
 .text.hts221_temp_deg_point_1_get
                0x0000000008001c48       0x62 ./Drivers/BSP/Components/hts221_reg.o
                0x0000000008001c48                hts221_temp_deg_point_1_get
 .text.hts221_hum_adc_point_0_get
                0x0000000008001caa       0x48 ./Drivers/BSP/Components/hts221_reg.o
                0x0000000008001caa                hts221_hum_adc_point_0_get
 .text.hts221_hum_adc_point_1_get
                0x0000000008001cf2       0x48 ./Drivers/BSP/Components/hts221_reg.o
                0x0000000008001cf2                hts221_hum_adc_point_1_get
 .text.hts221_temp_adc_point_0_get
                0x0000000008001d3a       0x48 ./Drivers/BSP/Components/hts221_reg.o
                0x0000000008001d3a                hts221_temp_adc_point_0_get
 .text.hts221_temp_adc_point_1_get
                0x0000000008001d82       0x48 ./Drivers/BSP/Components/hts221_reg.o
                0x0000000008001d82                hts221_temp_adc_point_1_get
 *fill*         0x0000000008001dca        0x2 
 .text.LIS2DW12_RegisterBusIO
                0x0000000008001dcc       0xcc ./Drivers/BSP/Components/lis2dw12.o
                0x0000000008001dcc                LIS2DW12_RegisterBusIO
 .text.LIS2DW12_Init
                0x0000000008001e98       0xc4 ./Drivers/BSP/Components/lis2dw12.o
                0x0000000008001e98                LIS2DW12_Init
 .text.LIS2DW12_DeInit
                0x0000000008001f5c       0x44 ./Drivers/BSP/Components/lis2dw12.o
                0x0000000008001f5c                LIS2DW12_DeInit
 .text.LIS2DW12_ReadID
                0x0000000008001fa0       0x2c ./Drivers/BSP/Components/lis2dw12.o
                0x0000000008001fa0                LIS2DW12_ReadID
 .text.LIS2DW12_GetCapabilities
                0x0000000008001fcc       0x5c ./Drivers/BSP/Components/lis2dw12.o
                0x0000000008001fcc                LIS2DW12_GetCapabilities
 .text.LIS2DW12_ACC_Enable
                0x0000000008002028       0x52 ./Drivers/BSP/Components/lis2dw12.o
                0x0000000008002028                LIS2DW12_ACC_Enable
 .text.LIS2DW12_ACC_Disable
                0x000000000800207a       0x40 ./Drivers/BSP/Components/lis2dw12.o
                0x000000000800207a                LIS2DW12_ACC_Disable
 *fill*         0x00000000080020ba        0x2 
 .text.LIS2DW12_ACC_GetSensitivity
                0x00000000080020bc      0x190 ./Drivers/BSP/Components/lis2dw12.o
                0x00000000080020bc                LIS2DW12_ACC_GetSensitivity
 .text.LIS2DW12_ACC_GetOutputDataRate
                0x000000000800224c      0x404 ./Drivers/BSP/Components/lis2dw12.o
                0x000000000800224c                LIS2DW12_ACC_GetOutputDataRate
 .text.LIS2DW12_ACC_SetOutputDataRate
                0x0000000008002650       0x24 ./Drivers/BSP/Components/lis2dw12.o
                0x0000000008002650                LIS2DW12_ACC_SetOutputDataRate
 .text.LIS2DW12_ACC_SetOutputDataRate_With_Mode
                0x0000000008002674       0x4c ./Drivers/BSP/Components/lis2dw12.o
                0x0000000008002674                LIS2DW12_ACC_SetOutputDataRate_With_Mode
 .text.LIS2DW12_ACC_GetFullScale
                0x00000000080026c0       0x84 ./Drivers/BSP/Components/lis2dw12.o
                0x00000000080026c0                LIS2DW12_ACC_GetFullScale
 .text.LIS2DW12_ACC_SetFullScale
                0x0000000008002744       0x50 ./Drivers/BSP/Components/lis2dw12.o
                0x0000000008002744                LIS2DW12_ACC_SetFullScale
 .text.LIS2DW12_ACC_GetAxesRaw
                0x0000000008002794      0x148 ./Drivers/BSP/Components/lis2dw12.o
                0x0000000008002794                LIS2DW12_ACC_GetAxesRaw
 .text.LIS2DW12_ACC_GetAxes
                0x00000000080028dc       0xaa ./Drivers/BSP/Components/lis2dw12.o
                0x00000000080028dc                LIS2DW12_ACC_GetAxes
 .text.LIS2DW12_Write_Reg
                0x0000000008002986       0x36 ./Drivers/BSP/Components/lis2dw12.o
                0x0000000008002986                LIS2DW12_Write_Reg
 .text.LIS2DW12_ACC_SetOutputDataRate_When_Enabled
                0x00000000080029bc      0x238 ./Drivers/BSP/Components/lis2dw12.o
 .text.LIS2DW12_ACC_SetOutputDataRate_When_Disabled
                0x0000000008002bf4      0x124 ./Drivers/BSP/Components/lis2dw12.o
 .text.ReadRegWrap
                0x0000000008002d18       0x36 ./Drivers/BSP/Components/lis2dw12.o
 .text.WriteRegWrap
                0x0000000008002d4e       0x36 ./Drivers/BSP/Components/lis2dw12.o
 .text.lis2dw12_read_reg
                0x0000000008002d84       0x30 ./Drivers/BSP/Components/lis2dw12_reg.o
                0x0000000008002d84                lis2dw12_read_reg
 .text.lis2dw12_write_reg
                0x0000000008002db4       0x30 ./Drivers/BSP/Components/lis2dw12_reg.o
                0x0000000008002db4                lis2dw12_write_reg
 .text.lis2dw12_power_mode_set
                0x0000000008002de4       0x9c ./Drivers/BSP/Components/lis2dw12_reg.o
                0x0000000008002de4                lis2dw12_power_mode_set
 .text.lis2dw12_power_mode_get
                0x0000000008002e80      0x174 ./Drivers/BSP/Components/lis2dw12_reg.o
                0x0000000008002e80                lis2dw12_power_mode_get
 .text.lis2dw12_data_rate_set
                0x0000000008002ff4       0x8a ./Drivers/BSP/Components/lis2dw12_reg.o
                0x0000000008002ff4                lis2dw12_data_rate_set
 *fill*         0x000000000800307e        0x2 
 .text.lis2dw12_data_rate_get
                0x0000000008003080      0x194 ./Drivers/BSP/Components/lis2dw12_reg.o
                0x0000000008003080                lis2dw12_data_rate_get
 .text.lis2dw12_block_data_update_set
                0x0000000008003214       0x4c ./Drivers/BSP/Components/lis2dw12_reg.o
                0x0000000008003214                lis2dw12_block_data_update_set
 .text.lis2dw12_full_scale_set
                0x0000000008003260       0x4c ./Drivers/BSP/Components/lis2dw12_reg.o
                0x0000000008003260                lis2dw12_full_scale_set
 .text.lis2dw12_full_scale_get
                0x00000000080032ac       0x70 ./Drivers/BSP/Components/lis2dw12_reg.o
                0x00000000080032ac                lis2dw12_full_scale_get
 .text.lis2dw12_acceleration_raw_get
                0x000000000800331c       0x96 ./Drivers/BSP/Components/lis2dw12_reg.o
                0x000000000800331c                lis2dw12_acceleration_raw_get
 .text.lis2dw12_device_id_get
                0x00000000080033b2       0x22 ./Drivers/BSP/Components/lis2dw12_reg.o
                0x00000000080033b2                lis2dw12_device_id_get
 .text.lis2dw12_auto_increment_set
                0x00000000080033d4       0x4c ./Drivers/BSP/Components/lis2dw12_reg.o
                0x00000000080033d4                lis2dw12_auto_increment_set
 .text.lis2dw12_fifo_mode_set
                0x0000000008003420       0x4c ./Drivers/BSP/Components/lis2dw12_reg.o
                0x0000000008003420                lis2dw12_fifo_mode_set
 .text.LIS2MDL_RegisterBusIO
                0x000000000800346c       0xf8 ./Drivers/BSP/Components/lis2mdl.o
                0x000000000800346c                LIS2MDL_RegisterBusIO
 .text.LIS2MDL_Init
                0x0000000008003564      0x10c ./Drivers/BSP/Components/lis2mdl.o
                0x0000000008003564                LIS2MDL_Init
 .text.LIS2MDL_DeInit
                0x0000000008003670       0x2c ./Drivers/BSP/Components/lis2mdl.o
                0x0000000008003670                LIS2MDL_DeInit
 .text.LIS2MDL_ReadID
                0x000000000800369c       0x4c ./Drivers/BSP/Components/lis2mdl.o
                0x000000000800369c                LIS2MDL_ReadID
 .text.LIS2MDL_GetCapabilities
                0x00000000080036e8       0x5c ./Drivers/BSP/Components/lis2mdl.o
                0x00000000080036e8                LIS2MDL_GetCapabilities
 .text.LIS2MDL_MAG_Enable
                0x0000000008003744       0x84 ./Drivers/BSP/Components/lis2mdl.o
                0x0000000008003744                LIS2MDL_MAG_Enable
 .text.LIS2MDL_MAG_Disable
                0x00000000080037c8       0x86 ./Drivers/BSP/Components/lis2mdl.o
                0x00000000080037c8                LIS2MDL_MAG_Disable
 .text.LIS2MDL_MAG_GetSensitivity
                0x000000000800384e       0x20 ./Drivers/BSP/Components/lis2mdl.o
                0x000000000800384e                LIS2MDL_MAG_GetSensitivity
 *fill*         0x000000000800386e        0x2 
 .text.LIS2MDL_MAG_GetOutputDataRate
                0x0000000008003870       0x8c ./Drivers/BSP/Components/lis2mdl.o
                0x0000000008003870                LIS2MDL_MAG_GetOutputDataRate
 .text.LIS2MDL_MAG_SetOutputDataRate
                0x00000000080038fc       0xc8 ./Drivers/BSP/Components/lis2mdl.o
                0x00000000080038fc                LIS2MDL_MAG_SetOutputDataRate
 .text.LIS2MDL_MAG_GetFullScale
                0x00000000080039c4       0x1e ./Drivers/BSP/Components/lis2mdl.o
                0x00000000080039c4                LIS2MDL_MAG_GetFullScale
 .text.LIS2MDL_MAG_SetFullScale
                0x00000000080039e2       0x18 ./Drivers/BSP/Components/lis2mdl.o
                0x00000000080039e2                LIS2MDL_MAG_SetFullScale
 .text.LIS2MDL_MAG_GetAxesRaw
                0x00000000080039fa       0x48 ./Drivers/BSP/Components/lis2mdl.o
                0x00000000080039fa                LIS2MDL_MAG_GetAxesRaw
 .text.LIS2MDL_MAG_GetAxes
                0x0000000008003a42      0x114 ./Drivers/BSP/Components/lis2mdl.o
                0x0000000008003a42                LIS2MDL_MAG_GetAxes
 .text.LIS2MDL_Write_Reg
                0x0000000008003b56       0x56 ./Drivers/BSP/Components/lis2mdl.o
                0x0000000008003b56                LIS2MDL_Write_Reg
 .text.ReadMagRegWrap
                0x0000000008003bac       0x82 ./Drivers/BSP/Components/lis2mdl.o
 .text.WriteMagRegWrap
                0x0000000008003c2e       0x82 ./Drivers/BSP/Components/lis2mdl.o
 .text.LSM6DSOX_SENSORHUB_LIS2MDL_ReadShData
                0x0000000008003cb0      0x27e ./Drivers/BSP/Components/lis2mdl.o
 .text.LSM6DSOX_SENSORHUB_LIS2MDL_WriteShData
                0x0000000008003f2e      0x23c ./Drivers/BSP/Components/lis2mdl.o
 .text.lis2mdl_read_reg
                0x000000000800416a       0x30 ./Drivers/BSP/Components/lis2mdl_reg.o
                0x000000000800416a                lis2mdl_read_reg
 .text.lis2mdl_write_reg
                0x000000000800419a       0x30 ./Drivers/BSP/Components/lis2mdl_reg.o
                0x000000000800419a                lis2mdl_write_reg
 .text.lis2mdl_operating_mode_set
                0x00000000080041ca       0x4c ./Drivers/BSP/Components/lis2mdl_reg.o
                0x00000000080041ca                lis2mdl_operating_mode_set
 .text.lis2mdl_data_rate_set
                0x0000000008004216       0x4c ./Drivers/BSP/Components/lis2mdl_reg.o
                0x0000000008004216                lis2mdl_data_rate_set
 *fill*         0x0000000008004262        0x2 
 .text.lis2mdl_data_rate_get
                0x0000000008004264       0x70 ./Drivers/BSP/Components/lis2mdl_reg.o
                0x0000000008004264                lis2mdl_data_rate_get
 .text.lis2mdl_block_data_update_set
                0x00000000080042d4       0x4c ./Drivers/BSP/Components/lis2mdl_reg.o
                0x00000000080042d4                lis2mdl_block_data_update_set
 .text.lis2mdl_magnetic_raw_get
                0x0000000008004320       0x96 ./Drivers/BSP/Components/lis2mdl_reg.o
                0x0000000008004320                lis2mdl_magnetic_raw_get
 .text.lis2mdl_device_id_get
                0x00000000080043b6       0x22 ./Drivers/BSP/Components/lis2mdl_reg.o
                0x00000000080043b6                lis2mdl_device_id_get
 .text.lis2mdl_self_test_set
                0x00000000080043d8       0x4c ./Drivers/BSP/Components/lis2mdl_reg.o
                0x00000000080043d8                lis2mdl_self_test_set
 .text.lis2mdl_i2c_interface_set
                0x0000000008004424       0x4c ./Drivers/BSP/Components/lis2mdl_reg.o
                0x0000000008004424                lis2mdl_i2c_interface_set
 .text.LPS22HH_RegisterBusIO
                0x0000000008004470       0xcc ./Drivers/BSP/Components/lps22hh.o
                0x0000000008004470                LPS22HH_RegisterBusIO
 .text.LPS22HH_Init
                0x000000000800453c       0x36 ./Drivers/BSP/Components/lps22hh.o
                0x000000000800453c                LPS22HH_Init
 .text.LPS22HH_DeInit
                0x0000000008004572       0x48 ./Drivers/BSP/Components/lps22hh.o
                0x0000000008004572                LPS22HH_DeInit
 .text.LPS22HH_ReadID
                0x00000000080045ba       0x2c ./Drivers/BSP/Components/lps22hh.o
                0x00000000080045ba                LPS22HH_ReadID
 *fill*         0x00000000080045e6        0x2 
 .text.LPS22HH_GetCapabilities
                0x00000000080045e8       0x48 ./Drivers/BSP/Components/lps22hh.o
                0x00000000080045e8                LPS22HH_GetCapabilities
 .text.LPS22HH_PRESS_Enable
                0x0000000008004630       0x48 ./Drivers/BSP/Components/lps22hh.o
                0x0000000008004630                LPS22HH_PRESS_Enable
 .text.LPS22HH_PRESS_Disable
                0x0000000008004678       0x68 ./Drivers/BSP/Components/lps22hh.o
                0x0000000008004678                LPS22HH_PRESS_Disable
 .text.LPS22HH_PRESS_GetOutputDataRate
                0x00000000080046e0       0x1c ./Drivers/BSP/Components/lps22hh.o
                0x00000000080046e0                LPS22HH_PRESS_GetOutputDataRate
 .text.LPS22HH_PRESS_SetOutputDataRate
                0x00000000080046fc       0x38 ./Drivers/BSP/Components/lps22hh.o
                0x00000000080046fc                LPS22HH_PRESS_SetOutputDataRate
 .text.LPS22HH_PRESS_GetPressure
                0x0000000008004734       0x50 ./Drivers/BSP/Components/lps22hh.o
                0x0000000008004734                LPS22HH_PRESS_GetPressure
 .text.LPS22HH_TEMP_Enable
                0x0000000008004784       0x48 ./Drivers/BSP/Components/lps22hh.o
                0x0000000008004784                LPS22HH_TEMP_Enable
 .text.LPS22HH_TEMP_Disable
                0x00000000080047cc       0x68 ./Drivers/BSP/Components/lps22hh.o
                0x00000000080047cc                LPS22HH_TEMP_Disable
 .text.LPS22HH_TEMP_GetOutputDataRate
                0x0000000008004834       0x1c ./Drivers/BSP/Components/lps22hh.o
                0x0000000008004834                LPS22HH_TEMP_GetOutputDataRate
 .text.LPS22HH_TEMP_SetOutputDataRate
                0x0000000008004850       0x38 ./Drivers/BSP/Components/lps22hh.o
                0x0000000008004850                LPS22HH_TEMP_SetOutputDataRate
 .text.LPS22HH_TEMP_GetTemperature
                0x0000000008004888       0x52 ./Drivers/BSP/Components/lps22hh.o
                0x0000000008004888                LPS22HH_TEMP_GetTemperature
 .text.LPS22HH_Write_Reg
                0x00000000080048da       0x36 ./Drivers/BSP/Components/lps22hh.o
                0x00000000080048da                LPS22HH_Write_Reg
 .text.LPS22HH_GetOutputDataRate
                0x0000000008004910       0xc8 ./Drivers/BSP/Components/lps22hh.o
 .text.LPS22HH_SetOutputDataRate_When_Enabled
                0x00000000080049d8       0xe4 ./Drivers/BSP/Components/lps22hh.o
 .text.LPS22HH_SetOutputDataRate_When_Disabled
                0x0000000008004abc       0xb4 ./Drivers/BSP/Components/lps22hh.o
 .text.LPS22HH_Initialize
                0x0000000008004b70       0x92 ./Drivers/BSP/Components/lps22hh.o
 .text.ReadRegWrap
                0x0000000008004c02       0x36 ./Drivers/BSP/Components/lps22hh.o
 .text.WriteRegWrap
                0x0000000008004c38       0x36 ./Drivers/BSP/Components/lps22hh.o
 .text.lps22hh_read_reg
                0x0000000008004c6e       0x30 ./Drivers/BSP/Components/lps22hh_reg.o
                0x0000000008004c6e                lps22hh_read_reg
 .text.lps22hh_write_reg
                0x0000000008004c9e       0x30 ./Drivers/BSP/Components/lps22hh_reg.o
                0x0000000008004c9e                lps22hh_write_reg
 *fill*         0x0000000008004cce        0x2 
 .text.lps22hh_from_lsb_to_hpa
                0x0000000008004cd0       0x30 ./Drivers/BSP/Components/lps22hh_reg.o
                0x0000000008004cd0                lps22hh_from_lsb_to_hpa
 .text.lps22hh_from_lsb_to_celsius
                0x0000000008004d00       0x34 ./Drivers/BSP/Components/lps22hh_reg.o
                0x0000000008004d00                lps22hh_from_lsb_to_celsius
 .text.lps22hh_block_data_update_set
                0x0000000008004d34       0x4c ./Drivers/BSP/Components/lps22hh_reg.o
                0x0000000008004d34                lps22hh_block_data_update_set
 .text.lps22hh_data_rate_set
                0x0000000008004d80       0x9c ./Drivers/BSP/Components/lps22hh_reg.o
                0x0000000008004d80                lps22hh_data_rate_set
 .text.lps22hh_data_rate_get
                0x0000000008004e1c      0x150 ./Drivers/BSP/Components/lps22hh_reg.o
                0x0000000008004e1c                lps22hh_data_rate_get
 .text.lps22hh_pressure_raw_get
                0x0000000008004f6c       0x52 ./Drivers/BSP/Components/lps22hh_reg.o
                0x0000000008004f6c                lps22hh_pressure_raw_get
 .text.lps22hh_temperature_raw_get
                0x0000000008004fbe       0x46 ./Drivers/BSP/Components/lps22hh_reg.o
                0x0000000008004fbe                lps22hh_temperature_raw_get
 .text.lps22hh_device_id_get
                0x0000000008005004       0x22 ./Drivers/BSP/Components/lps22hh_reg.o
                0x0000000008005004                lps22hh_device_id_get
 .text.lps22hh_auto_increment_set
                0x0000000008005026       0x4c ./Drivers/BSP/Components/lps22hh_reg.o
                0x0000000008005026                lps22hh_auto_increment_set
 .text.lps22hh_lp_bandwidth_set
                0x0000000008005072       0x4c ./Drivers/BSP/Components/lps22hh_reg.o
                0x0000000008005072                lps22hh_lp_bandwidth_set
 .text.lps22hh_i3c_interface_set
                0x00000000080050be       0x5e ./Drivers/BSP/Components/lps22hh_reg.o
                0x00000000080050be                lps22hh_i3c_interface_set
 .text.LSM6DSO_RegisterBusIO
                0x000000000800511c       0xcc ./Drivers/BSP/Components/lsm6dso.o
                0x000000000800511c                LSM6DSO_RegisterBusIO
 .text.LSM6DSO_Init
                0x00000000080051e8       0xea ./Drivers/BSP/Components/lsm6dso.o
                0x00000000080051e8                LSM6DSO_Init
 .text.LSM6DSO_DeInit
                0x00000000080052d2       0x4e ./Drivers/BSP/Components/lsm6dso.o
                0x00000000080052d2                LSM6DSO_DeInit
 .text.LSM6DSO_ReadID
                0x0000000008005320       0x2c ./Drivers/BSP/Components/lsm6dso.o
                0x0000000008005320                LSM6DSO_ReadID
 .text.LSM6DSO_GetCapabilities
                0x000000000800534c       0x5c ./Drivers/BSP/Components/lsm6dso.o
                0x000000000800534c                LSM6DSO_GetCapabilities
 .text.LSM6DSO_ACC_Enable
                0x00000000080053a8       0x48 ./Drivers/BSP/Components/lsm6dso.o
                0x00000000080053a8                LSM6DSO_ACC_Enable
 .text.LSM6DSO_ACC_Disable
                0x00000000080053f0       0x5e ./Drivers/BSP/Components/lsm6dso.o
                0x00000000080053f0                LSM6DSO_ACC_Disable
 *fill*         0x000000000800544e        0x2 
 .text.LSM6DSO_ACC_GetSensitivity
                0x0000000008005450       0x8c ./Drivers/BSP/Components/lsm6dso.o
                0x0000000008005450                LSM6DSO_ACC_GetSensitivity
 .text.LSM6DSO_ACC_GetOutputDataRate
                0x00000000080054dc      0x108 ./Drivers/BSP/Components/lsm6dso.o
                0x00000000080054dc                LSM6DSO_ACC_GetOutputDataRate
 .text.LSM6DSO_ACC_SetOutputDataRate
                0x00000000080055e4       0x22 ./Drivers/BSP/Components/lsm6dso.o
                0x00000000080055e4                LSM6DSO_ACC_SetOutputDataRate
 *fill*         0x0000000008005606        0x2 
 .text.LSM6DSO_ACC_SetOutputDataRate_With_Mode
                0x0000000008005608      0x33c ./Drivers/BSP/Components/lsm6dso.o
                0x0000000008005608                LSM6DSO_ACC_SetOutputDataRate_With_Mode
 .text.LSM6DSO_ACC_GetFullScale
                0x0000000008005944       0x7c ./Drivers/BSP/Components/lsm6dso.o
                0x0000000008005944                LSM6DSO_ACC_GetFullScale
 .text.LSM6DSO_ACC_SetFullScale
                0x00000000080059c0       0x50 ./Drivers/BSP/Components/lsm6dso.o
                0x00000000080059c0                LSM6DSO_ACC_SetFullScale
 .text.LSM6DSO_ACC_GetAxesRaw
                0x0000000008005a10       0x48 ./Drivers/BSP/Components/lsm6dso.o
                0x0000000008005a10                LSM6DSO_ACC_GetAxesRaw
 .text.LSM6DSO_ACC_GetAxes
                0x0000000008005a58       0xae ./Drivers/BSP/Components/lsm6dso.o
                0x0000000008005a58                LSM6DSO_ACC_GetAxes
 .text.LSM6DSO_GYRO_Enable
                0x0000000008005b06       0x48 ./Drivers/BSP/Components/lsm6dso.o
                0x0000000008005b06                LSM6DSO_GYRO_Enable
 .text.LSM6DSO_GYRO_Disable
                0x0000000008005b4e       0x5e ./Drivers/BSP/Components/lsm6dso.o
                0x0000000008005b4e                LSM6DSO_GYRO_Disable
 .text.LSM6DSO_GYRO_GetSensitivity
                0x0000000008005bac       0xa4 ./Drivers/BSP/Components/lsm6dso.o
                0x0000000008005bac                LSM6DSO_GYRO_GetSensitivity
 .text.LSM6DSO_GYRO_GetOutputDataRate
                0x0000000008005c50       0xf8 ./Drivers/BSP/Components/lsm6dso.o
                0x0000000008005c50                LSM6DSO_GYRO_GetOutputDataRate
 .text.LSM6DSO_GYRO_SetOutputDataRate
                0x0000000008005d48       0x22 ./Drivers/BSP/Components/lsm6dso.o
                0x0000000008005d48                LSM6DSO_GYRO_SetOutputDataRate
 *fill*         0x0000000008005d6a        0x2 
 .text.LSM6DSO_GYRO_SetOutputDataRate_With_Mode
                0x0000000008005d6c      0x12c ./Drivers/BSP/Components/lsm6dso.o
                0x0000000008005d6c                LSM6DSO_GYRO_SetOutputDataRate_With_Mode
 .text.LSM6DSO_GYRO_GetFullScale
                0x0000000008005e98       0x94 ./Drivers/BSP/Components/lsm6dso.o
                0x0000000008005e98                LSM6DSO_GYRO_GetFullScale
 .text.LSM6DSO_GYRO_SetFullScale
                0x0000000008005f2c       0x5e ./Drivers/BSP/Components/lsm6dso.o
                0x0000000008005f2c                LSM6DSO_GYRO_SetFullScale
 .text.LSM6DSO_GYRO_GetAxesRaw
                0x0000000008005f8a       0x48 ./Drivers/BSP/Components/lsm6dso.o
                0x0000000008005f8a                LSM6DSO_GYRO_GetAxesRaw
 .text.LSM6DSO_GYRO_GetAxes
                0x0000000008005fd2       0xa8 ./Drivers/BSP/Components/lsm6dso.o
                0x0000000008005fd2                LSM6DSO_GYRO_GetAxes
 .text.LSM6DSO_Write_Reg
                0x000000000800607a       0x36 ./Drivers/BSP/Components/lsm6dso.o
                0x000000000800607a                LSM6DSO_Write_Reg
 .text.LSM6DSO_ACC_SetOutputDataRate_When_Enabled
                0x00000000080060b0      0x130 ./Drivers/BSP/Components/lsm6dso.o
 .text.LSM6DSO_ACC_SetOutputDataRate_When_Disabled
                0x00000000080061e0      0x120 ./Drivers/BSP/Components/lsm6dso.o
 .text.LSM6DSO_GYRO_SetOutputDataRate_When_Enabled
                0x0000000008006300      0x118 ./Drivers/BSP/Components/lsm6dso.o
 .text.LSM6DSO_GYRO_SetOutputDataRate_When_Disabled
                0x0000000008006418      0x104 ./Drivers/BSP/Components/lsm6dso.o
 .text.ReadRegWrap
                0x000000000800651c       0x36 ./Drivers/BSP/Components/lsm6dso.o
 .text.WriteRegWrap
                0x0000000008006552       0x36 ./Drivers/BSP/Components/lsm6dso.o
 .text.lsm6dso_read_reg
                0x0000000008006588       0x30 ./Drivers/BSP/Components/lsm6dso_reg.o
                0x0000000008006588                lsm6dso_read_reg
 .text.lsm6dso_write_reg
                0x00000000080065b8       0x30 ./Drivers/BSP/Components/lsm6dso_reg.o
                0x00000000080065b8                lsm6dso_write_reg
 .text.lsm6dso_xl_full_scale_set
                0x00000000080065e8       0x4c ./Drivers/BSP/Components/lsm6dso_reg.o
                0x00000000080065e8                lsm6dso_xl_full_scale_set
 .text.lsm6dso_xl_full_scale_get
                0x0000000008006634       0x70 ./Drivers/BSP/Components/lsm6dso_reg.o
                0x0000000008006634                lsm6dso_xl_full_scale_get
 .text.lsm6dso_xl_data_rate_set
                0x00000000080066a4      0x1f8 ./Drivers/BSP/Components/lsm6dso_reg.o
                0x00000000080066a4                lsm6dso_xl_data_rate_set
 .text.lsm6dso_xl_data_rate_get
                0x000000000800689c       0xd0 ./Drivers/BSP/Components/lsm6dso_reg.o
                0x000000000800689c                lsm6dso_xl_data_rate_get
 .text.lsm6dso_gy_full_scale_set
                0x000000000800696c       0x4c ./Drivers/BSP/Components/lsm6dso_reg.o
                0x000000000800696c                lsm6dso_gy_full_scale_set
 .text.lsm6dso_gy_full_scale_get
                0x00000000080069b8       0x84 ./Drivers/BSP/Components/lsm6dso_reg.o
                0x00000000080069b8                lsm6dso_gy_full_scale_get
 .text.lsm6dso_gy_data_rate_set
                0x0000000008006a3c      0x1f8 ./Drivers/BSP/Components/lsm6dso_reg.o
                0x0000000008006a3c                lsm6dso_gy_data_rate_set
 .text.lsm6dso_gy_data_rate_get
                0x0000000008006c34       0xc4 ./Drivers/BSP/Components/lsm6dso_reg.o
                0x0000000008006c34                lsm6dso_gy_data_rate_get
 .text.lsm6dso_block_data_update_set
                0x0000000008006cf8       0x4c ./Drivers/BSP/Components/lsm6dso_reg.o
                0x0000000008006cf8                lsm6dso_block_data_update_set
 .text.lsm6dso_angular_rate_raw_get
                0x0000000008006d44       0x96 ./Drivers/BSP/Components/lsm6dso_reg.o
                0x0000000008006d44                lsm6dso_angular_rate_raw_get
 .text.lsm6dso_acceleration_raw_get
                0x0000000008006dda       0x96 ./Drivers/BSP/Components/lsm6dso_reg.o
                0x0000000008006dda                lsm6dso_acceleration_raw_get
 .text.lsm6dso_mem_bank_set
                0x0000000008006e70       0x4c ./Drivers/BSP/Components/lsm6dso_reg.o
                0x0000000008006e70                lsm6dso_mem_bank_set
 .text.lsm6dso_device_id_get
                0x0000000008006ebc       0x22 ./Drivers/BSP/Components/lsm6dso_reg.o
                0x0000000008006ebc                lsm6dso_device_id_get
 .text.lsm6dso_auto_increment_set
                0x0000000008006ede       0x4c ./Drivers/BSP/Components/lsm6dso_reg.o
                0x0000000008006ede                lsm6dso_auto_increment_set
 .text.lsm6dso_i3c_disable_set
                0x0000000008006f2a       0x8c ./Drivers/BSP/Components/lsm6dso_reg.o
                0x0000000008006f2a                lsm6dso_i3c_disable_set
 .text.lsm6dso_fifo_mode_set
                0x0000000008006fb6       0x4c ./Drivers/BSP/Components/lsm6dso_reg.o
                0x0000000008006fb6                lsm6dso_fifo_mode_set
 .text.lsm6dso_fsm_enable_get
                0x0000000008007002       0x42 ./Drivers/BSP/Components/lsm6dso_reg.o
                0x0000000008007002                lsm6dso_fsm_enable_get
 .text.lsm6dso_fsm_data_rate_get
                0x0000000008007044       0x90 ./Drivers/BSP/Components/lsm6dso_reg.o
                0x0000000008007044                lsm6dso_fsm_data_rate_get
 .text.STTS751_RegisterBusIO
                0x00000000080070d4       0x8c ./Drivers/BSP/Components/stts751.o
                0x00000000080070d4                STTS751_RegisterBusIO
 .text.STTS751_Init
                0x0000000008007160       0x74 ./Drivers/BSP/Components/stts751.o
                0x0000000008007160                STTS751_Init
 .text.STTS751_DeInit
                0x00000000080071d4       0x36 ./Drivers/BSP/Components/stts751.o
                0x00000000080071d4                STTS751_DeInit
 .text.STTS751_ReadID
                0x000000000800720a       0x36 ./Drivers/BSP/Components/stts751.o
                0x000000000800720a                STTS751_ReadID
 .text.STTS751_GetCapabilities
                0x0000000008007240       0x48 ./Drivers/BSP/Components/stts751.o
                0x0000000008007240                STTS751_GetCapabilities
 .text.STTS751_TEMP_Enable
                0x0000000008007288       0x44 ./Drivers/BSP/Components/stts751.o
                0x0000000008007288                STTS751_TEMP_Enable
 .text.STTS751_TEMP_Disable
                0x00000000080072cc       0x58 ./Drivers/BSP/Components/stts751.o
                0x00000000080072cc                STTS751_TEMP_Disable
 .text.STTS751_TEMP_GetOutputDataRate
                0x0000000008007324       0xf4 ./Drivers/BSP/Components/stts751.o
                0x0000000008007324                STTS751_TEMP_GetOutputDataRate
 .text.STTS751_TEMP_SetOutputDataRate
                0x0000000008007418      0x184 ./Drivers/BSP/Components/stts751.o
                0x0000000008007418                STTS751_TEMP_SetOutputDataRate
 .text.STTS751_TEMP_GetTemperature
                0x000000000800759c       0x44 ./Drivers/BSP/Components/stts751.o
                0x000000000800759c                STTS751_TEMP_GetTemperature
 .text.ReadRegWrap
                0x00000000080075e0       0x6e ./Drivers/BSP/Components/stts751.o
 .text.WriteRegWrap
                0x000000000800764e       0x6e ./Drivers/BSP/Components/stts751.o
 .text.stts751_read_reg
                0x00000000080076bc       0x30 ./Drivers/BSP/Components/stts751_reg.o
                0x00000000080076bc                stts751_read_reg
 .text.stts751_write_reg
                0x00000000080076ec       0x30 ./Drivers/BSP/Components/stts751_reg.o
                0x00000000080076ec                stts751_write_reg
 .text.stts751_from_lsb_to_celsius
                0x000000000800771c       0x34 ./Drivers/BSP/Components/stts751_reg.o
                0x000000000800771c                stts751_from_lsb_to_celsius
 .text.stts751_temp_data_rate_set
                0x0000000008007750       0xac ./Drivers/BSP/Components/stts751_reg.o
                0x0000000008007750                stts751_temp_data_rate_set
 .text.stts751_temp_data_rate_get
                0x00000000080077fc      0x100 ./Drivers/BSP/Components/stts751_reg.o
                0x00000000080077fc                stts751_temp_data_rate_get
 .text.stts751_resolution_set
                0x00000000080078fc       0x4c ./Drivers/BSP/Components/stts751_reg.o
                0x00000000080078fc                stts751_resolution_set
 .text.stts751_resolution_get
                0x0000000008007948       0x70 ./Drivers/BSP/Components/stts751_reg.o
                0x0000000008007948                stts751_resolution_get
 .text.stts751_temperature_raw_get
                0x00000000080079b8       0x5e ./Drivers/BSP/Components/stts751_reg.o
                0x00000000080079b8                stts751_temperature_raw_get
 .text.stts751_pin_event_route_set
                0x0000000008007a16       0x4c ./Drivers/BSP/Components/stts751_reg.o
                0x0000000008007a16                stts751_pin_event_route_set
 .text.stts751_device_id_get
                0x0000000008007a62       0x4e ./Drivers/BSP/Components/stts751_reg.o
                0x0000000008007a62                stts751_device_id_get
 .text.IKS01A3_ENV_SENSOR_Init
                0x0000000008007ab0      0x1f8 ./Drivers/BSP/IKS01A3/iks01a3_env_sensors.o
                0x0000000008007ab0                IKS01A3_ENV_SENSOR_Init
 .text.HTS221_0_Probe
                0x0000000008007ca8      0x174 ./Drivers/BSP/IKS01A3/iks01a3_env_sensors.o
 .text.LPS22HH_0_Probe
                0x0000000008007e1c      0x178 ./Drivers/BSP/IKS01A3/iks01a3_env_sensors.o
 .text.STTS751_0_Probe
                0x0000000008007f94      0x148 ./Drivers/BSP/IKS01A3/iks01a3_env_sensors.o
 .text.IKS01A3_MOTION_SENSOR_Init
                0x00000000080080dc      0x1f8 ./Drivers/BSP/IKS01A3/iks01a3_motion_sensors.o
                0x00000000080080dc                IKS01A3_MOTION_SENSOR_Init
 .text.IKS01A3_MOTION_SENSOR_GetAxes
                0x00000000080082d4       0x88 ./Drivers/BSP/IKS01A3/iks01a3_motion_sensors.o
                0x00000000080082d4                IKS01A3_MOTION_SENSOR_GetAxes
 .text.IKS01A3_MOTION_SENSOR_SetOutputDataRate
                0x000000000800835c       0x8c ./Drivers/BSP/IKS01A3/iks01a3_motion_sensors.o
                0x000000000800835c                IKS01A3_MOTION_SENSOR_SetOutputDataRate
 .text.IKS01A3_MOTION_SENSOR_SetFullScale
                0x00000000080083e8       0x88 ./Drivers/BSP/IKS01A3/iks01a3_motion_sensors.o
                0x00000000080083e8                IKS01A3_MOTION_SENSOR_SetFullScale
 .text.LSM6DSO_0_Probe
                0x0000000008008470      0x178 ./Drivers/BSP/IKS01A3/iks01a3_motion_sensors.o
 .text.LIS2DW12_0_Probe
                0x00000000080085e8      0x148 ./Drivers/BSP/IKS01A3/iks01a3_motion_sensors.o
 .text.LIS2MDL_0_Probe
                0x0000000008008730      0x148 ./Drivers/BSP/IKS01A3/iks01a3_motion_sensors.o
 .text.HAL_Init
                0x0000000008008878       0x40 ./Drivers/STM32L4xx_HAL_Driver/stm32l4xx_hal.o
                0x0000000008008878                HAL_Init
 .text.HAL_InitTick
                0x00000000080088b8       0x78 ./Drivers/STM32L4xx_HAL_Driver/stm32l4xx_hal.o
                0x00000000080088b8                HAL_InitTick
 .text.HAL_IncTick
                0x0000000008008930       0x28 ./Drivers/STM32L4xx_HAL_Driver/stm32l4xx_hal.o
                0x0000000008008930                HAL_IncTick
 .text.HAL_GetTick
                0x0000000008008958       0x18 ./Drivers/STM32L4xx_HAL_Driver/stm32l4xx_hal.o
                0x0000000008008958                HAL_GetTick
 .text.HAL_Delay
                0x0000000008008970       0x48 ./Drivers/STM32L4xx_HAL_Driver/stm32l4xx_hal.o
                0x0000000008008970                HAL_Delay
 .text.__NVIC_SetPriorityGrouping
                0x00000000080089b8       0x48 ./Drivers/STM32L4xx_HAL_Driver/stm32l4xx_hal_cortex.o
 .text.__NVIC_GetPriorityGrouping
                0x0000000008008a00       0x1c ./Drivers/STM32L4xx_HAL_Driver/stm32l4xx_hal_cortex.o
 .text.__NVIC_EnableIRQ
                0x0000000008008a1c       0x3c ./Drivers/STM32L4xx_HAL_Driver/stm32l4xx_hal_cortex.o
 .text.__NVIC_SetPriority
                0x0000000008008a58       0x54 ./Drivers/STM32L4xx_HAL_Driver/stm32l4xx_hal_cortex.o
 .text.NVIC_EncodePriority
                0x0000000008008aac       0x66 ./Drivers/STM32L4xx_HAL_Driver/stm32l4xx_hal_cortex.o
 *fill*         0x0000000008008b12        0x2 
 .text.SysTick_Config
                0x0000000008008b14       0x44 ./Drivers/STM32L4xx_HAL_Driver/stm32l4xx_hal_cortex.o
 .text.HAL_NVIC_SetPriorityGrouping
                0x0000000008008b58       0x16 ./Drivers/STM32L4xx_HAL_Driver/stm32l4xx_hal_cortex.o
                0x0000000008008b58                HAL_NVIC_SetPriorityGrouping
 .text.HAL_NVIC_SetPriority
                0x0000000008008b6e       0x38 ./Drivers/STM32L4xx_HAL_Driver/stm32l4xx_hal_cortex.o
                0x0000000008008b6e                HAL_NVIC_SetPriority
 .text.HAL_NVIC_EnableIRQ
                0x0000000008008ba6       0x1c ./Drivers/STM32L4xx_HAL_Driver/stm32l4xx_hal_cortex.o
                0x0000000008008ba6                HAL_NVIC_EnableIRQ
 .text.HAL_SYSTICK_Config
                0x0000000008008bc2       0x18 ./Drivers/STM32L4xx_HAL_Driver/stm32l4xx_hal_cortex.o
                0x0000000008008bc2                HAL_SYSTICK_Config
 *fill*         0x0000000008008bda        0x2 
 .text.HAL_CRC_Init
                0x0000000008008bdc       0xc8 ./Drivers/STM32L4xx_HAL_Driver/stm32l4xx_hal_crc.o
                0x0000000008008bdc                HAL_CRC_Init
 .text.HAL_CRCEx_Polynomial_Set
                0x0000000008008ca4      0x10c ./Drivers/STM32L4xx_HAL_Driver/stm32l4xx_hal_crc_ex.o
                0x0000000008008ca4                HAL_CRCEx_Polynomial_Set
 .text.HAL_DMA_Init
                0x0000000008008db0      0x170 ./Drivers/STM32L4xx_HAL_Driver/stm32l4xx_hal_dma.o
                0x0000000008008db0                HAL_DMA_Init
 .text.HAL_DMA_Start_IT
                0x0000000008008f20       0xc0 ./Drivers/STM32L4xx_HAL_Driver/stm32l4xx_hal_dma.o
                0x0000000008008f20                HAL_DMA_Start_IT
 .text.HAL_DMA_IRQHandler
                0x0000000008008fe0      0x15e ./Drivers/STM32L4xx_HAL_Driver/stm32l4xx_hal_dma.o
                0x0000000008008fe0                HAL_DMA_IRQHandler
 .text.DMA_SetConfig
                0x000000000800913e       0x60 ./Drivers/STM32L4xx_HAL_Driver/stm32l4xx_hal_dma.o
 *fill*         0x000000000800919e        0x2 
 .text.HAL_GPIO_Init
                0x00000000080091a0      0x354 ./Drivers/STM32L4xx_HAL_Driver/stm32l4xx_hal_gpio.o
                0x00000000080091a0                HAL_GPIO_Init
 .text.HAL_GPIO_DeInit
                0x00000000080094f4      0x1e8 ./Drivers/STM32L4xx_HAL_Driver/stm32l4xx_hal_gpio.o
                0x00000000080094f4                HAL_GPIO_DeInit
 .text.HAL_GPIO_WritePin
                0x00000000080096dc       0x30 ./Drivers/STM32L4xx_HAL_Driver/stm32l4xx_hal_gpio.o
                0x00000000080096dc                HAL_GPIO_WritePin
 .text.HAL_GPIO_EXTI_IRQHandler
                0x000000000800970c       0x30 ./Drivers/STM32L4xx_HAL_Driver/stm32l4xx_hal_gpio.o
                0x000000000800970c                HAL_GPIO_EXTI_IRQHandler
 .text.HAL_GPIO_EXTI_Callback
                0x000000000800973c       0x16 ./Drivers/STM32L4xx_HAL_Driver/stm32l4xx_hal_gpio.o
                0x000000000800973c                HAL_GPIO_EXTI_Callback
 .text.HAL_I2C_Init
                0x0000000008009752      0x11e ./Drivers/STM32L4xx_HAL_Driver/stm32l4xx_hal_i2c.o
                0x0000000008009752                HAL_I2C_Init
 .text.HAL_I2C_DeInit
                0x0000000008009870       0x5e ./Drivers/STM32L4xx_HAL_Driver/stm32l4xx_hal_i2c.o
                0x0000000008009870                HAL_I2C_DeInit
 .text.HAL_I2C_MspInit
                0x00000000080098ce       0x14 ./Drivers/STM32L4xx_HAL_Driver/stm32l4xx_hal_i2c.o
                0x00000000080098ce                HAL_I2C_MspInit
 .text.HAL_I2C_MspDeInit
                0x00000000080098e2       0x14 ./Drivers/STM32L4xx_HAL_Driver/stm32l4xx_hal_i2c.o
                0x00000000080098e2                HAL_I2C_MspDeInit
 *fill*         0x00000000080098f6        0x2 
 .text.HAL_I2C_Mem_Write
                0x00000000080098f8      0x228 ./Drivers/STM32L4xx_HAL_Driver/stm32l4xx_hal_i2c.o
                0x00000000080098f8                HAL_I2C_Mem_Write
 .text.HAL_I2C_Mem_Read
                0x0000000008009b20      0x234 ./Drivers/STM32L4xx_HAL_Driver/stm32l4xx_hal_i2c.o
                0x0000000008009b20                HAL_I2C_Mem_Read
 .text.HAL_I2C_GetState
                0x0000000008009d54       0x1c ./Drivers/STM32L4xx_HAL_Driver/stm32l4xx_hal_i2c.o
                0x0000000008009d54                HAL_I2C_GetState
 .text.HAL_I2C_GetError
                0x0000000008009d70       0x18 ./Drivers/STM32L4xx_HAL_Driver/stm32l4xx_hal_i2c.o
                0x0000000008009d70                HAL_I2C_GetError
 .text.I2C_RequestMemoryWrite
                0x0000000008009d88       0xa8 ./Drivers/STM32L4xx_HAL_Driver/stm32l4xx_hal_i2c.o
 .text.I2C_RequestMemoryRead
                0x0000000008009e30       0xa8 ./Drivers/STM32L4xx_HAL_Driver/stm32l4xx_hal_i2c.o
 .text.I2C_Flush_TXDR
                0x0000000008009ed8       0x48 ./Drivers/STM32L4xx_HAL_Driver/stm32l4xx_hal_i2c.o
 .text.I2C_WaitOnFlagUntilTimeout
                0x0000000008009f20       0x80 ./Drivers/STM32L4xx_HAL_Driver/stm32l4xx_hal_i2c.o
 .text.I2C_WaitOnTXISFlagUntilTimeout
                0x0000000008009fa0       0x80 ./Drivers/STM32L4xx_HAL_Driver/stm32l4xx_hal_i2c.o
 .text.I2C_WaitOnSTOPFlagUntilTimeout
                0x000000000800a020       0x78 ./Drivers/STM32L4xx_HAL_Driver/stm32l4xx_hal_i2c.o
 .text.I2C_IsErrorOccurred
                0x000000000800a098      0x1d8 ./Drivers/STM32L4xx_HAL_Driver/stm32l4xx_hal_i2c.o
 .text.I2C_TransferConfig
                0x000000000800a270       0x64 ./Drivers/STM32L4xx_HAL_Driver/stm32l4xx_hal_i2c.o
 .text.HAL_I2CEx_ConfigAnalogFilter
                0x000000000800a2d4       0x96 ./Drivers/STM32L4xx_HAL_Driver/stm32l4xx_hal_i2c_ex.o
                0x000000000800a2d4                HAL_I2CEx_ConfigAnalogFilter
 .text.HAL_I2CEx_ConfigDigitalFilter
                0x000000000800a36a       0x98 ./Drivers/STM32L4xx_HAL_Driver/stm32l4xx_hal_i2c_ex.o
                0x000000000800a36a                HAL_I2CEx_ConfigDigitalFilter
 *fill*         0x000000000800a402        0x2 
 .text.HAL_PWREx_GetVoltageRange
                0x000000000800a404       0x1c ./Drivers/STM32L4xx_HAL_Driver/stm32l4xx_hal_pwr_ex.o
                0x000000000800a404                HAL_PWREx_GetVoltageRange
 .text.HAL_PWREx_ControlVoltageScaling
                0x000000000800a420       0xac ./Drivers/STM32L4xx_HAL_Driver/stm32l4xx_hal_pwr_ex.o
                0x000000000800a420                HAL_PWREx_ControlVoltageScaling
 .text.HAL_RCC_OscConfig
                0x000000000800a4cc      0x7d0 ./Drivers/STM32L4xx_HAL_Driver/stm32l4xx_hal_rcc.o
                0x000000000800a4cc                HAL_RCC_OscConfig
 .text.HAL_RCC_ClockConfig
                0x000000000800ac9c      0x1c4 ./Drivers/STM32L4xx_HAL_Driver/stm32l4xx_hal_rcc.o
                0x000000000800ac9c                HAL_RCC_ClockConfig
 .text.HAL_RCC_GetSysClockFreq
                0x000000000800ae60      0x118 ./Drivers/STM32L4xx_HAL_Driver/stm32l4xx_hal_rcc.o
                0x000000000800ae60                HAL_RCC_GetSysClockFreq
 .text.HAL_RCC_GetHCLKFreq
                0x000000000800af78       0x18 ./Drivers/STM32L4xx_HAL_Driver/stm32l4xx_hal_rcc.o
                0x000000000800af78                HAL_RCC_GetHCLKFreq
 .text.HAL_RCC_GetPCLK1Freq
                0x000000000800af90       0x2c ./Drivers/STM32L4xx_HAL_Driver/stm32l4xx_hal_rcc.o
                0x000000000800af90                HAL_RCC_GetPCLK1Freq
 .text.HAL_RCC_GetPCLK2Freq
                0x000000000800afbc       0x2c ./Drivers/STM32L4xx_HAL_Driver/stm32l4xx_hal_rcc.o
                0x000000000800afbc                HAL_RCC_GetPCLK2Freq
 .text.RCC_SetFlashLatencyFromMSIRange
                0x000000000800afe8       0xc0 ./Drivers/STM32L4xx_HAL_Driver/stm32l4xx_hal_rcc.o
 .text.HAL_RCCEx_PeriphCLKConfig
                0x000000000800b0a8      0x5d4 ./Drivers/STM32L4xx_HAL_Driver/stm32l4xx_hal_rcc_ex.o
                0x000000000800b0a8                HAL_RCCEx_PeriphCLKConfig
 .text.RCCEx_PLLSAI1_Config
                0x000000000800b67c      0x1e8 ./Drivers/STM32L4xx_HAL_Driver/stm32l4xx_hal_rcc_ex.o
 .text.RCCEx_PLLSAI2_Config
                0x000000000800b864      0x1bc ./Drivers/STM32L4xx_HAL_Driver/stm32l4xx_hal_rcc_ex.o
 .text.HAL_RTC_Init
                0x000000000800ba20       0xf6 ./Drivers/STM32L4xx_HAL_Driver/stm32l4xx_hal_rtc.o
                0x000000000800ba20                HAL_RTC_Init
 .text.HAL_RTC_SetTime
                0x000000000800bb16      0x13a ./Drivers/STM32L4xx_HAL_Driver/stm32l4xx_hal_rtc.o
                0x000000000800bb16                HAL_RTC_SetTime
 .text.HAL_RTC_SetDate
                0x000000000800bc50      0x10e ./Drivers/STM32L4xx_HAL_Driver/stm32l4xx_hal_rtc.o
                0x000000000800bc50                HAL_RTC_SetDate
 .text.HAL_RTC_WaitForSynchro
                0x000000000800bd5e       0x4c ./Drivers/STM32L4xx_HAL_Driver/stm32l4xx_hal_rtc.o
                0x000000000800bd5e                HAL_RTC_WaitForSynchro
 .text.RTC_EnterInitMode
                0x000000000800bdaa       0x66 ./Drivers/STM32L4xx_HAL_Driver/stm32l4xx_hal_rtc.o
                0x000000000800bdaa                RTC_EnterInitMode
 .text.RTC_ExitInitMode
                0x000000000800be10       0x7c ./Drivers/STM32L4xx_HAL_Driver/stm32l4xx_hal_rtc.o
                0x000000000800be10                RTC_ExitInitMode
 .text.RTC_ByteToBcd2
                0x000000000800be8c       0x40 ./Drivers/STM32L4xx_HAL_Driver/stm32l4xx_hal_rtc.o
                0x000000000800be8c                RTC_ByteToBcd2
 .text.HAL_TIM_Base_Init
                0x000000000800becc       0xae ./Drivers/STM32L4xx_HAL_Driver/stm32l4xx_hal_tim.o
                0x000000000800becc                HAL_TIM_Base_Init
 *fill*         0x000000000800bf7a        0x2 
 .text.HAL_TIM_Base_Start_IT
                0x000000000800bf7c       0xe0 ./Drivers/STM32L4xx_HAL_Driver/stm32l4xx_hal_tim.o
                0x000000000800bf7c                HAL_TIM_Base_Start_IT
 .text.HAL_TIM_IRQHandler
                0x000000000800c05c      0x23e ./Drivers/STM32L4xx_HAL_Driver/stm32l4xx_hal_tim.o
                0x000000000800c05c                HAL_TIM_IRQHandler
 .text.HAL_TIM_ConfigClockSource
                0x000000000800c29a      0x192 ./Drivers/STM32L4xx_HAL_Driver/stm32l4xx_hal_tim.o
                0x000000000800c29a                HAL_TIM_ConfigClockSource
 .text.HAL_TIM_OC_DelayElapsedCallback
                0x000000000800c42c       0x14 ./Drivers/STM32L4xx_HAL_Driver/stm32l4xx_hal_tim.o
                0x000000000800c42c                HAL_TIM_OC_DelayElapsedCallback
 .text.HAL_TIM_IC_CaptureCallback
                0x000000000800c440       0x14 ./Drivers/STM32L4xx_HAL_Driver/stm32l4xx_hal_tim.o
                0x000000000800c440                HAL_TIM_IC_CaptureCallback
 .text.HAL_TIM_PWM_PulseFinishedCallback
                0x000000000800c454       0x14 ./Drivers/STM32L4xx_HAL_Driver/stm32l4xx_hal_tim.o
                0x000000000800c454                HAL_TIM_PWM_PulseFinishedCallback
 .text.HAL_TIM_TriggerCallback
                0x000000000800c468       0x14 ./Drivers/STM32L4xx_HAL_Driver/stm32l4xx_hal_tim.o
                0x000000000800c468                HAL_TIM_TriggerCallback
 .text.TIM_Base_SetConfig
                0x000000000800c47c      0x134 ./Drivers/STM32L4xx_HAL_Driver/stm32l4xx_hal_tim.o
                0x000000000800c47c                TIM_Base_SetConfig
 .text.TIM_TI1_ConfigInputStage
                0x000000000800c5b0       0x5e ./Drivers/STM32L4xx_HAL_Driver/stm32l4xx_hal_tim.o
 .text.TIM_TI2_ConfigInputStage
                0x000000000800c60e       0x60 ./Drivers/STM32L4xx_HAL_Driver/stm32l4xx_hal_tim.o
 .text.TIM_ITRx_SetConfig
                0x000000000800c66e       0x36 ./Drivers/STM32L4xx_HAL_Driver/stm32l4xx_hal_tim.o
 .text.TIM_ETR_SetConfig
                0x000000000800c6a4       0x40 ./Drivers/STM32L4xx_HAL_Driver/stm32l4xx_hal_tim.o
                0x000000000800c6a4                TIM_ETR_SetConfig
 .text.HAL_TIMEx_MasterConfigSynchronization
                0x000000000800c6e4      0x110 ./Drivers/STM32L4xx_HAL_Driver/stm32l4xx_hal_tim_ex.o
                0x000000000800c6e4                HAL_TIMEx_MasterConfigSynchronization
 .text.HAL_TIMEx_CommutCallback
                0x000000000800c7f4       0x14 ./Drivers/STM32L4xx_HAL_Driver/stm32l4xx_hal_tim_ex.o
                0x000000000800c7f4                HAL_TIMEx_CommutCallback
 .text.HAL_TIMEx_BreakCallback
                0x000000000800c808       0x14 ./Drivers/STM32L4xx_HAL_Driver/stm32l4xx_hal_tim_ex.o
                0x000000000800c808                HAL_TIMEx_BreakCallback
 .text.HAL_TIMEx_Break2Callback
                0x000000000800c81c       0x14 ./Drivers/STM32L4xx_HAL_Driver/stm32l4xx_hal_tim_ex.o
                0x000000000800c81c                HAL_TIMEx_Break2Callback
 .text.HAL_UART_Init
                0x000000000800c830       0x9c ./Drivers/STM32L4xx_HAL_Driver/stm32l4xx_hal_uart.o
                0x000000000800c830                HAL_UART_Init
 .text.HAL_UART_MspInit
                0x000000000800c8cc       0x14 ./Drivers/STM32L4xx_HAL_Driver/stm32l4xx_hal_uart.o
                0x000000000800c8cc                HAL_UART_MspInit
 .text.HAL_UART_Transmit
                0x000000000800c8e0      0x128 ./Drivers/STM32L4xx_HAL_Driver/stm32l4xx_hal_uart.o
                0x000000000800c8e0                HAL_UART_Transmit
 .text.HAL_UART_Receive_DMA
                0x000000000800ca08       0xac ./Drivers/STM32L4xx_HAL_Driver/stm32l4xx_hal_uart.o
                0x000000000800ca08                HAL_UART_Receive_DMA
 .text.HAL_UART_RxCpltCallback
                0x000000000800cab4       0x14 ./Drivers/STM32L4xx_HAL_Driver/stm32l4xx_hal_uart.o
                0x000000000800cab4                HAL_UART_RxCpltCallback
 .text.HAL_UART_RxHalfCpltCallback
                0x000000000800cac8       0x14 ./Drivers/STM32L4xx_HAL_Driver/stm32l4xx_hal_uart.o
                0x000000000800cac8                HAL_UART_RxHalfCpltCallback
 .text.HAL_UART_ErrorCallback
                0x000000000800cadc       0x14 ./Drivers/STM32L4xx_HAL_Driver/stm32l4xx_hal_uart.o
                0x000000000800cadc                HAL_UART_ErrorCallback
 .text.HAL_UARTEx_RxEventCallback
                0x000000000800caf0       0x18 ./Drivers/STM32L4xx_HAL_Driver/stm32l4xx_hal_uart.o
                0x000000000800caf0                HAL_UARTEx_RxEventCallback
 .text.UART_SetConfig
                0x000000000800cb08      0x570 ./Drivers/STM32L4xx_HAL_Driver/stm32l4xx_hal_uart.o
                0x000000000800cb08                UART_SetConfig
 .text.UART_AdvFeatureConfig
                0x000000000800d078      0x144 ./Drivers/STM32L4xx_HAL_Driver/stm32l4xx_hal_uart.o
                0x000000000800d078                UART_AdvFeatureConfig
 .text.UART_CheckIdleState
                0x000000000800d1bc       0x92 ./Drivers/STM32L4xx_HAL_Driver/stm32l4xx_hal_uart.o
                0x000000000800d1bc                UART_CheckIdleState
 .text.UART_WaitOnFlagUntilTimeout
                0x000000000800d24e      0x188 ./Drivers/STM32L4xx_HAL_Driver/stm32l4xx_hal_uart.o
                0x000000000800d24e                UART_WaitOnFlagUntilTimeout
 *fill*         0x000000000800d3d6        0x2 
 .text.UART_Start_Receive_DMA
                0x000000000800d3d8      0x14c ./Drivers/STM32L4xx_HAL_Driver/stm32l4xx_hal_uart.o
                0x000000000800d3d8                UART_Start_Receive_DMA
 .text.UART_EndTxTransfer
                0x000000000800d524       0x4c ./Drivers/STM32L4xx_HAL_Driver/stm32l4xx_hal_uart.o
 .text.UART_EndRxTransfer
                0x000000000800d570       0xc6 ./Drivers/STM32L4xx_HAL_Driver/stm32l4xx_hal_uart.o
 .text.UART_DMAReceiveCplt
                0x000000000800d636      0x124 ./Drivers/STM32L4xx_HAL_Driver/stm32l4xx_hal_uart.o
 .text.UART_DMARxHalfCplt
                0x000000000800d75a       0x38 ./Drivers/STM32L4xx_HAL_Driver/stm32l4xx_hal_uart.o
 .text.UART_DMAError
                0x000000000800d792       0x7c ./Drivers/STM32L4xx_HAL_Driver/stm32l4xx_hal_uart.o
 .text.MX_MEMS_Init
                0x000000000800d80e        0xc ./Src/app_mems.o
                0x000000000800d80e                MX_MEMS_Init
 *fill*         0x000000000800d81a        0x2 
 .text.HAL_TIM_PeriodElapsedCallback
                0x000000000800d81c       0x30 ./Src/app_mems.o
                0x000000000800d81c                HAL_TIM_PeriodElapsedCallback
 .text.MX_DynamicInclinometer_Init
                0x000000000800d84c       0x5c ./Src/app_mems.o
 .text.Init_Sensors
                0x000000000800d8a8       0x34 ./Src/app_mems.o
 .text.TIM_Config
                0x000000000800d8dc       0x68 ./Src/app_mems.o
 .text.DWT_Init
                0x000000000800d944       0x30 ./Src/app_mems.o
 .text.DWT_Start
                0x000000000800d974       0x24 ./Src/app_mems.o
 .text.DWT_Stop
                0x000000000800d998       0x50 ./Src/app_mems.o
 .text.get_inclination
                0x000000000800d9e8      0x31c ./Src/app_mems.o
                0x000000000800d9e8                get_inclination
 .text.UART_StartReceiveMsg
                0x000000000800dd04       0x34 ./Src/com.o
                0x000000000800dd04                UART_StartReceiveMsg
 .text.BSP_SENSOR_ACC_Init
                0x000000000800dd38       0x10 ./Src/iks01a3_mems_control.o
                0x000000000800dd38                BSP_SENSOR_ACC_Init
 .text.BSP_SENSOR_GYR_Init
                0x000000000800dd48       0x10 ./Src/iks01a3_mems_control.o
                0x000000000800dd48                BSP_SENSOR_GYR_Init
 .text.BSP_SENSOR_MAG_Init
                0x000000000800dd58       0x10 ./Src/iks01a3_mems_control.o
                0x000000000800dd58                BSP_SENSOR_MAG_Init
 .text.BSP_SENSOR_PRESS_Init
                0x000000000800dd68       0x10 ./Src/iks01a3_mems_control.o
                0x000000000800dd68                BSP_SENSOR_PRESS_Init
 .text.BSP_SENSOR_TEMP_Init
                0x000000000800dd78       0x10 ./Src/iks01a3_mems_control.o
                0x000000000800dd78                BSP_SENSOR_TEMP_Init
 .text.BSP_SENSOR_HUM_Init
                0x000000000800dd88       0x10 ./Src/iks01a3_mems_control.o
                0x000000000800dd88                BSP_SENSOR_HUM_Init
 .text.BSP_SENSOR_ACC_GetAxes
                0x000000000800dd98       0x1a ./Src/iks01a3_mems_control.o
                0x000000000800dd98                BSP_SENSOR_ACC_GetAxes
 .text.BSP_SENSOR_GYR_GetAxes
                0x000000000800ddb2       0x1a ./Src/iks01a3_mems_control.o
                0x000000000800ddb2                BSP_SENSOR_GYR_GetAxes
 .text.BSP_SENSOR_ACC_SetOutputDataRate
                0x000000000800ddcc       0x1e ./Src/iks01a3_mems_control.o
                0x000000000800ddcc                BSP_SENSOR_ACC_SetOutputDataRate
 .text.BSP_SENSOR_ACC_SetFullScale
                0x000000000800ddea       0x1a ./Src/iks01a3_mems_control.o
                0x000000000800ddea                BSP_SENSOR_ACC_SetFullScale
 .text.BSP_SENSOR_ACC_GetOrientation
                0x000000000800de04       0x2a ./Src/iks01a3_mems_control_ex.o
                0x000000000800de04                BSP_SENSOR_ACC_GetOrientation
 .text.BSP_SENSOR_GYR_GetOrientation
                0x000000000800de2e       0x2a ./Src/iks01a3_mems_control_ex.o
                0x000000000800de2e                BSP_SENSOR_GYR_GetOrientation
 .text.main     0x000000000800de58       0x38 ./Src/main.o
                0x000000000800de58                main
 .text.SystemClock_Config
                0x000000000800de90       0xa6 ./Src/main.o
                0x000000000800de90                SystemClock_Config
 *fill*         0x000000000800df36        0x2 
 .text.MX_CRC_Init
                0x000000000800df38       0x44 ./Src/main.o
 .text.MX_RTC_Init
                0x000000000800df7c       0xb8 ./Src/main.o
 .text.MX_TIM3_Init
                0x000000000800e034       0x9c ./Src/main.o
                0x000000000800e034                MX_TIM3_Init
 .text.MX_DMA_Init
                0x000000000800e0d0       0x3c ./Src/main.o
 .text.MX_GPIO_Init
                0x000000000800e10c       0xb4 ./Src/main.o
 .text.Error_Handler
                0x000000000800e1c0        0xa ./Src/main.o
                0x000000000800e1c0                Error_Handler
 *fill*         0x000000000800e1ca        0x2 
 .text.MotionDI_manager_init
                0x000000000800e1cc       0x8c ./Src/motion_di_manager.o
                0x000000000800e1cc                MotionDI_manager_init
 .text.MotionDI_get_acc_calibration_mode
                0x000000000800e258       0x28 ./Src/motion_di_manager.o
                0x000000000800e258                MotionDI_get_acc_calibration_mode
 .text.MotionDI_get_acc_calibration
                0x000000000800e280       0x16 ./Src/motion_di_manager.o
                0x000000000800e280                MotionDI_get_acc_calibration
 *fill*         0x000000000800e296        0x2 
 .text.MotionDI_get_gyro_calibration_mode
                0x000000000800e298       0x28 ./Src/motion_di_manager.o
                0x000000000800e298                MotionDI_get_gyro_calibration_mode
 .text.MotionDI_get_gyro_calibration
                0x000000000800e2c0       0x16 ./Src/motion_di_manager.o
                0x000000000800e2c0                MotionDI_get_gyro_calibration
 *fill*         0x000000000800e2d6        0x2 
 .text.MotionDI_manager_run
                0x000000000800e2d8       0x7c ./Src/motion_di_manager.o
                0x000000000800e2d8                MotionDI_manager_run
 .text.MotionDI_manager_get_version
                0x000000000800e354       0x20 ./Src/motion_di_manager.o
                0x000000000800e354                MotionDI_manager_get_version
 .text.float_array_set
                0x000000000800e374       0x3c ./Src/motion_di_manager.o
 .text.Serialize_s32
                0x000000000800e3b0       0x48 ./Src/serial_protocol.o
                0x000000000800e3b0                Serialize_s32
 .text.HAL_MspInit
                0x000000000800e3f8       0x48 ./Src/stm32l4xx_hal_msp.o
                0x000000000800e3f8                HAL_MspInit
 .text.HAL_CRC_MspInit
                0x000000000800e440       0x40 ./Src/stm32l4xx_hal_msp.o
                0x000000000800e440                HAL_CRC_MspInit
 .text.HAL_RTC_MspInit
                0x000000000800e480       0x64 ./Src/stm32l4xx_hal_msp.o
                0x000000000800e480                HAL_RTC_MspInit
 .text.HAL_TIM_Base_MspInit
                0x000000000800e4e4       0x4c ./Src/stm32l4xx_hal_msp.o
                0x000000000800e4e4                HAL_TIM_Base_MspInit
 .text.NMI_Handler
                0x000000000800e530        0x6 ./Src/stm32l4xx_it.o
                0x000000000800e530                NMI_Handler
 .text.HardFault_Handler
                0x000000000800e536        0x6 ./Src/stm32l4xx_it.o
                0x000000000800e536                HardFault_Handler
 .text.MemManage_Handler
                0x000000000800e53c        0x6 ./Src/stm32l4xx_it.o
                0x000000000800e53c                MemManage_Handler
 .text.BusFault_Handler
                0x000000000800e542        0x6 ./Src/stm32l4xx_it.o
                0x000000000800e542                BusFault_Handler
 .text.UsageFault_Handler
                0x000000000800e548        0x6 ./Src/stm32l4xx_it.o
                0x000000000800e548                UsageFault_Handler
 .text.SVC_Handler
                0x000000000800e54e        0xe ./Src/stm32l4xx_it.o
                0x000000000800e54e                SVC_Handler
 .text.DebugMon_Handler
                0x000000000800e55c        0xe ./Src/stm32l4xx_it.o
                0x000000000800e55c                DebugMon_Handler
 .text.PendSV_Handler
                0x000000000800e56a        0xe ./Src/stm32l4xx_it.o
                0x000000000800e56a                PendSV_Handler
 .text.SysTick_Handler
                0x000000000800e578        0xc ./Src/stm32l4xx_it.o
                0x000000000800e578                SysTick_Handler
 .text.DMA1_Channel6_IRQHandler
                0x000000000800e584       0x14 ./Src/stm32l4xx_it.o
                0x000000000800e584                DMA1_Channel6_IRQHandler
 .text.TIM3_IRQHandler
                0x000000000800e598       0x14 ./Src/stm32l4xx_it.o
                0x000000000800e598                TIM3_IRQHandler
 .text.EXTI15_10_IRQHandler
                0x000000000800e5ac       0x10 ./Src/stm32l4xx_it.o
                0x000000000800e5ac                EXTI15_10_IRQHandler
 .text.BSP_LED_Init
                0x000000000800e5bc       0x24 ./Src/stm32l4xx_nucleo.o
                0x000000000800e5bc                BSP_LED_Init
 .text.BSP_LED_On
                0x000000000800e5e0       0x2c ./Src/stm32l4xx_nucleo.o
                0x000000000800e5e0                BSP_LED_On
 .text.BSP_LED_Off
                0x000000000800e60c       0x2c ./Src/stm32l4xx_nucleo.o
                0x000000000800e60c                BSP_LED_Off
 .text.LED_USER_GPIO_Init
                0x000000000800e638       0x7c ./Src/stm32l4xx_nucleo.o
 .text.BSP_COM_Init
                0x000000000800e6b4       0x7c ./Src/stm32l4xx_nucleo.o
                0x000000000800e6b4                BSP_COM_Init
 .text.MX_USART2_UART_Init
                0x000000000800e730       0x68 ./Src/stm32l4xx_nucleo.o
                0x000000000800e730                MX_USART2_UART_Init
 .text.USART2_MspInit
                0x000000000800e798       0xd8 ./Src/stm32l4xx_nucleo.o
 .text.BSP_I2C1_Init
                0x000000000800e870       0x7c ./Src/stm32l4xx_nucleo_bus.o
                0x000000000800e870                BSP_I2C1_Init
 .text.BSP_I2C1_DeInit
                0x000000000800e8ec       0x50 ./Src/stm32l4xx_nucleo_bus.o
                0x000000000800e8ec                BSP_I2C1_DeInit
 .text.BSP_I2C1_WriteReg
                0x000000000800e93c       0x64 ./Src/stm32l4xx_nucleo_bus.o
                0x000000000800e93c                BSP_I2C1_WriteReg
 .text.BSP_I2C1_ReadReg
                0x000000000800e9a0       0x64 ./Src/stm32l4xx_nucleo_bus.o
                0x000000000800e9a0                BSP_I2C1_ReadReg
 .text.BSP_GetTick
                0x000000000800ea04        0xe ./Src/stm32l4xx_nucleo_bus.o
                0x000000000800ea04                BSP_GetTick
 *fill*         0x000000000800ea12        0x2 
 .text.MX_I2C1_Init
                0x000000000800ea14       0x88 ./Src/stm32l4xx_nucleo_bus.o
                0x000000000800ea14                MX_I2C1_Init
 .text.I2C1_MspInit
                0x000000000800ea9c       0x8c ./Src/stm32l4xx_nucleo_bus.o
 .text.I2C1_MspDeInit
                0x000000000800eb28       0x38 ./Src/stm32l4xx_nucleo_bus.o
 .text.SystemInit
                0x000000000800eb60       0x64 ./Src/system_stm32l4xx.o
                0x000000000800eb60                SystemInit
 .text.Reset_Handler
                0x000000000800ebc4       0x50 ./Startup/startup_stm32l476rgtx.o
                0x000000000800ebc4                Reset_Handler
 .text.Default_Handler
                0x000000000800ec14        0x2 ./Startup/startup_stm32l476rgtx.o
                0x000000000800ec14                RTC_Alarm_IRQHandler
                0x000000000800ec14                EXTI2_IRQHandler
                0x000000000800ec14                TIM8_TRG_COM_IRQHandler
                0x000000000800ec14                TIM8_CC_IRQHandler
                0x000000000800ec14                TIM1_CC_IRQHandler
                0x000000000800ec14                TSC_IRQHandler
                0x000000000800ec14                TAMP_STAMP_IRQHandler
                0x000000000800ec14                EXTI3_IRQHandler
                0x000000000800ec14                LPTIM2_IRQHandler
                0x000000000800ec14                DFSDM1_FLT1_IRQHandler
                0x000000000800ec14                I2C3_ER_IRQHandler
                0x000000000800ec14                DFSDM1_FLT2_IRQHandler
                0x000000000800ec14                EXTI0_IRQHandler
                0x000000000800ec14                I2C2_EV_IRQHandler
                0x000000000800ec14                CAN1_RX0_IRQHandler
                0x000000000800ec14                FPU_IRQHandler
                0x000000000800ec14                TIM1_UP_TIM16_IRQHandler
                0x000000000800ec14                ADC1_2_IRQHandler
                0x000000000800ec14                SPI1_IRQHandler
                0x000000000800ec14                TIM6_DAC_IRQHandler
                0x000000000800ec14                TIM8_UP_IRQHandler
                0x000000000800ec14                DMA2_Channel2_IRQHandler
                0x000000000800ec14                DMA1_Channel4_IRQHandler
                0x000000000800ec14                SAI2_IRQHandler
                0x000000000800ec14                DFSDM1_FLT3_IRQHandler
                0x000000000800ec14                USART3_IRQHandler
                0x000000000800ec14                DMA1_Channel7_IRQHandler
                0x000000000800ec14                CAN1_RX1_IRQHandler
                0x000000000800ec14                LCD_IRQHandler
                0x000000000800ec14                UART5_IRQHandler
                0x000000000800ec14                ADC3_IRQHandler
                0x000000000800ec14                TIM4_IRQHandler
                0x000000000800ec14                DMA2_Channel1_IRQHandler
                0x000000000800ec14                QUADSPI_IRQHandler
                0x000000000800ec14                I2C1_EV_IRQHandler
                0x000000000800ec14                UART4_IRQHandler
                0x000000000800ec14                DMA2_Channel4_IRQHandler
                0x000000000800ec14                RCC_IRQHandler
                0x000000000800ec14                DMA1_Channel1_IRQHandler
                0x000000000800ec14                Default_Handler
                0x000000000800ec14                DMA2_Channel7_IRQHandler
                0x000000000800ec14                TIM7_IRQHandler
                0x000000000800ec14                SDMMC1_IRQHandler
                0x000000000800ec14                TIM5_IRQHandler
                0x000000000800ec14                I2C3_EV_IRQHandler
                0x000000000800ec14                EXTI9_5_IRQHandler
                0x000000000800ec14                RTC_WKUP_IRQHandler
                0x000000000800ec14                PVD_PVM_IRQHandler
                0x000000000800ec14                SPI2_IRQHandler
                0x000000000800ec14                CAN1_TX_IRQHandler
                0x000000000800ec14                DMA2_Channel5_IRQHandler
                0x000000000800ec14                DMA1_Channel5_IRQHandler
                0x000000000800ec14                EXTI4_IRQHandler
                0x000000000800ec14                RNG_IRQHandler
                0x000000000800ec14                TIM1_TRG_COM_TIM17_IRQHandler
                0x000000000800ec14                DMA1_Channel3_IRQHandler
                0x000000000800ec14                COMP_IRQHandler
                0x000000000800ec14                WWDG_IRQHandler
                0x000000000800ec14                LPUART1_IRQHandler
                0x000000000800ec14                DMA2_Channel6_IRQHandler
                0x000000000800ec14                TIM2_IRQHandler
                0x000000000800ec14                EXTI1_IRQHandler
                0x000000000800ec14                USART2_IRQHandler
                0x000000000800ec14                DFSDM1_FLT0_IRQHandler
                0x000000000800ec14                I2C2_ER_IRQHandler
                0x000000000800ec14                DMA1_Channel2_IRQHandler
                0x000000000800ec14                TIM8_BRK_IRQHandler
                0x000000000800ec14                CAN1_SCE_IRQHandler
                0x000000000800ec14                FLASH_IRQHandler
                0x000000000800ec14                USART1_IRQHandler
                0x000000000800ec14                OTG_FS_IRQHandler
                0x000000000800ec14                SPI3_IRQHandler
                0x000000000800ec14                I2C1_ER_IRQHandler
                0x000000000800ec14                FMC_IRQHandler
                0x000000000800ec14                SWPMI1_IRQHandler
                0x000000000800ec14                LPTIM1_IRQHandler
                0x000000000800ec14                SAI1_IRQHandler
                0x000000000800ec14                DMA2_Channel3_IRQHandler
                0x000000000800ec14                TIM1_BRK_TIM15_IRQHandler
 *fill*         0x000000000800ec16        0x2 
 .text.iNemoEngine_gbias_init
                0x000000000800ec18       0x98 ../../../../../../Middlewares/ST/STM32_MotionDI_Library/Lib\MotionDI_CM4F_wc32_ot_hard.a(motion_di.o)
 .text.rotVect  0x000000000800ecb0       0xc4 ../../../../../../Middlewares/ST/STM32_MotionDI_Library/Lib\MotionDI_CM4F_wc32_ot_hard.a(motion_di.o)
 .text.m_mldivide
                0x000000000800ed74      0x34c ../../../../../../Middlewares/ST/STM32_MotionDI_Library/Lib\MotionDI_CM4F_wc32_ot_hard.a(motion_di.o)
 .text.m_qmult_eml
                0x000000000800f0c0       0x74 ../../../../../../Middlewares/ST/STM32_MotionDI_Library/Lib\MotionDI_CM4F_wc32_ot_hard.a(motion_di.o)
 .text.m_q2dcm_eml
                0x000000000800f134       0xc4 ../../../../../../Middlewares/ST/STM32_MotionDI_Library/Lib\MotionDI_CM4F_wc32_ot_hard.a(motion_di.o)
 .text.st_accCal_MEMS_EIG3
                0x000000000800f1f8      0x1e4 ../../../../../../Middlewares/ST/STM32_MotionDI_Library/Lib\MotionDI_CM4F_wc32_ot_hard.a(motion_di.o)
 .text.st_accCal_MEMS_ellipsoidFit7
                0x000000000800f3dc      0x5c0 ../../../../../../Middlewares/ST/STM32_MotionDI_Library/Lib\MotionDI_CM4F_wc32_ot_hard.a(motion_di.o)
 .text.m_dcm2q_eml
                0x000000000800f99c      0x1d4 ../../../../../../Middlewares/ST/STM32_MotionDI_Library/Lib\MotionDI_CM4F_wc32_ot_hard.a(motion_di.o)
 .text.SpacePointGyroProp
                0x000000000800fb70      0x120 ../../../../../../Middlewares/ST/STM32_MotionDI_Library/Lib\MotionDI_CM4F_wc32_ot_hard.a(motion_di.o)
 .text.SpacePointGyroPropRedist
                0x000000000800fc90       0x9c ../../../../../../Middlewares/ST/STM32_MotionDI_Library/Lib\MotionDI_CM4F_wc32_ot_hard.a(motion_di.o)
 .text.quatErr2EulerErr
                0x000000000800fd2c      0x1e8 ../../../../../../Middlewares/ST/STM32_MotionDI_Library/Lib\MotionDI_CM4F_wc32_ot_hard.a(motion_di.o)
 .text.m_b_interp1q_constrain
                0x000000000800ff14       0x9c ../../../../../../Middlewares/ST/STM32_MotionDI_Library/Lib\MotionDI_CM4F_wc32_ot_hard.a(motion_di.o)
 .text.m_interp1q_constrain
                0x000000000800ffb0       0x9c ../../../../../../Middlewares/ST/STM32_MotionDI_Library/Lib\MotionDI_CM4F_wc32_ot_hard.a(motion_di.o)
 .text.m_rt_atan2f_snf
                0x000000000801004c      0x104 ../../../../../../Middlewares/ST/STM32_MotionDI_Library/Lib\MotionDI_CM4F_wc32_ot_hard.a(motion_di.o)
 .text.output_update
                0x0000000008010150      0x304 ../../../../../../Middlewares/ST/STM32_MotionDI_Library/Lib\MotionDI_CM4F_wc32_ot_hard.a(motion_di.o)
 .text.iNemo_setOrientation.constprop.0
                0x0000000008010454      0x3a4 ../../../../../../Middlewares/ST/STM32_MotionDI_Library/Lib\MotionDI_CM4F_wc32_ot_hard.a(motion_di.o)
 .text.iNemo_setOrientation_6X.constprop.0
                0x00000000080107f8      0x3a4 ../../../../../../Middlewares/ST/STM32_MotionDI_Library/Lib\MotionDI_CM4F_wc32_ot_hard.a(motion_di.o)
 .text.MotionDI_setKnobs.part.0
                0x0000000008010b9c      0x110 ../../../../../../Middlewares/ST/STM32_MotionDI_Library/Lib\MotionDI_CM4F_wc32_ot_hard.a(motion_di.o)
 .text.getAccStats.constprop.0
                0x0000000008010cac      0x1c4 ../../../../../../Middlewares/ST/STM32_MotionDI_Library/Lib\MotionDI_CM4F_wc32_ot_hard.a(motion_di.o)
 .text.iNemo_quat2heading
                0x0000000008010e70      0x448 ../../../../../../Middlewares/ST/STM32_MotionDI_Library/Lib\MotionDI_CM4F_wc32_ot_hard.a(motion_di.o)
 .text.m_kalman_3gyro.isra.0.constprop.0
                0x00000000080112b8     0x405c ../../../../../../Middlewares/ST/STM32_MotionDI_Library/Lib\MotionDI_CM4F_wc32_ot_hard.a(motion_di.o)
 .text.SpacePointAlgorithm.isra.0
                0x0000000008015314      0x404 ../../../../../../Middlewares/ST/STM32_MotionDI_Library/Lib\MotionDI_CM4F_wc32_ot_hard.a(motion_di.o)
 .text.MotionDI_Initialize
                0x0000000008015718      0x68c ../../../../../../Middlewares/ST/STM32_MotionDI_Library/Lib\MotionDI_CM4F_wc32_ot_hard.a(motion_di.o)
                0x0000000008015718                MotionDI_Initialize
 .text.MotionDI_setKnobs
                0x0000000008015da4       0x14 ../../../../../../Middlewares/ST/STM32_MotionDI_Library/Lib\MotionDI_CM4F_wc32_ot_hard.a(motion_di.o)
                0x0000000008015da4                MotionDI_setKnobs
 .text.MotionDI_getKnobs
                0x0000000008015db8       0x98 ../../../../../../Middlewares/ST/STM32_MotionDI_Library/Lib\MotionDI_CM4F_wc32_ot_hard.a(motion_di.o)
                0x0000000008015db8                MotionDI_getKnobs
 .text.MotionDI_AccCal_getParams
                0x0000000008015e50       0x3c ../../../../../../Middlewares/ST/STM32_MotionDI_Library/Lib\MotionDI_CM4F_wc32_ot_hard.a(motion_di.o)
                0x0000000008015e50                MotionDI_AccCal_getParams
 .text.MotionDI_GyrCal_getParams
                0x0000000008015e8c       0x48 ../../../../../../Middlewares/ST/STM32_MotionDI_Library/Lib\MotionDI_CM4F_wc32_ot_hard.a(motion_di.o)
                0x0000000008015e8c                MotionDI_GyrCal_getParams
 *fill*         0x0000000008015ed4        0x4 
 .text.MotionDI_update
                0x0000000008015ed8     0x37d8 ../../../../../../Middlewares/ST/STM32_MotionDI_Library/Lib\MotionDI_CM4F_wc32_ot_hard.a(motion_di.o)
                0x0000000008015ed8                MotionDI_update
 .text.MotionDI_GetLibVersion
                0x00000000080196b0       0x4c ../../../../../../Middlewares/ST/STM32_MotionDI_Library/Lib\MotionDI_CM4F_wc32_ot_hard.a(motion_di.o)
                0x00000000080196b0                MotionDI_GetLibVersion
 .text.__errno  0x00000000080196fc        0xc c:/st/stm32cubeide_1.9.0/stm32cubeide/plugins/com.st.stm32cube.ide.mcu.externaltools.gnu-tools-for-stm32.10.3-2021.10.win32_1.0.0.202111181127/tools/bin/../lib/gcc/arm-none-eabi/10.3.1/../../../../arm-none-eabi/lib/thumb/v7e-m+fp/hard\libc_nano.a(lib_a-errno.o)
                0x00000000080196fc                __errno
 .text.__libc_init_array
                0x0000000008019708       0x48 c:/st/stm32cubeide_1.9.0/stm32cubeide/plugins/com.st.stm32cube.ide.mcu.externaltools.gnu-tools-for-stm32.10.3-2021.10.win32_1.0.0.202111181127/tools/bin/../lib/gcc/arm-none-eabi/10.3.1/../../../../arm-none-eabi/lib/thumb/v7e-m+fp/hard\libc_nano.a(lib_a-init.o)
                0x0000000008019708                __libc_init_array
 .text.memcpy   0x0000000008019750       0x1c c:/st/stm32cubeide_1.9.0/stm32cubeide/plugins/com.st.stm32cube.ide.mcu.externaltools.gnu-tools-for-stm32.10.3-2021.10.win32_1.0.0.202111181127/tools/bin/../lib/gcc/arm-none-eabi/10.3.1/../../../../arm-none-eabi/lib/thumb/v7e-m+fp/hard\libc_nano.a(lib_a-memcpy-stub.o)