Archive member included to satisfy reference by file (symbol)

../../../../../../Middlewares/ST/STM32_MotionDI_Library/Lib\MotionDI_CM4F_wc32_ot_hard.a(motion_di.o)
                              ./Src/motion_di_manager.o (MotionDI_Initialize)
c:/st/stm32cubeide_1.9.0/stm32cubeide/plugins/com.st.stm32cube.ide.mcu.externaltools.gnu-tools-for-stm32.10.3-2021.10.win32_1.0.0.202111181127/tools/bin/../lib/gcc/arm-none-eabi/10.3.1/../../../../arm-none-eabi/lib/thumb/v7e-m+fp/hard\libc_nano.a(lib_a-errno.o)
                              ./Src/syscalls.o (__errno)
c:/st/stm32cubeide_1.9.0/stm32cubeide/plugins/com.st.stm32cube.ide.mcu.externaltools.gnu-tools-for-stm32.10.3-2021.10.win32_1.0.0.202111181127/tools/bin/../lib/gcc/arm-none-eabi/10.3.1/../../../../arm-none-eabi/lib/thumb/v7e-m+fp/hard\libc_nano.a(lib_a-exit.o)
                              c:/st/stm32cubeide_1.9.0/stm32cubeide/plugins/com.st.stm32cube.ide.mcu.externaltools.gnu-tools-for-stm32.10.3-2021.10.win32_1.0.0.202111181127/tools/bin/../lib/gcc/arm-none-eabi/10.3.1/../../../../arm-none-eabi/lib/thumb/v7e-m+fp/hard/crt0.o (exit)
c:/st/stm32cubeide_1.9.0/stm32cubeide/plugins/com.st.stm32cube.ide.mcu.externaltools.gnu-tools-for-stm32.10.3-2021.10.win32_1.0.0.202111181127/tools/bin/../lib/gcc/arm-none-eabi/10.3.1/../../../../arm-none-eabi/lib/thumb/v7e-m+fp/hard\libc_nano.a(lib_a-impure.o)
                              c:/st/stm32cubeide_1.9.0/stm32cubeide/plugins/com.st.stm32cube.ide.mcu.externaltools.gnu-tools-for-stm32.10.3-2021.10.win32_1.0.0.202111181127/tools/bin/../lib/gcc/arm-none-eabi/10.3.1/../../../../arm-none-eabi/lib/thumb/v7e-m+fp/hard\libc_nano.a(lib_a-exit.o) (_global_impure_ptr)
c:/st/stm32cubeide_1.9.0/stm32cubeide/plugins/com.st.stm32cube.ide.mcu.externaltools.gnu-tools-for-stm32.10.3-2021.10.win32_1.0.0.202111181127/tools/bin/../lib/gcc/arm-none-eabi/10.3.1/../../../../arm-none-eabi/lib/thumb/v7e-m+fp/hard\libc_nano.a(lib_a-init.o)
                              c:/st/stm32cubeide_1.9.0/stm32cubeide/plugins/com.st.stm32cube.ide.mcu.externaltools.gnu-tools-for-stm32.10.3-2021.10.win32_1.0.0.202111181127/tools/bin/../lib/gcc/arm-none-eabi/10.3.1/../../../../arm-none-eabi/lib/thumb/v7e-m+fp/hard/crt0.o (__libc_init_array)
c:/st/stm32cubeide_1.9.0/stm32cubeide/plugins/com.st.stm32cube.ide.mcu.externaltools.gnu-tools-for-stm32.10.3-2021.10.win32_1.0.0.202111181127/tools/bin/../lib/gcc/arm-none-eabi/10.3.1/../../../../arm-none-eabi/lib/thumb/v7e-m+fp/hard\libc_nano.a(lib_a-memcpy-stub.o)
                              ./Src/app_mems.o (memcpy)
c:/st/stm32cubeide_1.9.0/stm32cubeide/plugins/com.st.stm32cube.ide.mcu.externaltools.gnu-tools-for-stm32.10.3-2021.10.win32_1.0.0.202111181127/tools/bin/../lib/gcc/arm-none-eabi/10.3.1/../../../../arm-none-eabi/lib/thumb/v7e-m+fp/hard\libc_nano.a(lib_a-memset.o)
                              c:/st/stm32cubeide_1.9.0/stm32cubeide/plugins/com.st.stm32cube.ide.mcu.externaltools.gnu-tools-for-stm32.10.3-2021.10.win32_1.0.0.202111181127/tools/bin/../lib/gcc/arm-none-eabi/10.3.1/../../../../arm-none-eabi/lib/thumb/v7e-m+fp/hard/crt0.o (memset)
c:/st/stm32cubeide_1.9.0/stm32cubeide/plugins/com.st.stm32cube.ide.mcu.externaltools.gnu-tools-for-stm32.10.3-2021.10.win32_1.0.0.202111181127/tools/bin/../lib/gcc/arm-none-eabi/10.3.1/../../../../arm-none-eabi/lib/thumb/v7e-m+fp/hard\libc_nano.a(lib_a-snprintf.o)
                              ./Src/demo_serial.o (snprintf)
c:/st/stm32cubeide_1.9.0/stm32cubeide/plugins/com.st.stm32cube.ide.mcu.externaltools.gnu-tools-for-stm32.10.3-2021.10.win32_1.0.0.202111181127/tools/bin/../lib/gcc/arm-none-eabi/10.3.1/../../../../arm-none-eabi/lib/thumb/v7e-m+fp/hard\libc_nano.a(lib_a-nano-svfprintf.o)
                              c:/st/stm32cubeide_1.9.0/stm32cubeide/plugins/com.st.stm32cube.ide.mcu.externaltools.gnu-tools-for-stm32.10.3-2021.10.win32_1.0.0.202111181127/tools/bin/../lib/gcc/arm-none-eabi/10.3.1/../../../../arm-none-eabi/lib/thumb/v7e-m+fp/hard\libc_nano.a(lib_a-snprintf.o) (_svfprintf_r)
c:/st/stm32cubeide_1.9.0/stm32cubeide/plugins/com.st.stm32cube.ide.mcu.externaltools.gnu-tools-for-stm32.10.3-2021.10.win32_1.0.0.202111181127/tools/bin/../lib/gcc/arm-none-eabi/10.3.1/../../../../arm-none-eabi/lib/thumb/v7e-m+fp/hard\libc_nano.a(lib_a-nano-vfprintf_i.o)
                              c:/st/stm32cubeide_1.9.0/stm32cubeide/plugins/com.st.stm32cube.ide.mcu.externaltools.gnu-tools-for-stm32.10.3-2021.10.win32_1.0.0.202111181127/tools/bin/../lib/gcc/arm-none-eabi/10.3.1/../../../../arm-none-eabi/lib/thumb/v7e-m+fp/hard\libc_nano.a(lib_a-nano-svfprintf.o) (_printf_i)
c:/st/stm32cubeide_1.9.0/stm32cubeide/plugins/com.st.stm32cube.ide.mcu.externaltools.gnu-tools-for-stm32.10.3-2021.10.win32_1.0.0.202111181127/tools/bin/../lib/gcc/arm-none-eabi/10.3.1/../../../../arm-none-eabi/lib/thumb/v7e-m+fp/hard\libc_nano.a(lib_a-memchr.o)
[...]
Memory Configuration

Name             Origin             Length             Attributes
RAM              0x0000000020000000 0x0000000000018000 xrw
RAM2             0x0000000010000000 0x0000000000008000 xrw
FLASH            0x0000000008000000 0x0000000000100000 xr
*default*        0x0000000000000000 0xffffffffffffffff

Linker script and memory map

LOAD c:/st/stm32cubeide_1.9.0/stm32cubeide/plugins/com.st.stm32cube.ide.mcu.externaltools.gnu-tools-for-stm32.10.3-2021.10.win32_1.0.0.202111181127/tools/bin/../lib/gcc/arm-none-eabi/10.3.1/thumb/v7e-m+fp/hard/crti.o
LOAD c:/st/stm32cubeide_1.9.0/stm32cubeide/plugins/com.st.stm32cube.ide.mcu.externaltools.gnu-tools-for-stm32.10.3-2021.10.win32_1.0.0.202111181127/tools/bin/../lib/gcc/arm-none-eabi/10.3.1/thumb/v7e-m+fp/hard/crtbegin.o
LOAD c:/st/stm32cubeide_1.9.0/stm32cubeide/plugins/com.st.stm32cube.ide.mcu.externaltools.gnu-tools-for-stm32.10.3-2021.10.win32_1.0.0.202111181127/tools/bin/../lib/gcc/arm-none-eabi/10.3.1/../../../../arm-none-eabi/lib/thumb/v7e-m+fp/hard/crt0.o
LOAD ./Drivers/BSP/Components/hts221.o
LOAD ./Drivers/BSP/Components/hts221_reg.o
LOAD ./Drivers/BSP/Components/lis2dw12.o
LOAD ./Drivers/BSP/Components/lis2dw12_reg.o
LOAD ./Drivers/BSP/Components/lis2mdl.o
LOAD ./Drivers/BSP/Components/lis2mdl_reg.o
LOAD ./Drivers/BSP/Components/lps22hh.o
LOAD ./Drivers/BSP/Components/lps22hh_reg.o
LOAD ./Drivers/BSP/Components/lsm6dso.o
LOAD ./Drivers/BSP/Components/lsm6dso_reg.o
LOAD ./Drivers/BSP/Components/stts751.o
LOAD ./Drivers/BSP/Components/stts751_reg.o
LOAD ./Drivers/BSP/IKS01A3/iks01a3_env_sensors.o
LOAD ./Drivers/BSP/IKS01A3/iks01a3_env_sensors_ex.o
LOAD ./Drivers/BSP/IKS01A3/iks01a3_motion_sensors.o
LOAD ./Drivers/BSP/IKS01A3/iks01a3_motion_sensors_ex.o
LOAD ./Drivers/STM32L4xx_HAL_Driver/stm32l4xx_hal.o
LOAD ./Drivers/STM32L4xx_HAL_Driver/stm32l4xx_hal_cortex.o
LOAD ./Drivers/STM32L4xx_HAL_Driver/stm32l4xx_hal_crc.o
LOAD ./Drivers/STM32L4xx_HAL_Driver/stm32l4xx_hal_crc_ex.o
LOAD ./Drivers/STM32L4xx_HAL_Driver/stm32l4xx_hal_dma.o
LOAD ./Drivers/STM32L4xx_HAL_Driver/stm32l4xx_hal_dma_ex.o
LOAD ./Drivers/STM32L4xx_HAL_Driver/stm32l4xx_hal_exti.o
LOAD ./Drivers/STM32L4xx_HAL_Driver/stm32l4xx_hal_flash.o
LOAD ./Drivers/STM32L4xx_HAL_Driver/stm32l4xx_hal_flash_ex.o
LOAD ./Drivers/STM32L4xx_HAL_Driver/stm32l4xx_hal_flash_ramfunc.o
LOAD ./Drivers/STM32L4xx_HAL_Driver/stm32l4xx_hal_gpio.o
LOAD ./Drivers/STM32L4xx_HAL_Driver/stm32l4xx_hal_i2c.o
LOAD ./Drivers/STM32L4xx_HAL_Driver/stm32l4xx_hal_i2c_ex.o
LOAD ./Drivers/STM32L4xx_HAL_Driver/stm32l4xx_hal_pwr.o
LOAD ./Drivers/STM32L4xx_HAL_Driver/stm32l4xx_hal_pwr_ex.o
LOAD ./Drivers/STM32L4xx_HAL_Driver/stm32l4xx_hal_rcc.o
LOAD ./Drivers/STM32L4xx_HAL_Driver/stm32l4xx_hal_rcc_ex.o
LOAD ./Drivers/STM32L4xx_HAL_Driver/stm32l4xx_hal_rtc.o
LOAD ./Drivers/STM32L4xx_HAL_Driver/stm32l4xx_hal_rtc_ex.o
LOAD ./Drivers/STM32L4xx_HAL_Driver/stm32l4xx_hal_tim.o
LOAD ./Drivers/STM32L4xx_HAL_Driver/stm32l4xx_hal_tim_ex.o
LOAD ./Drivers/STM32L4xx_HAL_Driver/stm32l4xx_hal_uart.o
LOAD ./Drivers/STM32L4xx_HAL_Driver/stm32l4xx_hal_uart_ex.o
LOAD ./Src/app_mems.o
LOAD ./Src/com.o
LOAD ./Src/demo_serial.o
LOAD ./Src/iks01a3_mems_control.o
LOAD ./Src/iks01a3_mems_control_ex.o
LOAD ./Src/main.o
LOAD ./Src/motion_di_manager.o
LOAD ./Src/serial_protocol.o
LOAD ./Src/stm32l4xx_hal_msp.o
LOAD ./Src/stm32l4xx_it.o
LOAD ./Src/stm32l4xx_nucleo.o
LOAD ./Src/stm32l4xx_nucleo_bus.o
LOAD ./Src/syscalls.o
LOAD ./Src/sysmem.o
LOAD ./Src/system_stm32l4xx.o
LOAD ./Startup/startup_stm32l476rgtx.o
LOAD ../../../../../../Middlewares/ST/STM32_MotionDI_Library/Lib\MotionDI_CM4F_wc32_ot_hard.a
START GROUP
LOAD c:/st/stm32cubeide_1.9.0/stm32cubeide/plugins/com.st.stm32cube.ide.mcu.externaltools.gnu-tools-for-stm32.10.3-2021.10.win32_1.0.0.202111181127/tools/bin/../lib/gcc/arm-none-eabi/10.3.1/../../../../arm-none-eabi/lib/thumb/v7e-m+fp/hard\libc_nano.a
LOAD c:/st/stm32cubeide_1.9.0/stm32cubeide/plugins/com.st.stm32cube.ide.mcu.externaltools.gnu-tools-for-stm32.10.3-2021.10.win32_1.0.0.202111181127/tools/bin/../lib/gcc/arm-none-eabi/10.3.1/../../../../arm-none-eabi/lib/thumb/v7e-m+fp/hard\libm.a
END GROUP
START GROUP
LOAD c:/st/stm32cubeide_1.9.0/stm32cubeide/plugins/com.st.stm32cube.ide.mcu.externaltools.gnu-tools-for-stm32.10.3-2021.10.win32_1.0.0.202111181127/tools/bin/../lib/gcc/arm-none-eabi/10.3.1/thumb/v7e-m+fp/hard\libgcc.a
LOAD c:/st/stm32cubeide_1.9.0/stm32cubeide/plugins/com.st.stm32cube.ide.mcu.externaltools.gnu-tools-for-stm32.10.3-2021.10.win32_1.0.0.202111181127/tools/bin/../lib/gcc/arm-none-eabi/10.3.1/../../../../arm-none-eabi/lib/thumb/v7e-m+fp/hard\libc_nano.a
END GROUP
START GROUP
LOAD c:/st/stm32cubeide_1.9.0/stm32cubeide/plugins/com.st.stm32cube.ide.mcu.externaltools.gnu-tools-for-stm32.10.3-2021.10.win32_1.0.0.202111181127/tools/bin/../lib/gcc/arm-none-eabi/10.3.1/thumb/v7e-m+fp/hard\libgcc.a
LOAD c:/st/stm32cubeide_1.9.0/stm32cubeide/plugins/com.st.stm32cube.ide.mcu.externaltools.gnu-tools-for-stm32.10.3-2021.10.win32_1.0.0.202111181127/tools/bin/../lib/gcc/arm-none-eabi/10.3.1/../../../../arm-none-eabi/lib/thumb/v7e-m+fp/hard\libc_nano.a
LOAD c:/st/stm32cubeide_1.9.0/stm32cubeide/plugins/com.st.stm32cube.ide.mcu.externaltools.gnu-tools-for-stm32.10.3-2021.10.win32_1.0.0.202111181127/tools/bin/../lib/gcc/arm-none-eabi/10.3.1/../../../../arm-none-eabi/lib/thumb/v7e-m+fp/hard\libnosys.a
END GROUP
START GROUP
LOAD c:/st/stm32cubeide_1.9.0/stm32cubeide/plugins/com.st.stm32cube.ide.mcu.externaltools.gnu-tools-for-stm32.10.3-2021.10.win32_1.0.0.202111181127/tools/bin/../lib/gcc/arm-none-eabi/10.3.1/thumb/v7e-m+fp/hard\libgcc.a
LOAD c:/st/stm32cubeide_1.9.0/stm32cubeide/plugins/com.st.stm32cube.ide.mcu.externaltools.gnu-tools-for-stm32.10.3-2021.10.win32_1.0.0.202111181127/tools/bin/../lib/gcc/arm-none-eabi/10.3.1/../../../../arm-none-eabi/lib/thumb/v7e-m+fp/hard\libc_nano.a
LOAD c:/st/stm32cubeide_1.9.0/stm32cubeide/plugins/com.st.stm32cube.ide.mcu.externaltools.gnu-tools-for-stm32.10.3-2021.10.win32_1.0.0.202111181127/tools/bin/../lib/gcc/arm-none-eabi/10.3.1/../../../../arm-none-eabi/lib/thumb/v7e-m+fp/hard\libnosys.a
END GROUP
LOAD c:/st/stm32cubeide_1.9.0/stm32cubeide/plugins/com.st.stm32cube.ide.mcu.externaltools.gnu-tools-for-stm32.10.3-2021.10.win32_1.0.0.202111181127/tools/bin/../lib/gcc/arm-none-eabi/10.3.1/thumb/v7e-m+fp/hard/crtend.o
LOAD c:/st/stm32cubeide_1.9.0/stm32cubeide/plugins/com.st.stm32cube.ide.mcu.externaltools.gnu-tools-for-stm32.10.3-2021.10.win32_1.0.0.202111181127/tools/bin/../lib/gcc/arm-none-eabi/10.3.1/thumb/v7e-m+fp/hard/crtn.o
                0x0000000020018000                _estack = (ORIGIN (RAM) + LENGTH (RAM))
                0x0000000000000200                _Min_Heap_Size = 0x200
                0x0000000000008000                _Min_Stack_Size = 0x8000

.isr_vector     0x0000000008000000      0x188
                0x0000000008000000                . = ALIGN (0x4)
 *(.isr_vector)
 .isr_vector    0x0000000008000000      0x188 ./Startup/startup_stm32l476rgtx.o
                0x0000000008000000                g_pfnVectors
                0x0000000008000188                . = ALIGN (0x4)

.text           0x0000000008000190    0x1db34
                0x0000000008000190                . = ALIGN (0x4)
 *(.text)
 .text          0x0000000008000190       0x40 c:/st/stm32cubeide_1.9.0/stm32cubeide/plugins/com.st.stm32cube.ide.mcu.externaltools.gnu-tools-for-stm32.10.3-2021.10.win32_1.0.0.202111181127/tools/bin/../lib/gcc/arm-none-eabi/10.3.1/thumb/v7e-m+fp/hard/crtbegin.o
 .text          0x00000000080001d0       0xa0 c:/st/stm32cubeide_1.9.0/stm32cubeide/plugins/com.st.stm32cube.ide.mcu.externaltools.gnu-tools-for-stm32.10.3-2021.10.win32_1.0.0.202111181127/tools/bin/../lib/gcc/arm-none-eabi/10.3.1/../../../../arm-none-eabi/lib/thumb/v7e-m+fp/hard\libc_nano.a(lib_a-memchr.o)
                0x00000000080001d0                memchr
 .text          0x0000000008000270      0x378 c:/st/stm32cubeide_1.9.0/stm32cubeide/plugins/com.st.stm32cube.ide.mcu.externaltools.gnu-tools-for-stm32.10.3-2021.10.win32_1.0.0.202111181127/tools/bin/../lib/gcc/arm-none-eabi/10.3.1/thumb/v7e-m+fp/hard\libgcc.a(_arm_addsubdf3.o)
                0x0000000008000270                __aeabi_drsub
                0x0000000008000278                __aeabi_dsub
                0x0000000008000278                __subdf3
                0x000000000800027c                __aeabi_dadd
                0x000000000800027c                __adddf3
                0x00000000080004f4                __floatunsidf
                0x00000000080004f4                __aeabi_ui2d
                0x0000000008000514                __floatsidf
                0x0000000008000514                __aeabi_i2d
                0x0000000008000538                __aeabi_f2d
                0x0000000008000538                __extendsfdf2
                0x000000000800057c                __floatundidf
                0x000000000800057c                __aeabi_ul2d
                0x000000000800058c                __floatdidf
                0x000000000800058c                __aeabi_l2d
 .text          0x00000000080005e8      0x424 c:/st/stm32cubeide_1.9.0/stm32cubeide/plugins/com.st.stm32cube.ide.mcu.externaltools.gnu-tools-for-stm32.10.3-2021.10.win32_1.0.0.202111181127/tools/bin/../lib/gcc/arm-none-eabi/10.3.1/thumb/v7e-m+fp/hard\libgcc.a(_arm_muldivdf3.o)
                0x00000000080005e8                __aeabi_dmul
                0x00000000080005e8                __muldf3
                0x000000000800083c                __divdf3
                0x000000000800083c                __aeabi_ddiv
 .text          0x0000000008000a0c      0x110 c:/st/stm32cubeide_1.9.0/stm32cubeide/plugins/com.st.stm32cube.ide.mcu.externaltools.gnu-tools-for-stm32.10.3-2021.10.win32_1.0.0.202111181127/tools/bin/../lib/gcc/arm-none-eabi/10.3.1/thumb/v7e-m+fp/hard\libgcc.a(_arm_cmpdf2.o)
                0x0000000008000a0c                __gtdf2
                0x0000000008000a0c                __gedf2
                0x0000000008000a14                __ltdf2
                0x0000000008000a14                __ledf2
                0x0000000008000a1c                __nedf2
                0x0000000008000a1c                __eqdf2
                0x0000000008000a1c                __cmpdf2
                0x0000000008000a98                __aeabi_cdrcmple
                0x0000000008000aa8                __aeabi_cdcmpeq
                0x0000000008000aa8                __aeabi_cdcmple
                0x0000000008000ab8                __aeabi_dcmpeq
                0x0000000008000acc                __aeabi_dcmplt
                0x0000000008000ae0                __aeabi_dcmple
                0x0000000008000af4                __aeabi_dcmpge
                0x0000000008000b08                __aeabi_dcmpgt
 .text          0x0000000008000b1c       0x2c c:/st/stm32cubeide_1.9.0/stm32cubeide/plugins/com.st.stm32cube.ide.mcu.externaltools.gnu-tools-for-stm32.10.3-2021.10.win32_1.0.0.202111181127/tools/bin/../lib/gcc/arm-none-eabi/10.3.1/thumb/v7e-m+fp/hard\libgcc.a(_arm_unorddf2.o)
                0x0000000008000b1c                __unorddf2
                0x0000000008000b1c                __aeabi_dcmpun
 .text          0x0000000008000b48       0x50 c:/st/stm32cubeide_1.9.0/stm32cubeide/plugins/com.st.stm32cube.ide.mcu.externaltools.gnu-tools-for-stm32.10.3-2021.10.win32_1.0.0.202111181127/tools/bin/../lib/gcc/arm-none-eabi/10.3.1/thumb/v7e-m+fp/hard\libgcc.a(_arm_fixdfsi.o)
                0x0000000008000b48                __aeabi_d2iz
                0x0000000008000b48                __fixdfsi
 .text          0x0000000008000b98       0x40 c:/st/stm32cubeide_1.9.0/stm32cubeide/plugins/com.st.stm32cube.ide.mcu.externaltools.gnu-tools-for-stm32.10.3-2021.10.win32_1.0.0.202111181127/tools/bin/../lib/gcc/arm-none-eabi/10.3.1/thumb/v7e-m+fp/hard\libgcc.a(_arm_fixunsdfsi.o)
                0x0000000008000b98                __aeabi_d2uiz
                0x0000000008000b98                __fixunsdfsi
 .text          0x0000000008000bd8       0xa0 c:/st/stm32cubeide_1.9.0/stm32cubeide/plugins/com.st.stm32cube.ide.mcu.externaltools.gnu-tools-for-stm32.10.3-2021.10.win32_1.0.0.202111181127/tools/bin/../lib/gcc/arm-none-eabi/10.3.1/thumb/v7e-m+fp/hard\libgcc.a(_arm_truncdfsf2.o)
                0x0000000008000bd8                __truncdfsf2
                0x0000000008000bd8                __aeabi_d2f
 .text          0x0000000008000c78      0x21c c:/st/stm32cubeide_1.9.0/stm32cubeide/plugins/com.st.stm32cube.ide.mcu.externaltools.gnu-tools-for-stm32.10.3-2021.10.win32_1.0.0.202111181127/tools/bin/../lib/gcc/arm-none-eabi/10.3.1/thumb/v7e-m+fp/hard\libgcc.a(_arm_addsubsf3.o)
                0x0000000008000c78                __aeabi_frsub
                0x0000000008000c80                __subsf3
                0x0000000008000c80                __aeabi_fsub
                0x0000000008000c84                __aeabi_fadd
                0x0000000008000c84                __addsf3
                0x0000000008000de4                __aeabi_ui2f
                0x0000000008000de4                __floatunsisf
                0x0000000008000dec                __aeabi_i2f
                0x0000000008000dec                __floatsisf
                0x0000000008000e08                __aeabi_ul2f
                0x0000000008000e08                __floatundisf
                0x0000000008000e18                __aeabi_l2f
                0x0000000008000e18                __floatdisf
 .text          0x0000000008000e94       0xa0 c:/st/stm32cubeide_1.9.0/stm32cubeide/plugins/com.st.stm32cube.ide.mcu.externaltools.gnu-tools-for-stm32.10.3-2021.10.win32_1.0.0.202111181127/tools/bin/../lib/gcc/arm-none-eabi/10.3.1/thumb/v7e-m+fp/hard\libgcc.a(_aeabi_ldivmod.o)
                0x0000000008000e94                __aeabi_ldivmod
 .text          0x0000000008000f34       0x30 c:/st/stm32cubeide_1.9.0/stm32cubeide/plugins/com.st.stm32cube.ide.mcu.externaltools.gnu-tools-for-stm32.10.3-2021.10.win32_1.0.0.202111181127/tools/bin/../lib/gcc/arm-none-eabi/10.3.1/thumb/v7e-m+fp/hard\libgcc.a(_aeabi_uldivmod.o)
                0x0000000008000f34                __aeabi_uldivmod
 .text          0x0000000008000f64      0x2d0 c:/st/stm32cubeide_1.9.0/stm32cubeide/plugins/com.st.stm32cube.ide.mcu.externaltools.gnu-tools-for-stm32.10.3-2021.10.win32_1.0.0.202111181127/tools/bin/../lib/gcc/arm-none-eabi/10.3.1/thumb/v7e-m+fp/hard\libgcc.a(_udivmoddi4.o)
                0x0000000008000f64                __udivmoddi4
 .text          0x0000000008001234        0x4 c:/st/stm32cubeide_1.9.0/stm32cubeide/plugins/com.st.stm32cube.ide.mcu.externaltools.gnu-tools-for-stm32.10.3-2021.10.win32_1.0.0.202111181127/tools/bin/../lib/gcc/arm-none-eabi/10.3.1/thumb/v7e-m+fp/hard\libgcc.a(_dvmd_tls.o)
                0x0000000008001234                __aeabi_idiv0
                0x0000000008001234                __aeabi_ldiv0
 *(.text*)
 .text.HTS221_RegisterBusIO
                0x0000000008001238       0x8c ./Drivers/BSP/Components/hts221.o
                0x0000000008001238                HTS221_RegisterBusIO
 .text.HTS221_Init
                0x00000000080012c4       0x36 ./Drivers/BSP/Components/hts221.o
                0x00000000080012c4                HTS221_Init
 .text.HTS221_DeInit
                0x00000000080012fa       0x48 ./Drivers/BSP/Components/hts221.o
                0x00000000080012fa                HTS221_DeInit
 .text.HTS221_ReadID
                0x0000000008001342       0x2c ./Drivers/BSP/Components/hts221.o
                0x0000000008001342                HTS221_ReadID
 *fill*         0x000000000800136e        0x2 
 .text.HTS221_GetCapabilities
                0x0000000008001370       0x48 ./Drivers/BSP/Components/hts221.o
                0x0000000008001370                HTS221_GetCapabilities
 .text.HTS221_HUM_Enable
                0x00000000080013b8       0x4a ./Drivers/BSP/Components/hts221.o
                0x00000000080013b8                HTS221_HUM_Enable
 .text.HTS221_HUM_Disable
                0x0000000008001402       0x4a ./Drivers/BSP/Components/hts221.o
                0x0000000008001402                HTS221_HUM_Disable
 .text.HTS221_HUM_GetOutputDataRate
                0x000000000800144c       0x1c ./Drivers/BSP/Components/hts221.o
                0x000000000800144c                HTS221_HUM_GetOutputDataRate
 .text.HTS221_HUM_SetOutputDataRate
                0x0000000008001468       0x20 ./Drivers/BSP/Components/hts221.o
                0x0000000008001468                HTS221_HUM_SetOutputDataRate
 .text.HTS221_HUM_GetHumidity
                0x0000000008001488      0x110 ./Drivers/BSP/Components/hts221.o
                0x0000000008001488                HTS221_HUM_GetHumidity
 .text.HTS221_TEMP_Enable
                0x0000000008001598       0x4a ./Drivers/BSP/Components/hts221.o
                0x0000000008001598                HTS221_TEMP_Enable
 .text.HTS221_TEMP_Disable
                0x00000000080015e2       0x4a ./Drivers/BSP/Components/hts221.o
                0x00000000080015e2                HTS221_TEMP_Disable
 .text.HTS221_TEMP_GetOutputDataRate
                0x000000000800162c       0x1c ./Drivers/BSP/Components/hts221.o
                0x000000000800162c                HTS221_TEMP_GetOutputDataRate
 .text.HTS221_TEMP_SetOutputDataRate
                0x0000000008001648       0x20 ./Drivers/BSP/Components/hts221.o
                0x0000000008001648                HTS221_TEMP_SetOutputDataRate
 .text.HTS221_TEMP_GetTemperature
                0x0000000008001668       0xd4 ./Drivers/BSP/Components/hts221.o
                0x0000000008001668                HTS221_TEMP_GetTemperature
 .text.HTS221_GetOutputDataRate
                0x000000000800173c       0x88 ./Drivers/BSP/Components/hts221.o
 .text.HTS221_SetOutputDataRate
                0x00000000080017c4       0x60 ./Drivers/BSP/Components/hts221.o
 .text.HTS221_Initialize
                0x0000000008001824       0x58 ./Drivers/BSP/Components/hts221.o
 .text.Linear_Interpolation
                0x000000000800187c       0x72 ./Drivers/BSP/Components/hts221.o
 .text.ReadRegWrap
                0x00000000080018ee       0x62 ./Drivers/BSP/Components/hts221.o
 .text.WriteRegWrap
                0x0000000008001950       0x62 ./Drivers/BSP/Components/hts221.o
 .text.hts221_read_reg
                0x00000000080019b2       0x30 ./Drivers/BSP/Components/hts221_reg.o
                0x00000000080019b2                hts221_read_reg
 .text.hts221_write_reg
                0x00000000080019e2       0x30 ./Drivers/BSP/Components/hts221_reg.o
                0x00000000080019e2                hts221_write_reg
 .text.hts221_data_rate_set
                0x0000000008001a12       0x4c ./Drivers/BSP/Components/hts221_reg.o
                0x0000000008001a12                hts221_data_rate_set
 *fill*         0x0000000008001a5e        0x2 
 .text.hts221_data_rate_get
                0x0000000008001a60       0x70 ./Drivers/BSP/Components/hts221_reg.o
                0x0000000008001a60                hts221_data_rate_get
 .text.hts221_block_data_update_set
                0x0000000008001ad0       0x4c ./Drivers/BSP/Components/hts221_reg.o
                0x0000000008001ad0                hts221_block_data_update_set
 .text.hts221_humidity_raw_get
                0x0000000008001b1c       0x46 ./Drivers/BSP/Components/hts221_reg.o
                0x0000000008001b1c                hts221_humidity_raw_get
 .text.hts221_temperature_raw_get
                0x0000000008001b62       0x46 ./Drivers/BSP/Components/hts221_reg.o
                0x0000000008001b62                hts221_temperature_raw_get
 .text.hts221_device_id_get
                0x0000000008001ba8       0x22 ./Drivers/BSP/Components/hts221_reg.o
                0x0000000008001ba8                hts221_device_id_get
 .text.hts221_power_on_set
                0x0000000008001bca       0x4c ./Drivers/BSP/Components/hts221_reg.o
                0x0000000008001bca                hts221_power_on_set
 .text.hts221_hum_rh_point_0_get
                0x0000000008001c16       0x3c ./Drivers/BSP/Components/hts221_reg.o
                0x0000000008001c16                hts221_hum_rh_point_0_get
 .text.hts221_hum_rh_point_1_get
                0x0000000008001c52       0x3c ./Drivers/BSP/Components/hts221_reg.o
                0x0000000008001c52                hts221_hum_rh_point_1_get
 .text.hts221_temp_deg_point_0_get
                0x0000000008001c8e       0x62 ./Drivers/BSP/Components/hts221_reg.o
                0x0000000008001c8e                hts221_temp_deg_point_0_get
 .text.hts221_temp_deg_point_1_get
                0x0000000008001cf0       0x62 ./Drivers/BSP/Components/hts221_reg.o
                0x0000000008001cf0                hts221_temp_deg_point_1_get
 .text.hts221_hum_adc_point_0_get
                0x0000000008001d52       0x48 ./Drivers/BSP/Components/hts221_reg.o
                0x0000000008001d52                hts221_hum_adc_point_0_get
 .text.hts221_hum_adc_point_1_get
                0x0000000008001d9a       0x48 ./Drivers/BSP/Components/hts221_reg.o
                0x0000000008001d9a                hts221_hum_adc_point_1_get
 .text.hts221_temp_adc_point_0_get
                0x0000000008001de2       0x48 ./Drivers/BSP/Components/hts221_reg.o
                0x0000000008001de2                hts221_temp_adc_point_0_get
 .text.hts221_temp_adc_point_1_get
                0x0000000008001e2a       0x48 ./Drivers/BSP/Components/hts221_reg.o
                0x0000000008001e2a                hts221_temp_adc_point_1_get
 *fill*         0x0000000008001e72        0x2 
 .text.LIS2DW12_RegisterBusIO
                0x0000000008001e74       0xcc ./Drivers/BSP/Components/lis2dw12.o
                0x0000000008001e74                LIS2DW12_RegisterBusIO
 .text.LIS2DW12_Init
                0x0000000008001f40       0xc4 ./Drivers/BSP/Components/lis2dw12.o
                0x0000000008001f40                LIS2DW12_Init
 .text.LIS2DW12_DeInit
                0x0000000008002004       0x44 ./Drivers/BSP/Components/lis2dw12.o
                0x0000000008002004                LIS2DW12_DeInit
 .text.LIS2DW12_ReadID
                0x0000000008002048       0x2c ./Drivers/BSP/Components/lis2dw12.o
                0x0000000008002048                LIS2DW12_ReadID
 .text.LIS2DW12_GetCapabilities
                0x0000000008002074       0x5c ./Drivers/BSP/Components/lis2dw12.o
                0x0000000008002074                LIS2DW12_GetCapabilities
 .text.LIS2DW12_ACC_Enable
                0x00000000080020d0       0x52 ./Drivers/BSP/Components/lis2dw12.o
                0x00000000080020d0                LIS2DW12_ACC_Enable
 .text.LIS2DW12_ACC_Disable
                0x0000000008002122       0x40 ./Drivers/BSP/Components/lis2dw12.o
                0x0000000008002122                LIS2DW12_ACC_Disable
 *fill*         0x0000000008002162        0x2 
 .text.LIS2DW12_ACC_GetSensitivity
                0x0000000008002164      0x190 ./Drivers/BSP/Components/lis2dw12.o
                0x0000000008002164                LIS2DW12_ACC_GetSensitivity
 .text.LIS2DW12_ACC_GetOutputDataRate
                0x00000000080022f4      0x404 ./Drivers/BSP/Components/lis2dw12.o
                0x00000000080022f4                LIS2DW12_ACC_GetOutputDataRate
 .text.LIS2DW12_ACC_SetOutputDataRate
                0x00000000080026f8       0x24 ./Drivers/BSP/Components/lis2dw12.o
                0x00000000080026f8                LIS2DW12_ACC_SetOutputDataRate
 .text.LIS2DW12_ACC_SetOutputDataRate_With_Mode
                0x000000000800271c       0x4c ./Drivers/BSP/Components/lis2dw12.o
                0x000000000800271c                LIS2DW12_ACC_SetOutputDataRate_With_Mode
 .text.LIS2DW12_ACC_GetFullScale
                0x0000000008002768       0x84 ./Drivers/BSP/Components/lis2dw12.o
                0x0000000008002768                LIS2DW12_ACC_GetFullScale
 .text.LIS2DW12_ACC_SetFullScale
                0x00000000080027ec       0x50 ./Drivers/BSP/Components/lis2dw12.o
                0x00000000080027ec                LIS2DW12_ACC_SetFullScale
 .text.LIS2DW12_ACC_GetAxesRaw
                0x000000000800283c      0x148 ./Drivers/BSP/Components/lis2dw12.o
                0x000000000800283c                LIS2DW12_ACC_GetAxesRaw
 .text.LIS2DW12_ACC_GetAxes
                0x0000000008002984       0xaa ./Drivers/BSP/Components/lis2dw12.o
                0x0000000008002984                LIS2DW12_ACC_GetAxes
 .text.LIS2DW12_Write_Reg
                0x0000000008002a2e       0x36 ./Drivers/BSP/Components/lis2dw12.o
                0x0000000008002a2e                LIS2DW12_Write_Reg
 .text.LIS2DW12_ACC_SetOutputDataRate_When_Enabled
                0x0000000008002a64      0x238 ./Drivers/BSP/Components/lis2dw12.o
 .text.LIS2DW12_ACC_SetOutputDataRate_When_Disabled
                0x0000000008002c9c      0x124 ./Drivers/BSP/Components/lis2dw12.o
 .text.ReadRegWrap
                0x0000000008002dc0       0x36 ./Drivers/BSP/Components/lis2dw12.o
 .text.WriteRegWrap
                0x0000000008002df6       0x36 ./Drivers/BSP/Components/lis2dw12.o
 .text.lis2dw12_read_reg
                0x0000000008002e2c       0x30 ./Drivers/BSP/Components/lis2dw12_reg.o
                0x0000000008002e2c                lis2dw12_read_reg
 .text.lis2dw12_write_reg
                0x0000000008002e5c       0x30 ./Drivers/BSP/Components/lis2dw12_reg.o
                0x0000000008002e5c                lis2dw12_write_reg
 .text.lis2dw12_power_mode_set
                0x0000000008002e8c       0x9c ./Drivers/BSP/Components/lis2dw12_reg.o
                0x0000000008002e8c                lis2dw12_power_mode_set
 .text.lis2dw12_power_mode_get
                0x0000000008002f28      0x174 ./Drivers/BSP/Components/lis2dw12_reg.o
                0x0000000008002f28                lis2dw12_power_mode_get
 .text.lis2dw12_data_rate_set
                0x000000000800309c       0x8a ./Drivers/BSP/Components/lis2dw12_reg.o
                0x000000000800309c                lis2dw12_data_rate_set
 *fill*         0x0000000008003126        0x2 
 .text.lis2dw12_data_rate_get
                0x0000000008003128      0x194 ./Drivers/BSP/Components/lis2dw12_reg.o
                0x0000000008003128                lis2dw12_data_rate_get
 .text.lis2dw12_block_data_update_set
                0x00000000080032bc       0x4c ./Drivers/BSP/Components/lis2dw12_reg.o
                0x00000000080032bc                lis2dw12_block_data_update_set
 .text.lis2dw12_full_scale_set
                0x0000000008003308       0x4c ./Drivers/BSP/Components/lis2dw12_reg.o
                0x0000000008003308                lis2dw12_full_scale_set
 .text.lis2dw12_full_scale_get
                0x0000000008003354       0x70 ./Drivers/BSP/Components/lis2dw12_reg.o
                0x0000000008003354                lis2dw12_full_scale_get
 .text.lis2dw12_acceleration_raw_get
                0x00000000080033c4       0x96 ./Drivers/BSP/Components/lis2dw12_reg.o
                0x00000000080033c4                lis2dw12_acceleration_raw_get
 .text.lis2dw12_device_id_get
                0x000000000800345a       0x22 ./Drivers/BSP/Components/lis2dw12_reg.o
                0x000000000800345a                lis2dw12_device_id_get
 .text.lis2dw12_auto_increment_set
                0x000000000800347c       0x4c ./Drivers/BSP/Components/lis2dw12_reg.o
                0x000000000800347c                lis2dw12_auto_increment_set
 .text.lis2dw12_fifo_mode_set
                0x00000000080034c8       0x4c ./Drivers/BSP/Components/lis2dw12_reg.o
                0x00000000080034c8                lis2dw12_fifo_mode_set
 .text.LIS2MDL_RegisterBusIO
                0x0000000008003514       0xf8 ./Drivers/BSP/Components/lis2mdl.o
                0x0000000008003514                LIS2MDL_RegisterBusIO
 .text.LIS2MDL_Init
                0x000000000800360c      0x10c ./Drivers/BSP/Components/lis2mdl.o
                0x000000000800360c                LIS2MDL_Init
 .text.LIS2MDL_DeInit
                0x0000000008003718       0x2c ./Drivers/BSP/Components/lis2mdl.o
                0x0000000008003718                LIS2MDL_DeInit
 .text.LIS2MDL_ReadID
                0x0000000008003744       0x4c ./Drivers/BSP/Components/lis2mdl.o
                0x0000000008003744                LIS2MDL_ReadID
 .text.LIS2MDL_GetCapabilities
                0x0000000008003790       0x5c ./Drivers/BSP/Components/lis2mdl.o
                0x0000000008003790                LIS2MDL_GetCapabilities
 .text.LIS2MDL_MAG_Enable
                0x00000000080037ec       0x84 ./Drivers/BSP/Components/lis2mdl.o
                0x00000000080037ec                LIS2MDL_MAG_Enable
 .text.LIS2MDL_MAG_Disable
                0x0000000008003870       0x86 ./Drivers/BSP/Components/lis2mdl.o
                0x0000000008003870                LIS2MDL_MAG_Disable
 .text.LIS2MDL_MAG_GetSensitivity
                0x00000000080038f6       0x20 ./Drivers/BSP/Components/lis2mdl.o
                0x00000000080038f6                LIS2MDL_MAG_GetSensitivity
 *fill*         0x0000000008003916        0x2 
 .text.LIS2MDL_MAG_GetOutputDataRate
                0x0000000008003918       0x8c ./Drivers/BSP/Components/lis2mdl.o
                0x0000000008003918                LIS2MDL_MAG_GetOutputDataRate
 .text.LIS2MDL_MAG_SetOutputDataRate
                0x00000000080039a4       0xc8 ./Drivers/BSP/Components/lis2mdl.o
                0x00000000080039a4                LIS2MDL_MAG_SetOutputDataRate
 .text.LIS2MDL_MAG_GetFullScale
                0x0000000008003a6c       0x1e ./Drivers/BSP/Components/lis2mdl.o
                0x0000000008003a6c                LIS2MDL_MAG_GetFullScale
 .text.LIS2MDL_MAG_SetFullScale
                0x0000000008003a8a       0x18 ./Drivers/BSP/Components/lis2mdl.o
                0x0000000008003a8a                LIS2MDL_MAG_SetFullScale
 .text.LIS2MDL_MAG_GetAxesRaw
                0x0000000008003aa2       0x48 ./Drivers/BSP/Components/lis2mdl.o
                0x0000000008003aa2                LIS2MDL_MAG_GetAxesRaw
 .text.LIS2MDL_MAG_GetAxes
                0x0000000008003aea      0x114 ./Drivers/BSP/Components/lis2mdl.o
                0x0000000008003aea                LIS2MDL_MAG_GetAxes
 .text.LIS2MDL_Write_Reg
                0x0000000008003bfe       0x56 ./Drivers/BSP/Components/lis2mdl.o
                0x0000000008003bfe                LIS2MDL_Write_Reg
 .text.ReadMagRegWrap
                0x0000000008003c54       0x82 ./Drivers/BSP/Components/lis2mdl.o
 .text.WriteMagRegWrap
                0x0000000008003cd6       0x82 ./Drivers/BSP/Components/lis2mdl.o
 .text.LSM6DSOX_SENSORHUB_LIS2MDL_ReadShData
                0x0000000008003d58      0x27e ./Drivers/BSP/Components/lis2mdl.o
 .text.LSM6DSOX_SENSORHUB_LIS2MDL_WriteShData
                0x0000000008003fd6      0x23c ./Drivers/BSP/Components/lis2mdl.o
 .text.lis2mdl_read_reg
                0x0000000008004212       0x30 ./Drivers/BSP/Components/lis2mdl_reg.o
                0x0000000008004212                lis2mdl_read_reg
 .text.lis2mdl_write_reg
                0x0000000008004242       0x30 ./Drivers/BSP/Components/lis2mdl_reg.o
                0x0000000008004242                lis2mdl_write_reg
 .text.lis2mdl_operating_mode_set
                0x0000000008004272       0x4c ./Drivers/BSP/Components/lis2mdl_reg.o
                0x0000000008004272                lis2mdl_operating_mode_set
 .text.lis2mdl_data_rate_set
                0x00000000080042be       0x4c ./Drivers/BSP/Components/lis2mdl_reg.o
                0x00000000080042be                lis2mdl_data_rate_set
 *fill*         0x000000000800430a        0x2 
 .text.lis2mdl_data_rate_get
                0x000000000800430c       0x70 ./Drivers/BSP/Components/lis2mdl_reg.o
                0x000000000800430c                lis2mdl_data_rate_get
 .text.lis2mdl_block_data_update_set
                0x000000000800437c       0x4c ./Drivers/BSP/Components/lis2mdl_reg.o
                0x000000000800437c                lis2mdl_block_data_update_set
 .text.lis2mdl_magnetic_raw_get
                0x00000000080043c8       0x96 ./Drivers/BSP/Components/lis2mdl_reg.o
                0x00000000080043c8                lis2mdl_magnetic_raw_get
 .text.lis2mdl_device_id_get
                0x000000000800445e       0x22 ./Drivers/BSP/Components/lis2mdl_reg.o
                0x000000000800445e                lis2mdl_device_id_get
 .text.lis2mdl_self_test_set
                0x0000000008004480       0x4c ./Drivers/BSP/Components/lis2mdl_reg.o
                0x0000000008004480                lis2mdl_self_test_set
 .text.lis2mdl_i2c_interface_set
                0x00000000080044cc       0x4c ./Drivers/BSP/Components/lis2mdl_reg.o
                0x00000000080044cc                lis2mdl_i2c_interface_set
 .text.LPS22HH_RegisterBusIO
                0x0000000008004518       0xcc ./Drivers/BSP/Components/lps22hh.o
                0x0000000008004518                LPS22HH_RegisterBusIO
 .text.LPS22HH_Init
                0x00000000080045e4       0x36 ./Drivers/BSP/Components/lps22hh.o
                0x00000000080045e4                LPS22HH_Init
 .text.LPS22HH_DeInit
                0x000000000800461a       0x48 ./Drivers/BSP/Components/lps22hh.o
                0x000000000800461a                LPS22HH_DeInit
 .text.LPS22HH_ReadID
                0x0000000008004662       0x2c ./Drivers/BSP/Components/lps22hh.o
                0x0000000008004662                LPS22HH_ReadID
 *fill*         0x000000000800468e        0x2 
 .text.LPS22HH_GetCapabilities
                0x0000000008004690       0x48 ./Drivers/BSP/Components/lps22hh.o
                0x0000000008004690                LPS22HH_GetCapabilities
 .text.LPS22HH_PRESS_Enable
                0x00000000080046d8       0x48 ./Drivers/BSP/Components/lps22hh.o
                0x00000000080046d8                LPS22HH_PRESS_Enable
 .text.LPS22HH_PRESS_Disable
                0x0000000008004720       0x68 ./Drivers/BSP/Components/lps22hh.o
                0x0000000008004720                LPS22HH_PRESS_Disable
 .text.LPS22HH_PRESS_GetOutputDataRate
                0x0000000008004788       0x1c ./Drivers/BSP/Components/lps22hh.o
                0x0000000008004788                LPS22HH_PRESS_GetOutputDataRate
 .text.LPS22HH_PRESS_SetOutputDataRate
                0x00000000080047a4       0x38 ./Drivers/BSP/Components/lps22hh.o
                0x00000000080047a4                LPS22HH_PRESS_SetOutputDataRate
 .text.LPS22HH_PRESS_GetPressure
                0x00000000080047dc       0x50 ./Drivers/BSP/Components/lps22hh.o
                0x00000000080047dc                LPS22HH_PRESS_GetPressure
 .text.LPS22HH_TEMP_Enable
                0x000000000800482c       0x48 ./Drivers/BSP/Components/lps22hh.o
                0x000000000800482c                LPS22HH_TEMP_Enable
 .text.LPS22HH_TEMP_Disable
                0x0000000008004874       0x68 ./Drivers/BSP/Components/lps22hh.o
                0x0000000008004874                LPS22HH_TEMP_Disable
 .text.LPS22HH_TEMP_GetOutputDataRate
                0x00000000080048dc       0x1c ./Drivers/BSP/Components/lps22hh.o
                0x00000000080048dc                LPS22HH_TEMP_GetOutputDataRate
 .text.LPS22HH_TEMP_SetOutputDataRate
                0x00000000080048f8       0x38 ./Drivers/BSP/Components/lps22hh.o
                0x00000000080048f8                LPS22HH_TEMP_SetOutputDataRate
 .text.LPS22HH_TEMP_GetTemperature
                0x0000000008004930       0x52 ./Drivers/BSP/Components/lps22hh.o
                0x0000000008004930                LPS22HH_TEMP_GetTemperature
 .text.LPS22HH_Write_Reg
                0x0000000008004982       0x36 ./Drivers/BSP/Components/lps22hh.o
                0x0000000008004982                LPS22HH_Write_Reg
 .text.LPS22HH_GetOutputDataRate
                0x00000000080049b8       0xc8 ./Drivers/BSP/Components/lps22hh.o
 .text.LPS22HH_SetOutputDataRate_When_Enabled
                0x0000000008004a80       0xe4 ./Drivers/BSP/Components/lps22hh.o
 .text.LPS22HH_SetOutputDataRate_When_Disabled
                0x0000000008004b64       0xb4 ./Drivers/BSP/Components/lps22hh.o
 .text.LPS22HH_Initialize
                0x0000000008004c18       0x92 ./Drivers/BSP/Components/lps22hh.o
 .text.ReadRegWrap
                0x0000000008004caa       0x36 ./Drivers/BSP/Components/lps22hh.o
 .text.WriteRegWrap
                0x0000000008004ce0       0x36 ./Drivers/BSP/Components/lps22hh.o
 .text.lps22hh_read_reg
                0x0000000008004d16       0x30 ./Drivers/BSP/Components/lps22hh_reg.o
                0x0000000008004d16                lps22hh_read_reg
 .text.lps22hh_write_reg
                0x0000000008004d46       0x30 ./Drivers/BSP/Components/lps22hh_reg.o
                0x0000000008004d46                lps22hh_write_reg
 *fill*         0x0000000008004d76        0x2 
 .text.lps22hh_from_lsb_to_hpa
                0x0000000008004d78       0x30 ./Drivers/BSP/Components/lps22hh_reg.o
                0x0000000008004d78                lps22hh_from_lsb_to_hpa
 .text.lps22hh_from_lsb_to_celsius
                0x0000000008004da8       0x34 ./Drivers/BSP/Components/lps22hh_reg.o
                0x0000000008004da8                lps22hh_from_lsb_to_celsius
 .text.lps22hh_block_data_update_set
                0x0000000008004ddc       0x4c ./Drivers/BSP/Components/lps22hh_reg.o
                0x0000000008004ddc                lps22hh_block_data_update_set
 .text.lps22hh_data_rate_set
                0x0000000008004e28       0x9c ./Drivers/BSP/Components/lps22hh_reg.o
                0x0000000008004e28                lps22hh_data_rate_set
 .text.lps22hh_data_rate_get
                0x0000000008004ec4      0x150 ./Drivers/BSP/Components/lps22hh_reg.o
                0x0000000008004ec4                lps22hh_data_rate_get
 .text.lps22hh_pressure_raw_get
                0x0000000008005014       0x52 ./Drivers/BSP/Components/lps22hh_reg.o
                0x0000000008005014                lps22hh_pressure_raw_get
 .text.lps22hh_temperature_raw_get
                0x0000000008005066       0x46 ./Drivers/BSP/Components/lps22hh_reg.o
                0x0000000008005066                lps22hh_temperature_raw_get
 .text.lps22hh_device_id_get
                0x00000000080050ac       0x22 ./Drivers/BSP/Components/lps22hh_reg.o
                0x00000000080050ac                lps22hh_device_id_get
 .text.lps22hh_auto_increment_set
                0x00000000080050ce       0x4c ./Drivers/BSP/Components/lps22hh_reg.o
                0x00000000080050ce                lps22hh_auto_increment_set
 .text.lps22hh_lp_bandwidth_set
                0x000000000800511a       0x4c ./Drivers/BSP/Components/lps22hh_reg.o
                0x000000000800511a                lps22hh_lp_bandwidth_set
 .text.lps22hh_i3c_interface_set
                0x0000000008005166       0x5e ./Drivers/BSP/Components/lps22hh_reg.o
                0x0000000008005166                lps22hh_i3c_interface_set
 .text.LSM6DSO_RegisterBusIO
                0x00000000080051c4       0xcc ./Drivers/BSP/Components/lsm6dso.o
                0x00000000080051c4                LSM6DSO_RegisterBusIO
 .text.LSM6DSO_Init
                0x0000000008005290       0xea ./Drivers/BSP/Components/lsm6dso.o
                0x0000000008005290                LSM6DSO_Init
 .text.LSM6DSO_DeInit
                0x000000000800537a       0x4e ./Drivers/BSP/Components/lsm6dso.o
                0x000000000800537a                LSM6DSO_DeInit
 .text.LSM6DSO_ReadID
                0x00000000080053c8       0x2c ./Drivers/BSP/Components/lsm6dso.o
                0x00000000080053c8                LSM6DSO_ReadID
 .text.LSM6DSO_GetCapabilities
                0x00000000080053f4       0x5c ./Drivers/BSP/Components/lsm6dso.o
                0x00000000080053f4                LSM6DSO_GetCapabilities
 .text.LSM6DSO_ACC_Enable
                0x0000000008005450       0x48 ./Drivers/BSP/Components/lsm6dso.o
                0x0000000008005450                LSM6DSO_ACC_Enable
 .text.LSM6DSO_ACC_Disable
                0x0000000008005498       0x5e ./Drivers/BSP/Components/lsm6dso.o
                0x0000000008005498                LSM6DSO_ACC_Disable
 *fill*         0x00000000080054f6        0x2 
 .text.LSM6DSO_ACC_GetSensitivity
                0x00000000080054f8       0x8c ./Drivers/BSP/Components/lsm6dso.o
                0x00000000080054f8                LSM6DSO_ACC_GetSensitivity
 .text.LSM6DSO_ACC_GetOutputDataRate
                0x0000000008005584      0x108 ./Drivers/BSP/Components/lsm6dso.o
                0x0000000008005584                LSM6DSO_ACC_GetOutputDataRate
 .text.LSM6DSO_ACC_SetOutputDataRate
                0x000000000800568c       0x22 ./Drivers/BSP/Components/lsm6dso.o
                0x000000000800568c                LSM6DSO_ACC_SetOutputDataRate
 *fill*         0x00000000080056ae        0x2 
 .text.LSM6DSO_ACC_SetOutputDataRate_With_Mode
                0x00000000080056b0      0x33c ./Drivers/BSP/Components/lsm6dso.o
                0x00000000080056b0                LSM6DSO_ACC_SetOutputDataRate_With_Mode
 .text.LSM6DSO_ACC_GetFullScale
                0x00000000080059ec       0x7c ./Drivers/BSP/Components/lsm6dso.o
                0x00000000080059ec                LSM6DSO_ACC_GetFullScale
 .text.LSM6DSO_ACC_SetFullScale
                0x0000000008005a68       0x50 ./Drivers/BSP/Components/lsm6dso.o
                0x0000000008005a68                LSM6DSO_ACC_SetFullScale
 .text.LSM6DSO_ACC_GetAxesRaw
                0x0000000008005ab8       0x48 ./Drivers/BSP/Components/lsm6dso.o
                0x0000000008005ab8                LSM6DSO_ACC_GetAxesRaw
 .text.LSM6DSO_ACC_GetAxes
                0x0000000008005b00       0xae ./Drivers/BSP/Components/lsm6dso.o
                0x0000000008005b00                LSM6DSO_ACC_GetAxes
 .text.LSM6DSO_GYRO_Enable
                0x0000000008005bae       0x48 ./Drivers/BSP/Components/lsm6dso.o
                0x0000000008005bae                LSM6DSO_GYRO_Enable
 .text.LSM6DSO_GYRO_Disable
                0x0000000008005bf6       0x5e ./Drivers/BSP/Components/lsm6dso.o
                0x0000000008005bf6                LSM6DSO_GYRO_Disable
 .text.LSM6DSO_GYRO_GetSensitivity
                0x0000000008005c54       0xa4 ./Drivers/BSP/Components/lsm6dso.o
                0x0000000008005c54                LSM6DSO_GYRO_GetSensitivity
 .text.LSM6DSO_GYRO_GetOutputDataRate
                0x0000000008005cf8       0xf8 ./Drivers/BSP/Components/lsm6dso.o
                0x0000000008005cf8                LSM6DSO_GYRO_GetOutputDataRate
 .text.LSM6DSO_GYRO_SetOutputDataRate
                0x0000000008005df0       0x22 ./Drivers/BSP/Components/lsm6dso.o
                0x0000000008005df0                LSM6DSO_GYRO_SetOutputDataRate
 *fill*         0x0000000008005e12        0x2 
 .text.LSM6DSO_GYRO_SetOutputDataRate_With_Mode
                0x0000000008005e14      0x12c ./Drivers/BSP/Components/lsm6dso.o
                0x0000000008005e14                LSM6DSO_GYRO_SetOutputDataRate_With_Mode
 .text.LSM6DSO_GYRO_GetFullScale
                0x0000000008005f40       0x94 ./Drivers/BSP/Components/lsm6dso.o
                0x0000000008005f40                LSM6DSO_GYRO_GetFullScale
 .text.LSM6DSO_GYRO_SetFullScale
                0x0000000008005fd4       0x5e ./Drivers/BSP/Components/lsm6dso.o
                0x0000000008005fd4                LSM6DSO_GYRO_SetFullScale
 .text.LSM6DSO_GYRO_GetAxesRaw
                0x0000000008006032       0x48 ./Drivers/BSP/Components/lsm6dso.o
                0x0000000008006032                LSM6DSO_GYRO_GetAxesRaw
 .text.LSM6DSO_GYRO_GetAxes
                0x000000000800607a       0xa8 ./Drivers/BSP/Components/lsm6dso.o
                0x000000000800607a                LSM6DSO_GYRO_GetAxes
 .text.LSM6DSO_Write_Reg
                0x0000000008006122       0x36 ./Drivers/BSP/Components/lsm6dso.o
                0x0000000008006122                LSM6DSO_Write_Reg
 .text.LSM6DSO_ACC_SetOutputDataRate_When_Enabled
                0x0000000008006158      0x130 ./Drivers/BSP/Components/lsm6dso.o
 .text.LSM6DSO_ACC_SetOutputDataRate_When_Disabled
                0x0000000008006288      0x120 ./Drivers/BSP/Components/lsm6dso.o
 .text.LSM6DSO_GYRO_SetOutputDataRate_When_Enabled
                0x00000000080063a8      0x118 ./Drivers/BSP/Components/lsm6dso.o
 .text.LSM6DSO_GYRO_SetOutputDataRate_When_Disabled
                0x00000000080064c0      0x104 ./Drivers/BSP/Components/lsm6dso.o
 .text.ReadRegWrap
                0x00000000080065c4       0x36 ./Drivers/BSP/Components/lsm6dso.o
 .text.WriteRegWrap
                0x00000000080065fa       0x36 ./Drivers/BSP/Components/lsm6dso.o
 .text.lsm6dso_read_reg
                0x0000000008006630       0x30 ./Drivers/BSP/Components/lsm6dso_reg.o
                0x0000000008006630                lsm6dso_read_reg
 .text.lsm6dso_write_reg
                0x0000000008006660       0x30 ./Drivers/BSP/Components/lsm6dso_reg.o
                0x0000000008006660                lsm6dso_write_reg
 .text.lsm6dso_xl_full_scale_set
                0x0000000008006690       0x4c ./Drivers/BSP/Components/lsm6dso_reg.o
                0x0000000008006690                lsm6dso_xl_full_scale_set
 .text.lsm6dso_xl_full_scale_get
                0x00000000080066dc       0x70 ./Drivers/BSP/Components/lsm6dso_reg.o
                0x00000000080066dc                lsm6dso_xl_full_scale_get
 .text.lsm6dso_xl_data_rate_set
                0x000000000800674c      0x1f8 ./Drivers/BSP/Components/lsm6dso_reg.o
                0x000000000800674c                lsm6dso_xl_data_rate_set
 .text.lsm6dso_xl_data_rate_get
                0x0000000008006944       0xd0 ./Drivers/BSP/Components/lsm6dso_reg.o
                0x0000000008006944                lsm6dso_xl_data_rate_get
 .text.lsm6dso_gy_full_scale_set
                0x0000000008006a14       0x4c ./Drivers/BSP/Components/lsm6dso_reg.o
                0x0000000008006a14                lsm6dso_gy_full_scale_set
 .text.lsm6dso_gy_full_scale_get
                0x0000000008006a60       0x84 ./Drivers/BSP/Components/lsm6dso_reg.o
                0x0000000008006a60                lsm6dso_gy_full_scale_get
 .text.lsm6dso_gy_data_rate_set
                0x0000000008006ae4      0x1f8 ./Drivers/BSP/Components/lsm6dso_reg.o
                0x0000000008006ae4                lsm6dso_gy_data_rate_set
 .text.lsm6dso_gy_data_rate_get
                0x0000000008006cdc       0xc4 ./Drivers/BSP/Components/lsm6dso_reg.o
                0x0000000008006cdc                lsm6dso_gy_data_rate_get
 .text.lsm6dso_block_data_update_set
                0x0000000008006da0       0x4c ./Drivers/BSP/Components/lsm6dso_reg.o
                0x0000000008006da0                lsm6dso_block_data_update_set
 .text.lsm6dso_angular_rate_raw_get
                0x0000000008006dec       0x96 ./Drivers/BSP/Components/lsm6dso_reg.o
                0x0000000008006dec                lsm6dso_angular_rate_raw_get
 .text.lsm6dso_acceleration_raw_get
                0x0000000008006e82       0x96 ./Drivers/BSP/Components/lsm6dso_reg.o
                0x0000000008006e82                lsm6dso_acceleration_raw_get
 .text.lsm6dso_mem_bank_set
                0x0000000008006f18       0x4c ./Drivers/BSP/Components/lsm6dso_reg.o
                0x0000000008006f18                lsm6dso_mem_bank_set
 .text.lsm6dso_device_id_get
                0x0000000008006f64       0x22 ./Drivers/BSP/Components/lsm6dso_reg.o
                0x0000000008006f64                lsm6dso_device_id_get
 .text.lsm6dso_auto_increment_set
                0x0000000008006f86       0x4c ./Drivers/BSP/Components/lsm6dso_reg.o
                0x0000000008006f86                lsm6dso_auto_increment_set
 .text.lsm6dso_i3c_disable_set
                0x0000000008006fd2       0x8c ./Drivers/BSP/Components/lsm6dso_reg.o
                0x0000000008006fd2                lsm6dso_i3c_disable_set
 .text.lsm6dso_fifo_mode_set
                0x000000000800705e       0x4c ./Drivers/BSP/Components/lsm6dso_reg.o
                0x000000000800705e                lsm6dso_fifo_mode_set
 .text.lsm6dso_fsm_enable_get
                0x00000000080070aa       0x42 ./Drivers/BSP/Components/lsm6dso_reg.o
                0x00000000080070aa                lsm6dso_fsm_enable_get
 .text.lsm6dso_fsm_data_rate_get
                0x00000000080070ec       0x90 ./Drivers/BSP/Components/lsm6dso_reg.o
                0x00000000080070ec                lsm6dso_fsm_data_rate_get
 .text.STTS751_RegisterBusIO
                0x000000000800717c       0x8c ./Drivers/BSP/Components/stts751.o
                0x000000000800717c                STTS751_RegisterBusIO
 .text.STTS751_Init
                0x0000000008007208       0x74 ./Drivers/BSP/Components/stts751.o
                0x0000000008007208                STTS751_Init
 .text.STTS751_DeInit
                0x000000000800727c       0x36 ./Drivers/BSP/Components/stts751.o
                0x000000000800727c                STTS751_DeInit
 .text.STTS751_ReadID
                0x00000000080072b2       0x36 ./Drivers/BSP/Components/stts751.o
                0x00000000080072b2                STTS751_ReadID
 .text.STTS751_GetCapabilities
                0x00000000080072e8       0x48 ./Drivers/BSP/Components/stts751.o
                0x00000000080072e8                STTS751_GetCapabilities
 .text.STTS751_TEMP_Enable
                0x0000000008007330       0x44 ./Drivers/BSP/Components/stts751.o
                0x0000000008007330                STTS751_TEMP_Enable
 .text.STTS751_TEMP_Disable
                0x0000000008007374       0x58 ./Drivers/BSP/Components/stts751.o
                0x0000000008007374                STTS751_TEMP_Disable
 .text.STTS751_TEMP_GetOutputDataRate
                0x00000000080073cc       0xf4 ./Drivers/BSP/Components/stts751.o
                0x00000000080073cc                STTS751_TEMP_GetOutputDataRate
 .text.STTS751_TEMP_SetOutputDataRate
                0x00000000080074c0      0x184 ./Drivers/BSP/Components/stts751.o
                0x00000000080074c0                STTS751_TEMP_SetOutputDataRate
 .text.STTS751_TEMP_GetTemperature
                0x0000000008007644       0x44 ./Drivers/BSP/Components/stts751.o
                0x0000000008007644                STTS751_TEMP_GetTemperature
 .text.ReadRegWrap
                0x0000000008007688       0x6e ./Drivers/BSP/Components/stts751.o
 .text.WriteRegWrap
                0x00000000080076f6       0x6e ./Drivers/BSP/Components/stts751.o
 .text.stts751_read_reg
                0x0000000008007764       0x30 ./Drivers/BSP/Components/stts751_reg.o
                0x0000000008007764                stts751_read_reg
 .text.stts751_write_reg
                0x0000000008007794       0x30 ./Drivers/BSP/Components/stts751_reg.o
                0x0000000008007794                stts751_write_reg
 .text.stts751_from_lsb_to_celsius
                0x00000000080077c4       0x34 ./Drivers/BSP/Components/stts751_reg.o
                0x00000000080077c4                stts751_from_lsb_to_celsius
 .text.stts751_temp_data_rate_set
                0x00000000080077f8       0xac ./Drivers/BSP/Components/stts751_reg.o
                0x00000000080077f8                stts751_temp_data_rate_set
 .text.stts751_temp_data_rate_get
                0x00000000080078a4      0x100 ./Drivers/BSP/Components/stts751_reg.o
                0x00000000080078a4                stts751_temp_data_rate_get
 .text.stts751_resolution_set
                0x00000000080079a4       0x4c ./Drivers/BSP/Components/stts751_reg.o
                0x00000000080079a4                stts751_resolution_set
 .text.stts751_resolution_get
                0x00000000080079f0       0x70 ./Drivers/BSP/Components/stts751_reg.o
                0x00000000080079f0                stts751_resolution_get
 .text.stts751_temperature_raw_get
                0x0000000008007a60       0x5e ./Drivers/BSP/Components/stts751_reg.o
                0x0000000008007a60                stts751_temperature_raw_get
 .text.stts751_pin_event_route_set
                0x0000000008007abe       0x4c ./Drivers/BSP/Components/stts751_reg.o
                0x0000000008007abe                stts751_pin_event_route_set
 .text.stts751_device_id_get
                0x0000000008007b0a       0x4e ./Drivers/BSP/Components/stts751_reg.o
                0x0000000008007b0a                stts751_device_id_get
 .text.IKS01A3_ENV_SENSOR_Init
                0x0000000008007b58      0x1f8 ./Drivers/BSP/IKS01A3/iks01a3_env_sensors.o
                0x0000000008007b58                IKS01A3_ENV_SENSOR_Init
 .text.IKS01A3_ENV_SENSOR_Enable
                0x0000000008007d50       0x84 ./Drivers/BSP/IKS01A3/iks01a3_env_sensors.o
                0x0000000008007d50                IKS01A3_ENV_SENSOR_Enable
 .text.IKS01A3_ENV_SENSOR_Disable
                0x0000000008007dd4       0x84 ./Drivers/BSP/IKS01A3/iks01a3_env_sensors.o
                0x0000000008007dd4                IKS01A3_ENV_SENSOR_Disable
 .text.IKS01A3_ENV_SENSOR_GetValue
                0x0000000008007e58       0x88 ./Drivers/BSP/IKS01A3/iks01a3_env_sensors.o
                0x0000000008007e58                IKS01A3_ENV_SENSOR_GetValue
 .text.HTS221_0_Probe
                0x0000000008007ee0      0x174 ./Drivers/BSP/IKS01A3/iks01a3_env_sensors.o
 .text.LPS22HH_0_Probe
                0x0000000008008054      0x178 ./Drivers/BSP/IKS01A3/iks01a3_env_sensors.o
 .text.STTS751_0_Probe
                0x00000000080081cc      0x148 ./Drivers/BSP/IKS01A3/iks01a3_env_sensors.o
 .text.IKS01A3_MOTION_SENSOR_Init
                0x0000000008008314      0x1f8 ./Drivers/BSP/IKS01A3/iks01a3_motion_sensors.o
                0x0000000008008314                IKS01A3_MOTION_SENSOR_Init
 .text.IKS01A3_MOTION_SENSOR_Enable
                0x000000000800850c       0x84 ./Drivers/BSP/IKS01A3/iks01a3_motion_sensors.o
                0x000000000800850c                IKS01A3_MOTION_SENSOR_Enable
 .text.IKS01A3_MOTION_SENSOR_Disable
                0x0000000008008590       0x84 ./Drivers/BSP/IKS01A3/iks01a3_motion_sensors.o
                0x0000000008008590                IKS01A3_MOTION_SENSOR_Disable
 .text.IKS01A3_MOTION_SENSOR_GetAxes
                0x0000000008008614       0x88 ./Drivers/BSP/IKS01A3/iks01a3_motion_sensors.o
                0x0000000008008614                IKS01A3_MOTION_SENSOR_GetAxes
 .text.IKS01A3_MOTION_SENSOR_SetOutputDataRate
                0x000000000800869c       0x8c ./Drivers/BSP/IKS01A3/iks01a3_motion_sensors.o
                0x000000000800869c                IKS01A3_MOTION_SENSOR_SetOutputDataRate
 .text.IKS01A3_MOTION_SENSOR_SetFullScale
                0x0000000008008728       0x88 ./Drivers/BSP/IKS01A3/iks01a3_motion_sensors.o
                0x0000000008008728                IKS01A3_MOTION_SENSOR_SetFullScale
 .text.LSM6DSO_0_Probe
                0x00000000080087b0      0x178 ./Drivers/BSP/IKS01A3/iks01a3_motion_sensors.o
 .text.LIS2DW12_0_Probe
                0x0000000008008928      0x148 ./Drivers/BSP/IKS01A3/iks01a3_motion_sensors.o
 .text.LIS2MDL_0_Probe
                0x0000000008008a70      0x148 ./Drivers/BSP/IKS01A3/iks01a3_motion_sensors.o
 .text.HAL_Init
                0x0000000008008bb8       0x40 ./Drivers/STM32L4xx_HAL_Driver/stm32l4xx_hal.o
                0x0000000008008bb8                HAL_Init
 .text.HAL_InitTick
                0x0000000008008bf8       0x78 ./Drivers/STM32L4xx_HAL_Driver/stm32l4xx_hal.o
                0x0000000008008bf8                HAL_InitTick
 .text.HAL_IncTick
                0x0000000008008c70       0x28 ./Drivers/STM32L4xx_HAL_Driver/stm32l4xx_hal.o
                0x0000000008008c70                HAL_IncTick
 .text.HAL_GetTick
                0x0000000008008c98       0x18 ./Drivers/STM32L4xx_HAL_Driver/stm32l4xx_hal.o
                0x0000000008008c98                HAL_GetTick
 .text.HAL_Delay
                0x0000000008008cb0       0x48 ./Drivers/STM32L4xx_HAL_Driver/stm32l4xx_hal.o
                0x0000000008008cb0                HAL_Delay
 .text.__NVIC_SetPriorityGrouping
                0x0000000008008cf8       0x48 ./Drivers/STM32L4xx_HAL_Driver/stm32l4xx_hal_cortex.o
 .text.__NVIC_GetPriorityGrouping
                0x0000000008008d40       0x1c ./Drivers/STM32L4xx_HAL_Driver/stm32l4xx_hal_cortex.o
 .text.__NVIC_EnableIRQ
                0x0000000008008d5c       0x3c ./Drivers/STM32L4xx_HAL_Driver/stm32l4xx_hal_cortex.o
 .text.__NVIC_SetPriority
                0x0000000008008d98       0x54 ./Drivers/STM32L4xx_HAL_Driver/stm32l4xx_hal_cortex.o
 .text.NVIC_EncodePriority
                0x0000000008008dec       0x66 ./Drivers/STM32L4xx_HAL_Driver/stm32l4xx_hal_cortex.o
 *fill*         0x0000000008008e52        0x2 
 .text.SysTick_Config
                0x0000000008008e54       0x44 ./Drivers/STM32L4xx_HAL_Driver/stm32l4xx_hal_cortex.o
 .text.HAL_NVIC_SetPriorityGrouping
                0x0000000008008e98       0x16 ./Drivers/STM32L4xx_HAL_Driver/stm32l4xx_hal_cortex.o
                0x0000000008008e98                HAL_NVIC_SetPriorityGrouping
 .text.HAL_NVIC_SetPriority
                0x0000000008008eae       0x38 ./Drivers/STM32L4xx_HAL_Driver/stm32l4xx_hal_cortex.o
                0x0000000008008eae                HAL_NVIC_SetPriority
 .text.HAL_NVIC_EnableIRQ
                0x0000000008008ee6       0x1c ./Drivers/STM32L4xx_HAL_Driver/stm32l4xx_hal_cortex.o
                0x0000000008008ee6                HAL_NVIC_EnableIRQ
 .text.HAL_SYSTICK_Config
                0x0000000008008f02       0x18 ./Drivers/STM32L4xx_HAL_Driver/stm32l4xx_hal_cortex.o
                0x0000000008008f02                HAL_SYSTICK_Config
 *fill*         0x0000000008008f1a        0x2 
 .text.HAL_CRC_Init
                0x0000000008008f1c       0xc8 ./Drivers/STM32L4xx_HAL_Driver/stm32l4xx_hal_crc.o
                0x0000000008008f1c                HAL_CRC_Init
 .text.HAL_CRCEx_Polynomial_Set
                0x0000000008008fe4      0x10c ./Drivers/STM32L4xx_HAL_Driver/stm32l4xx_hal_crc_ex.o
                0x0000000008008fe4                HAL_CRCEx_Polynomial_Set
 .text.HAL_DMA_Init
                0x00000000080090f0      0x170 ./Drivers/STM32L4xx_HAL_Driver/stm32l4xx_hal_dma.o
                0x00000000080090f0                HAL_DMA_Init
 .text.HAL_DMA_Start_IT
                0x0000000008009260       0xc0 ./Drivers/STM32L4xx_HAL_Driver/stm32l4xx_hal_dma.o
                0x0000000008009260                HAL_DMA_Start_IT
 .text.HAL_DMA_IRQHandler
                0x0000000008009320      0x15e ./Drivers/STM32L4xx_HAL_Driver/stm32l4xx_hal_dma.o
                0x0000000008009320                HAL_DMA_IRQHandler
 .text.DMA_SetConfig
                0x000000000800947e       0x60 ./Drivers/STM32L4xx_HAL_Driver/stm32l4xx_hal_dma.o
 *fill*         0x00000000080094de        0x2 
 .text.HAL_GPIO_Init
                0x00000000080094e0      0x354 ./Drivers/STM32L4xx_HAL_Driver/stm32l4xx_hal_gpio.o
                0x00000000080094e0                HAL_GPIO_Init
 .text.HAL_GPIO_DeInit
                0x0000000008009834      0x1e8 ./Drivers/STM32L4xx_HAL_Driver/stm32l4xx_hal_gpio.o
                0x0000000008009834                HAL_GPIO_DeInit
 .text.HAL_GPIO_WritePin
                0x0000000008009a1c       0x30 ./Drivers/STM32L4xx_HAL_Driver/stm32l4xx_hal_gpio.o
                0x0000000008009a1c                HAL_GPIO_WritePin
 .text.HAL_GPIO_EXTI_IRQHandler
                0x0000000008009a4c       0x30 ./Drivers/STM32L4xx_HAL_Driver/stm32l4xx_hal_gpio.o
                0x0000000008009a4c                HAL_GPIO_EXTI_IRQHandler
 .text.HAL_GPIO_EXTI_Callback
                0x0000000008009a7c       0x16 ./Drivers/STM32L4xx_HAL_Driver/stm32l4xx_hal_gpio.o
                0x0000000008009a7c                HAL_GPIO_EXTI_Callback
 .text.HAL_I2C_Init
                0x0000000008009a92      0x11e ./Drivers/STM32L4xx_HAL_Driver/stm32l4xx_hal_i2c.o
                0x0000000008009a92                HAL_I2C_Init
 .text.HAL_I2C_DeInit
                0x0000000008009bb0       0x5e ./Drivers/STM32L4xx_HAL_Driver/stm32l4xx_hal_i2c.o
                0x0000000008009bb0                HAL_I2C_DeInit
 .text.HAL_I2C_MspInit
                0x0000000008009c0e       0x14 ./Drivers/STM32L4xx_HAL_Driver/stm32l4xx_hal_i2c.o
                0x0000000008009c0e                HAL_I2C_MspInit
 .text.HAL_I2C_MspDeInit
                0x0000000008009c22       0x14 ./Drivers/STM32L4xx_HAL_Driver/stm32l4xx_hal_i2c.o
                0x0000000008009c22                HAL_I2C_MspDeInit
 *fill*         0x0000000008009c36        0x2 
 .text.HAL_I2C_Mem_Write
                0x0000000008009c38      0x228 ./Drivers/STM32L4xx_HAL_Driver/stm32l4xx_hal_i2c.o
                0x0000000008009c38                HAL_I2C_Mem_Write
 .text.HAL_I2C_Mem_Read
                0x0000000008009e60      0x234 ./Drivers/STM32L4xx_HAL_Driver/stm32l4xx_hal_i2c.o
                0x0000000008009e60                HAL_I2C_Mem_Read
 .text.HAL_I2C_GetState
                0x000000000800a094       0x1c ./Drivers/STM32L4xx_HAL_Driver/stm32l4xx_hal_i2c.o
                0x000000000800a094                HAL_I2C_GetState
 .text.HAL_I2C_GetError
                0x000000000800a0b0       0x18 ./Drivers/STM32L4xx_HAL_Driver/stm32l4xx_hal_i2c.o
                0x000000000800a0b0                HAL_I2C_GetError
 .text.I2C_RequestMemoryWrite
                0x000000000800a0c8       0xa8 ./Drivers/STM32L4xx_HAL_Driver/stm32l4xx_hal_i2c.o
 .text.I2C_RequestMemoryRead
                0x000000000800a170       0xa8 ./Drivers/STM32L4xx_HAL_Driver/stm32l4xx_hal_i2c.o
 .text.I2C_Flush_TXDR
                0x000000000800a218       0x48 ./Drivers/STM32L4xx_HAL_Driver/stm32l4xx_hal_i2c.o
 .text.I2C_WaitOnFlagUntilTimeout
                0x000000000800a260       0x80 ./Drivers/STM32L4xx_HAL_Driver/stm32l4xx_hal_i2c.o
 .text.I2C_WaitOnTXISFlagUntilTimeout
                0x000000000800a2e0       0x80 ./Drivers/STM32L4xx_HAL_Driver/stm32l4xx_hal_i2c.o
 .text.I2C_WaitOnSTOPFlagUntilTimeout
                0x000000000800a360       0x78 ./Drivers/STM32L4xx_HAL_Driver/stm32l4xx_hal_i2c.o
 .text.I2C_IsErrorOccurred
                0x000000000800a3d8      0x1d8 ./Drivers/STM32L4xx_HAL_Driver/stm32l4xx_hal_i2c.o
 .text.I2C_TransferConfig
                0x000000000800a5b0       0x64 ./Drivers/STM32L4xx_HAL_Driver/stm32l4xx_hal_i2c.o
 .text.HAL_I2CEx_ConfigAnalogFilter
                0x000000000800a614       0x96 ./Drivers/STM32L4xx_HAL_Driver/stm32l4xx_hal_i2c_ex.o
                0x000000000800a614                HAL_I2CEx_ConfigAnalogFilter
 .text.HAL_I2CEx_ConfigDigitalFilter
                0x000000000800a6aa       0x98 ./Drivers/STM32L4xx_HAL_Driver/stm32l4xx_hal_i2c_ex.o
                0x000000000800a6aa                HAL_I2CEx_ConfigDigitalFilter
 *fill*         0x000000000800a742        0x2 
 .text.HAL_PWREx_GetVoltageRange
                0x000000000800a744       0x1c ./Drivers/STM32L4xx_HAL_Driver/stm32l4xx_hal_pwr_ex.o
                0x000000000800a744                HAL_PWREx_GetVoltageRange
 .text.HAL_PWREx_ControlVoltageScaling
                0x000000000800a760       0xac ./Drivers/STM32L4xx_HAL_Driver/stm32l4xx_hal_pwr_ex.o
                0x000000000800a760                HAL_PWREx_ControlVoltageScaling
 .text.HAL_RCC_OscConfig
                0x000000000800a80c      0x7d0 ./Drivers/STM32L4xx_HAL_Driver/stm32l4xx_hal_rcc.o
                0x000000000800a80c                HAL_RCC_OscConfig
 .text.HAL_RCC_ClockConfig
                0x000000000800afdc      0x1c4 ./Drivers/STM32L4xx_HAL_Driver/stm32l4xx_hal_rcc.o
                0x000000000800afdc                HAL_RCC_ClockConfig
 .text.HAL_RCC_GetSysClockFreq
                0x000000000800b1a0      0x118 ./Drivers/STM32L4xx_HAL_Driver/stm32l4xx_hal_rcc.o
                0x000000000800b1a0                HAL_RCC_GetSysClockFreq
 .text.HAL_RCC_GetHCLKFreq
                0x000000000800b2b8       0x18 ./Drivers/STM32L4xx_HAL_Driver/stm32l4xx_hal_rcc.o
                0x000000000800b2b8                HAL_RCC_GetHCLKFreq
 .text.HAL_RCC_GetPCLK1Freq
                0x000000000800b2d0       0x2c ./Drivers/STM32L4xx_HAL_Driver/stm32l4xx_hal_rcc.o
                0x000000000800b2d0                HAL_RCC_GetPCLK1Freq
 .text.HAL_RCC_GetPCLK2Freq
                0x000000000800b2fc       0x2c ./Drivers/STM32L4xx_HAL_Driver/stm32l4xx_hal_rcc.o
                0x000000000800b2fc                HAL_RCC_GetPCLK2Freq
 .text.RCC_SetFlashLatencyFromMSIRange
                0x000000000800b328       0xc0 ./Drivers/STM32L4xx_HAL_Driver/stm32l4xx_hal_rcc.o
 .text.HAL_RCCEx_PeriphCLKConfig
                0x000000000800b3e8      0x5d4 ./Drivers/STM32L4xx_HAL_Driver/stm32l4xx_hal_rcc_ex.o
                0x000000000800b3e8                HAL_RCCEx_PeriphCLKConfig
 .text.RCCEx_PLLSAI1_Config
                0x000000000800b9bc      0x1e8 ./Drivers/STM32L4xx_HAL_Driver/stm32l4xx_hal_rcc_ex.o
 .text.RCCEx_PLLSAI2_Config
                0x000000000800bba4      0x1bc ./Drivers/STM32L4xx_HAL_Driver/stm32l4xx_hal_rcc_ex.o
 .text.HAL_RTC_Init
                0x000000000800bd60       0xf6 ./Drivers/STM32L4xx_HAL_Driver/stm32l4xx_hal_rtc.o
                0x000000000800bd60                HAL_RTC_Init
 .text.HAL_RTC_SetTime
                0x000000000800be56      0x13a ./Drivers/STM32L4xx_HAL_Driver/stm32l4xx_hal_rtc.o
                0x000000000800be56                HAL_RTC_SetTime
 .text.HAL_RTC_GetTime
                0x000000000800bf90       0xb8 ./Drivers/STM32L4xx_HAL_Driver/stm32l4xx_hal_rtc.o
                0x000000000800bf90                HAL_RTC_GetTime
 .text.HAL_RTC_SetDate
                0x000000000800c048      0x10e ./Drivers/STM32L4xx_HAL_Driver/stm32l4xx_hal_rtc.o
                0x000000000800c048                HAL_RTC_SetDate
 .text.HAL_RTC_GetDate
                0x000000000800c156       0x9a ./Drivers/STM32L4xx_HAL_Driver/stm32l4xx_hal_rtc.o
                0x000000000800c156                HAL_RTC_GetDate
 .text.HAL_RTC_WaitForSynchro
                0x000000000800c1f0       0x4c ./Drivers/STM32L4xx_HAL_Driver/stm32l4xx_hal_rtc.o
                0x000000000800c1f0                HAL_RTC_WaitForSynchro
 .text.RTC_EnterInitMode
                0x000000000800c23c       0x66 ./Drivers/STM32L4xx_HAL_Driver/stm32l4xx_hal_rtc.o
                0x000000000800c23c                RTC_EnterInitMode
 *fill*         0x000000000800c2a2        0x2 
 .text.RTC_ExitInitMode
                0x000000000800c2a4       0x7c ./Drivers/STM32L4xx_HAL_Driver/stm32l4xx_hal_rtc.o
                0x000000000800c2a4                RTC_ExitInitMode
 .text.RTC_ByteToBcd2
                0x000000000800c320       0x40 ./Drivers/STM32L4xx_HAL_Driver/stm32l4xx_hal_rtc.o
                0x000000000800c320                RTC_ByteToBcd2
 .text.RTC_Bcd2ToByte
                0x000000000800c360       0x34 ./Drivers/STM32L4xx_HAL_Driver/stm32l4xx_hal_rtc.o
                0x000000000800c360                RTC_Bcd2ToByte
 .text.HAL_TIM_Base_Init
                0x000000000800c394       0xae ./Drivers/STM32L4xx_HAL_Driver/stm32l4xx_hal_tim.o
                0x000000000800c394                HAL_TIM_Base_Init
 *fill*         0x000000000800c442        0x2 
 .text.HAL_TIM_Base_Start_IT
                0x000000000800c444       0xe0 ./Drivers/STM32L4xx_HAL_Driver/stm32l4xx_hal_tim.o
                0x000000000800c444                HAL_TIM_Base_Start_IT
 .text.HAL_TIM_Base_Stop_IT
                0x000000000800c524       0x5e ./Drivers/STM32L4xx_HAL_Driver/stm32l4xx_hal_tim.o
                0x000000000800c524                HAL_TIM_Base_Stop_IT
 .text.HAL_TIM_IRQHandler
                0x000000000800c582      0x23e ./Drivers/STM32L4xx_HAL_Driver/stm32l4xx_hal_tim.o
                0x000000000800c582                HAL_TIM_IRQHandler
 .text.HAL_TIM_ConfigClockSource
                0x000000000800c7c0      0x192 ./Drivers/STM32L4xx_HAL_Driver/stm32l4xx_hal_tim.o
                0x000000000800c7c0                HAL_TIM_ConfigClockSource
 .text.HAL_TIM_OC_DelayElapsedCallback
                0x000000000800c952       0x14 ./Drivers/STM32L4xx_HAL_Driver/stm32l4xx_hal_tim.o
                0x000000000800c952                HAL_TIM_OC_DelayElapsedCallback
 .text.HAL_TIM_IC_CaptureCallback
                0x000000000800c966       0x14 ./Drivers/STM32L4xx_HAL_Driver/stm32l4xx_hal_tim.o
                0x000000000800c966                HAL_TIM_IC_CaptureCallback
 .text.HAL_TIM_PWM_PulseFinishedCallback
                0x000000000800c97a       0x14 ./Drivers/STM32L4xx_HAL_Driver/stm32l4xx_hal_tim.o
                0x000000000800c97a                HAL_TIM_PWM_PulseFinishedCallback
 .text.HAL_TIM_TriggerCallback
                0x000000000800c98e       0x14 ./Drivers/STM32L4xx_HAL_Driver/stm32l4xx_hal_tim.o
                0x000000000800c98e                HAL_TIM_TriggerCallback
 *fill*         0x000000000800c9a2        0x2 
 .text.TIM_Base_SetConfig
                0x000000000800c9a4      0x134 ./Drivers/STM32L4xx_HAL_Driver/stm32l4xx_hal_tim.o
                0x000000000800c9a4                TIM_Base_SetConfig
 .text.TIM_TI1_ConfigInputStage
                0x000000000800cad8       0x5e ./Drivers/STM32L4xx_HAL_Driver/stm32l4xx_hal_tim.o
 .text.TIM_TI2_ConfigInputStage
                0x000000000800cb36       0x60 ./Drivers/STM32L4xx_HAL_Driver/stm32l4xx_hal_tim.o
 .text.TIM_ITRx_SetConfig
                0x000000000800cb96       0x36 ./Drivers/STM32L4xx_HAL_Driver/stm32l4xx_hal_tim.o
 .text.TIM_ETR_SetConfig
                0x000000000800cbcc       0x40 ./Drivers/STM32L4xx_HAL_Driver/stm32l4xx_hal_tim.o
                0x000000000800cbcc                TIM_ETR_SetConfig
 .text.HAL_TIMEx_MasterConfigSynchronization
                0x000000000800cc0c      0x110 ./Drivers/STM32L4xx_HAL_Driver/stm32l4xx_hal_tim_ex.o
                0x000000000800cc0c                HAL_TIMEx_MasterConfigSynchronization
 .text.HAL_TIMEx_CommutCallback
                0x000000000800cd1c       0x14 ./Drivers/STM32L4xx_HAL_Driver/stm32l4xx_hal_tim_ex.o
                0x000000000800cd1c                HAL_TIMEx_CommutCallback
 .text.HAL_TIMEx_BreakCallback
                0x000000000800cd30       0x14 ./Drivers/STM32L4xx_HAL_Driver/stm32l4xx_hal_tim_ex.o
                0x000000000800cd30                HAL_TIMEx_BreakCallback
 .text.HAL_TIMEx_Break2Callback
                0x000000000800cd44       0x14 ./Drivers/STM32L4xx_HAL_Driver/stm32l4xx_hal_tim_ex.o
                0x000000000800cd44                HAL_TIMEx_Break2Callback
 .text.HAL_UART_Init
                0x000000000800cd58       0x9c ./Drivers/STM32L4xx_HAL_Driver/stm32l4xx_hal_uart.o
                0x000000000800cd58                HAL_UART_Init
 .text.HAL_UART_MspInit
                0x000000000800cdf4       0x14 ./Drivers/STM32L4xx_HAL_Driver/stm32l4xx_hal_uart.o
                0x000000000800cdf4                HAL_UART_MspInit
 .text.HAL_UART_Transmit
                0x000000000800ce08      0x128 ./Drivers/STM32L4xx_HAL_Driver/stm32l4xx_hal_uart.o
                0x000000000800ce08                HAL_UART_Transmit
 .text.HAL_UART_Receive_DMA
                0x000000000800cf30       0xac ./Drivers/STM32L4xx_HAL_Driver/stm32l4xx_hal_uart.o
                0x000000000800cf30                HAL_UART_Receive_DMA
 .text.HAL_UART_RxCpltCallback
                0x000000000800cfdc       0x14 ./Drivers/STM32L4xx_HAL_Driver/stm32l4xx_hal_uart.o
                0x000000000800cfdc                HAL_UART_RxCpltCallback
 .text.HAL_UART_RxHalfCpltCallback
                0x000000000800cff0       0x14 ./Drivers/STM32L4xx_HAL_Driver/stm32l4xx_hal_uart.o
                0x000000000800cff0                HAL_UART_RxHalfCpltCallback
 .text.HAL_UART_ErrorCallback
                0x000000000800d004       0x14 ./Drivers/STM32L4xx_HAL_Driver/stm32l4xx_hal_uart.o
                0x000000000800d004                HAL_UART_ErrorCallback
 .text.HAL_UARTEx_RxEventCallback
                0x000000000800d018       0x18 ./Drivers/STM32L4xx_HAL_Driver/stm32l4xx_hal_uart.o
                0x000000000800d018                HAL_UARTEx_RxEventCallback
 .text.UART_SetConfig
                0x000000000800d030      0x570 ./Drivers/STM32L4xx_HAL_Driver/stm32l4xx_hal_uart.o
                0x000000000800d030                UART_SetConfig
 .text.UART_AdvFeatureConfig
                0x000000000800d5a0      0x144 ./Drivers/STM32L4xx_HAL_Driver/stm32l4xx_hal_uart.o
                0x000000000800d5a0                UART_AdvFeatureConfig
 .text.UART_CheckIdleState
                0x000000000800d6e4       0x92 ./Drivers/STM32L4xx_HAL_Driver/stm32l4xx_hal_uart.o
                0x000000000800d6e4                UART_CheckIdleState
 .text.UART_WaitOnFlagUntilTimeout
                0x000000000800d776      0x188 ./Drivers/STM32L4xx_HAL_Driver/stm32l4xx_hal_uart.o
                0x000000000800d776                UART_WaitOnFlagUntilTimeout
 *fill*         0x000000000800d8fe        0x2 
 .text.UART_Start_Receive_DMA
                0x000000000800d900      0x14c ./Drivers/STM32L4xx_HAL_Driver/stm32l4xx_hal_uart.o
                0x000000000800d900                UART_Start_Receive_DMA
 .text.UART_EndTxTransfer
                0x000000000800da4c       0x4c ./Drivers/STM32L4xx_HAL_Driver/stm32l4xx_hal_uart.o
 .text.UART_EndRxTransfer
                0x000000000800da98       0xc6 ./Drivers/STM32L4xx_HAL_Driver/stm32l4xx_hal_uart.o
 .text.UART_DMAReceiveCplt
                0x000000000800db5e      0x124 ./Drivers/STM32L4xx_HAL_Driver/stm32l4xx_hal_uart.o
 .text.UART_DMARxHalfCplt
                0x000000000800dc82       0x38 ./Drivers/STM32L4xx_HAL_Driver/stm32l4xx_hal_uart.o
 .text.UART_DMAError
                0x000000000800dcba       0x7c ./Drivers/STM32L4xx_HAL_Driver/stm32l4xx_hal_uart.o
 .text.MX_MEMS_Init
                0x000000000800dd36        0xc ./Src/app_mems.o
                0x000000000800dd36                MX_MEMS_Init
 .text.MX_MEMS_Process
                0x000000000800dd42        0xc ./Src/app_mems.o
                0x000000000800dd42                MX_MEMS_Process
 *fill*         0x000000000800dd4e        0x2 
 .text.HAL_TIM_PeriodElapsedCallback
                0x000000000800dd50       0x30 ./Src/app_mems.o
                0x000000000800dd50                HAL_TIM_PeriodElapsedCallback
 .text.MX_DynamicInclinometer_Init
                0x000000000800dd80       0x5c ./Src/app_mems.o
 .text.MX_DynamicInclinometer_Process
                0x000000000800dddc       0xe8 ./Src/app_mems.o
 .text.Init_Sensors
                0x000000000800dec4       0x34 ./Src/app_mems.o
 .text.RTC_Handler
                0x000000000800def8       0xe8 ./Src/app_mems.o
 .text.DI_Data_Handler
                0x000000000800dfe0      0x2d0 ./Src/app_mems.o
 .text.Accelero_Sensor_Handler
                0x000000000800e2b0       0xb4 ./Src/app_mems.o
 .text.Gyro_Sensor_Handler
                0x000000000800e364       0xb4 ./Src/app_mems.o
 .text.Magneto_Sensor_Handler
                0x000000000800e418       0xb4 ./Src/app_mems.o
 .text.Pressure_Sensor_Handler
                0x000000000800e4cc       0x60 ./Src/app_mems.o
 .text.Temperature_Sensor_Handler
                0x000000000800e52c       0x60 ./Src/app_mems.o
 .text.Humidity_Sensor_Handler
                0x000000000800e58c       0x60 ./Src/app_mems.o
 .text.TIM_Config
                0x000000000800e5ec       0x68 ./Src/app_mems.o
 .text.DWT_Init
                0x000000000800e654       0x30 ./Src/app_mems.o
 .text.DWT_Start
                0x000000000800e684       0x24 ./Src/app_mems.o
 .text.DWT_Stop
                0x000000000800e6a8       0x50 ./Src/app_mems.o
 .text.UART_ReceivedMSG
                0x000000000800e6f8      0x16c ./Src/com.o
                0x000000000800e6f8                UART_ReceivedMSG
 .text.UART_SendMsg
                0x000000000800e864       0x38 ./Src/com.o
                0x000000000800e864                UART_SendMsg
 .text.UART_StartReceiveMsg
                0x000000000800e89c       0x34 ./Src/com.o
                0x000000000800e89c                UART_StartReceiveMsg
 .text.Get_DMA_Flag_Status
                0x000000000800e8d0      0x1e4 ./Src/com.o
 .text.Get_DMA_Counter
                0x000000000800eab4       0x1a ./Src/com.o
 .text.BUILD_REPLY_HEADER
                0x000000000800eace       0x2e ./Src/demo_serial.o
                0x000000000800eace                BUILD_REPLY_HEADER
 .text.INIT_STREAMING_HEADER
                0x000000000800eafc       0x34 ./Src/demo_serial.o
                0x000000000800eafc                INIT_STREAMING_HEADER
 .text.HandleMSG
                0x000000000800eb30      0x788 ./Src/demo_serial.o
                0x000000000800eb30                HandleMSG
 .text.RTC_DateRegulate
                0x000000000800f2b8       0x54 ./Src/demo_serial.o
                0x000000000800f2b8                RTC_DateRegulate
 .text.RTC_TimeRegulate
                0x000000000800f30c       0x54 ./Src/demo_serial.o
                0x000000000800f30c                RTC_TimeRegulate
 .text.Get_PresentationString
                0x000000000800f360       0x80 ./Src/demo_serial.o
                0x000000000800f360                Get_PresentationString
 .text.BSP_SENSOR_ACC_Init
                0x000000000800f3e0       0x10 ./Src/iks01a3_mems_control.o
                0x000000000800f3e0                BSP_SENSOR_ACC_Init
 .text.BSP_SENSOR_GYR_Init
                0x000000000800f3f0       0x10 ./Src/iks01a3_mems_control.o
                0x000000000800f3f0                BSP_SENSOR_GYR_Init
 .text.BSP_SENSOR_MAG_Init
                0x000000000800f400       0x10 ./Src/iks01a3_mems_control.o
                0x000000000800f400                BSP_SENSOR_MAG_Init
 .text.BSP_SENSOR_PRESS_Init
                0x000000000800f410       0x10 ./Src/iks01a3_mems_control.o
                0x000000000800f410                BSP_SENSOR_PRESS_Init
 .text.BSP_SENSOR_TEMP_Init
                0x000000000800f420       0x10 ./Src/iks01a3_mems_control.o
                0x000000000800f420                BSP_SENSOR_TEMP_Init
 .text.BSP_SENSOR_HUM_Init
                0x000000000800f430       0x10 ./Src/iks01a3_mems_control.o
                0x000000000800f430                BSP_SENSOR_HUM_Init
 .text.BSP_SENSOR_ACC_Enable
                0x000000000800f440       0x10 ./Src/iks01a3_mems_control.o
                0x000000000800f440                BSP_SENSOR_ACC_Enable
 .text.BSP_SENSOR_GYR_Enable
                0x000000000800f450       0x10 ./Src/iks01a3_mems_control.o
                0x000000000800f450                BSP_SENSOR_GYR_Enable
 .text.BSP_SENSOR_MAG_Enable
                0x000000000800f460       0x10 ./Src/iks01a3_mems_control.o
                0x000000000800f460                BSP_SENSOR_MAG_Enable
 .text.BSP_SENSOR_PRESS_Enable
                0x000000000800f470       0x10 ./Src/iks01a3_mems_control.o
                0x000000000800f470                BSP_SENSOR_PRESS_Enable
 .text.BSP_SENSOR_TEMP_Enable
                0x000000000800f480       0x10 ./Src/iks01a3_mems_control.o
                0x000000000800f480                BSP_SENSOR_TEMP_Enable
 .text.BSP_SENSOR_HUM_Enable
                0x000000000800f490       0x10 ./Src/iks01a3_mems_control.o
                0x000000000800f490                BSP_SENSOR_HUM_Enable
 .text.BSP_SENSOR_ACC_Disable
                0x000000000800f4a0       0x10 ./Src/iks01a3_mems_control.o
                0x000000000800f4a0                BSP_SENSOR_ACC_Disable
 .text.BSP_SENSOR_GYR_Disable
                0x000000000800f4b0       0x10 ./Src/iks01a3_mems_control.o
                0x000000000800f4b0                BSP_SENSOR_GYR_Disable
 .text.BSP_SENSOR_MAG_Disable
                0x000000000800f4c0       0x10 ./Src/iks01a3_mems_control.o
                0x000000000800f4c0                BSP_SENSOR_MAG_Disable
 .text.BSP_SENSOR_PRESS_Disable
                0x000000000800f4d0       0x10 ./Src/iks01a3_mems_control.o
                0x000000000800f4d0                BSP_SENSOR_PRESS_Disable
 .text.BSP_SENSOR_TEMP_Disable
                0x000000000800f4e0       0x10 ./Src/iks01a3_mems_control.o
                0x000000000800f4e0                BSP_SENSOR_TEMP_Disable
 .text.BSP_SENSOR_HUM_Disable
                0x000000000800f4f0       0x10 ./Src/iks01a3_mems_control.o
                0x000000000800f4f0                BSP_SENSOR_HUM_Disable
 .text.BSP_SENSOR_ACC_GetAxes
                0x000000000800f500       0x1a ./Src/iks01a3_mems_control.o
                0x000000000800f500                BSP_SENSOR_ACC_GetAxes
 .text.BSP_SENSOR_GYR_GetAxes
                0x000000000800f51a       0x1a ./Src/iks01a3_mems_control.o
                0x000000000800f51a                BSP_SENSOR_GYR_GetAxes
 .text.BSP_SENSOR_MAG_GetAxes
                0x000000000800f534       0x1a ./Src/iks01a3_mems_control.o
                0x000000000800f534                BSP_SENSOR_MAG_GetAxes
 .text.BSP_SENSOR_PRESS_GetValue
                0x000000000800f54e       0x1a ./Src/iks01a3_mems_control.o
                0x000000000800f54e                BSP_SENSOR_PRESS_GetValue
 .text.BSP_SENSOR_TEMP_GetValue
                0x000000000800f568       0x1a ./Src/iks01a3_mems_control.o
                0x000000000800f568                BSP_SENSOR_TEMP_GetValue
 .text.BSP_SENSOR_HUM_GetValue
                0x000000000800f582       0x1a ./Src/iks01a3_mems_control.o
                0x000000000800f582                BSP_SENSOR_HUM_GetValue
 .text.BSP_SENSOR_ACC_SetOutputDataRate
                0x000000000800f59c       0x1e ./Src/iks01a3_mems_control.o
                0x000000000800f59c                BSP_SENSOR_ACC_SetOutputDataRate
 .text.BSP_SENSOR_ACC_SetFullScale
                0x000000000800f5ba       0x1a ./Src/iks01a3_mems_control.o
                0x000000000800f5ba                BSP_SENSOR_ACC_SetFullScale
 .text.BSP_SENSOR_ACC_GetOrientation
                0x000000000800f5d4       0x2a ./Src/iks01a3_mems_control_ex.o
                0x000000000800f5d4                BSP_SENSOR_ACC_GetOrientation
 .text.BSP_SENSOR_GYR_GetOrientation
                0x000000000800f5fe       0x2a ./Src/iks01a3_mems_control_ex.o
                0x000000000800f5fe                BSP_SENSOR_GYR_GetOrientation
 .text.main     0x000000000800f628       0x26 ./Src/main.o
                0x000000000800f628                main
 .text.SystemClock_Config
                0x000000000800f64e       0xa6 ./Src/main.o
                0x000000000800f64e                SystemClock_Config
 .text.MX_CRC_Init
                0x000000000800f6f4       0x44 ./Src/main.o
 .text.MX_RTC_Init
                0x000000000800f738       0xb8 ./Src/main.o
 .text.MX_TIM3_Init
                0x000000000800f7f0       0x9c ./Src/main.o
                0x000000000800f7f0                MX_TIM3_Init
 .text.MX_DMA_Init
                0x000000000800f88c       0x3c ./Src/main.o
 .text.MX_GPIO_Init
                0x000000000800f8c8       0xb4 ./Src/main.o
 .text.Error_Handler
                0x000000000800f97c        0xa ./Src/main.o
                0x000000000800f97c                Error_Handler
 *fill*         0x000000000800f986        0x2 
 .text.MotionDI_manager_init
                0x000000000800f988       0x8c ./Src/motion_di_manager.o
                0x000000000800f988                MotionDI_manager_init
 .text.MotionDI_get_acc_calibration_mode
                0x000000000800fa14       0x28 ./Src/motion_di_manager.o
                0x000000000800fa14                MotionDI_get_acc_calibration_mode
 .text.MotionDI_set_acc_calibration_mode
                0x000000000800fa3c       0x34 ./Src/motion_di_manager.o
                0x000000000800fa3c                MotionDI_set_acc_calibration_mode
 .text.MotionDI_get_acc_calibration
                0x000000000800fa70       0x16 ./Src/motion_di_manager.o
                0x000000000800fa70                MotionDI_get_acc_calibration
 .text.MotionDI_reset_acc_calibration
                0x000000000800fa86        0xc ./Src/motion_di_manager.o
                0x000000000800fa86                MotionDI_reset_acc_calibration
 *fill*         0x000000000800fa92        0x2 
 .text.MotionDI_get_gyro_calibration_mode
                0x000000000800fa94       0x28 ./Src/motion_di_manager.o
                0x000000000800fa94                MotionDI_get_gyro_calibration_mode
 .text.MotionDI_set_gyro_calibration_mode
                0x000000000800fabc       0x34 ./Src/motion_di_manager.o
                0x000000000800fabc                MotionDI_set_gyro_calibration_mode
 .text.MotionDI_get_gyro_calibration
                0x000000000800faf0       0x16 ./Src/motion_di_manager.o
                0x000000000800faf0                MotionDI_get_gyro_calibration
 .text.MotionDI_reset_gyro_calibration
                0x000000000800fb06        0xc ./Src/motion_di_manager.o
                0x000000000800fb06                MotionDI_reset_gyro_calibration
 *fill*         0x000000000800fb12        0x2 
 .text.MotionDI_manager_run
                0x000000000800fb14       0x7c ./Src/motion_di_manager.o
                0x000000000800fb14                MotionDI_manager_run
 .text.MotionDI_manager_get_version
                0x000000000800fb90       0x20 ./Src/motion_di_manager.o
                0x000000000800fb90                MotionDI_manager_get_version
 .text.float_array_set
                0x000000000800fbb0       0x3c ./Src/motion_di_manager.o
 .text.ByteStuffCopyByte
                0x000000000800fbec       0x56 ./Src/serial_protocol.o
                0x000000000800fbec                ByteStuffCopyByte
 .text.ByteStuffCopy
                0x000000000800fc42       0x5c ./Src/serial_protocol.o
                0x000000000800fc42                ByteStuffCopy
 .text.ReverseByteStuffCopyByte2
                0x000000000800fc9e       0x4e ./Src/serial_protocol.o
                0x000000000800fc9e                ReverseByteStuffCopyByte2
 .text.CHK_ComputeAndAdd
                0x000000000800fcec       0x54 ./Src/serial_protocol.o
                0x000000000800fcec                CHK_ComputeAndAdd
 .text.CHK_CheckAndRemove
                0x000000000800fd40       0x54 ./Src/serial_protocol.o
                0x000000000800fd40                CHK_CheckAndRemove
 .text.Deserialize
                0x000000000800fd94       0x4c ./Src/serial_protocol.o
                0x000000000800fd94                Deserialize
 .text.Serialize_s32
                0x000000000800fde0       0x48 ./Src/serial_protocol.o
                0x000000000800fde0                Serialize_s32
 .text.HAL_MspInit
                0x000000000800fe28       0x48 ./Src/stm32l4xx_hal_msp.o
                0x000000000800fe28                HAL_MspInit
 .text.HAL_CRC_MspInit
                0x000000000800fe70       0x40 ./Src/stm32l4xx_hal_msp.o
                0x000000000800fe70                HAL_CRC_MspInit
 .text.HAL_RTC_MspInit
                0x000000000800feb0       0x64 ./Src/stm32l4xx_hal_msp.o
                0x000000000800feb0                HAL_RTC_MspInit
 .text.HAL_TIM_Base_MspInit
                0x000000000800ff14       0x4c ./Src/stm32l4xx_hal_msp.o
                0x000000000800ff14                HAL_TIM_Base_MspInit
 .text.NMI_Handler
                0x000000000800ff60        0x6 ./Src/stm32l4xx_it.o
                0x000000000800ff60                NMI_Handler
 .text.HardFault_Handler
                0x000000000800ff66        0x6 ./Src/stm32l4xx_it.o
                0x000000000800ff66                HardFault_Handler
 .text.MemManage_Handler
                0x000000000800ff6c        0x6 ./Src/stm32l4xx_it.o
                0x000000000800ff6c                MemManage_Handler
 .text.BusFault_Handler
                0x000000000800ff72        0x6 ./Src/stm32l4xx_it.o
                0x000000000800ff72                BusFault_Handler
 .text.UsageFault_Handler
                0x000000000800ff78        0x6 ./Src/stm32l4xx_it.o
                0x000000000800ff78                UsageFault_Handler
 .text.SVC_Handler
                0x000000000800ff7e        0xe ./Src/stm32l4xx_it.o
                0x000000000800ff7e                SVC_Handler
 .text.DebugMon_Handler
                0x000000000800ff8c        0xe ./Src/stm32l4xx_it.o
                0x000000000800ff8c                DebugMon_Handler
 .text.PendSV_Handler
                0x000000000800ff9a        0xe ./Src/stm32l4xx_it.o
                0x000000000800ff9a                PendSV_Handler
 .text.SysTick_Handler
                0x000000000800ffa8        0xc ./Src/stm32l4xx_it.o
                0x000000000800ffa8                SysTick_Handler
 .text.DMA1_Channel6_IRQHandler
                0x000000000800ffb4       0x14 ./Src/stm32l4xx_it.o
                0x000000000800ffb4                DMA1_Channel6_IRQHandler
 .text.TIM3_IRQHandler
                0x000000000800ffc8       0x14 ./Src/stm32l4xx_it.o
                0x000000000800ffc8                TIM3_IRQHandler
 .text.EXTI15_10_IRQHandler
                0x000000000800ffdc       0x10 ./Src/stm32l4xx_it.o
                0x000000000800ffdc                EXTI15_10_IRQHandler
 .text.BSP_LED_Init
                0x000000000800ffec       0x24 ./Src/stm32l4xx_nucleo.o
                0x000000000800ffec                BSP_LED_Init
 .text.BSP_LED_On
                0x0000000008010010       0x2c ./Src/stm32l4xx_nucleo.o
                0x0000000008010010                BSP_LED_On
 .text.BSP_LED_Off
                0x000000000801003c       0x2c ./Src/stm32l4xx_nucleo.o
                0x000000000801003c                BSP_LED_Off
 .text.LED_USER_GPIO_Init
                0x0000000008010068       0x7c ./Src/stm32l4xx_nucleo.o
 .text.BSP_COM_Init
                0x00000000080100e4       0x7c ./Src/stm32l4xx_nucleo.o
                0x00000000080100e4                BSP_COM_Init
 .text.MX_USART2_UART_Init
                0x0000000008010160       0x68 ./Src/stm32l4xx_nucleo.o
                0x0000000008010160                MX_USART2_UART_Init
 .text.USART2_MspInit
                0x00000000080101c8       0xd8 ./Src/stm32l4xx_nucleo.o
 .text.BSP_I2C1_Init
                0x00000000080102a0       0x7c ./Src/stm32l4xx_nucleo_bus.o
                0x00000000080102a0                BSP_I2C1_Init
 .text.BSP_I2C1_DeInit
                0x000000000801031c       0x50 ./Src/stm32l4xx_nucleo_bus.o
                0x000000000801031c                BSP_I2C1_DeInit
 .text.BSP_I2C1_WriteReg
                0x000000000801036c       0x64 ./Src/stm32l4xx_nucleo_bus.o
                0x000000000801036c                BSP_I2C1_WriteReg
 .text.BSP_I2C1_ReadReg
                0x00000000080103d0       0x64 ./Src/stm32l4xx_nucleo_bus.o
                0x00000000080103d0                BSP_I2C1_ReadReg
 .text.BSP_GetTick
                0x0000000008010434        0xe ./Src/stm32l4xx_nucleo_bus.o
                0x0000000008010434                BSP_GetTick
 *fill*         0x0000000008010442        0x2 
 .text.MX_I2C1_Init
                0x0000000008010444       0x88 ./Src/stm32l4xx_nucleo_bus.o
                0x0000000008010444                MX_I2C1_Init
 .text.I2C1_MspInit
                0x00000000080104cc       0x8c ./Src/stm32l4xx_nucleo_bus.o
 .text.I2C1_MspDeInit
                0x0000000008010558       0x38 ./Src/stm32l4xx_nucleo_bus.o
 .text._sbrk    0x0000000008010590       0x6c ./Src/sysmem.o
                0x0000000008010590                _sbrk
 .text.SystemInit
                0x00000000080105fc       0x64 ./Src/system_stm32l4xx.o
                0x00000000080105fc                SystemInit
 .text.Reset_Handler
                0x0000000008010660       0x50 ./Startup/startup_stm32l476rgtx.o
                0x0000000008010660                Reset_Handler
 .text.Default_Handler
                0x00000000080106b0        0x2 ./Startup/startup_stm32l476rgtx.o
                0x00000000080106b0                RTC_Alarm_IRQHandler
                0x00000000080106b0                EXTI2_IRQHandler
                0x00000000080106b0                TIM8_TRG_COM_IRQHandler
                0x00000000080106b0                TIM8_CC_IRQHandler
                0x00000000080106b0                TIM1_CC_IRQHandler
                0x00000000080106b0                TSC_IRQHandler
                0x00000000080106b0                TAMP_STAMP_IRQHandler
                0x00000000080106b0                EXTI3_IRQHandler
                0x00000000080106b0                LPTIM2_IRQHandler
                0x00000000080106b0                DFSDM1_FLT1_IRQHandler
                0x00000000080106b0                I2C3_ER_IRQHandler
                0x00000000080106b0                DFSDM1_FLT2_IRQHandler
                0x00000000080106b0                EXTI0_IRQHandler
                0x00000000080106b0                I2C2_EV_IRQHandler
                0x00000000080106b0                CAN1_RX0_IRQHandler
                0x00000000080106b0                FPU_IRQHandler
                0x00000000080106b0                TIM1_UP_TIM16_IRQHandler
                0x00000000080106b0                ADC1_2_IRQHandler
                0x00000000080106b0                SPI1_IRQHandler
                0x00000000080106b0                TIM6_DAC_IRQHandler
                0x00000000080106b0                TIM8_UP_IRQHandler
                0x00000000080106b0                DMA2_Channel2_IRQHandler
                0x00000000080106b0                DMA1_Channel4_IRQHandler
                0x00000000080106b0                SAI2_IRQHandler
                0x00000000080106b0                DFSDM1_FLT3_IRQHandler
                0x00000000080106b0                USART3_IRQHandler
                0x00000000080106b0                DMA1_Channel7_IRQHandler
                0x00000000080106b0                CAN1_RX1_IRQHandler
                0x00000000080106b0                LCD_IRQHandler
                0x00000000080106b0                UART5_IRQHandler
                0x00000000080106b0                ADC3_IRQHandler
                0x00000000080106b0                TIM4_IRQHandler
                0x00000000080106b0                DMA2_Channel1_IRQHandler
                0x00000000080106b0                QUADSPI_IRQHandler
                0x00000000080106b0                I2C1_EV_IRQHandler
                0x00000000080106b0                UART4_IRQHandler
                0x00000000080106b0                DMA2_Channel4_IRQHandler
                0x00000000080106b0                RCC_IRQHandler
                0x00000000080106b0                DMA1_Channel1_IRQHandler
                0x00000000080106b0                Default_Handler
                0x00000000080106b0                DMA2_Channel7_IRQHandler
                0x00000000080106b0                TIM7_IRQHandler
                0x00000000080106b0                SDMMC1_IRQHandler
                0x00000000080106b0                TIM5_IRQHandler