../Src/app_mems.c:96:6:MX_MEMS_Init	8	static
../Src/app_mems.c:118:6:MX_MEMS_Process	8	static
../Src/app_mems.c:138:6:HAL_TIM_PeriodElapsedCallback	16	static
../Src/app_mems.c:151:13:MX_DynamicInclinometer_Init	8	static
../Src/app_mems.c:189:13:MX_DynamicInclinometer_Process	8	static
../Src/app_mems.c:256:13:Init_Sensors	8	static
../Src/app_mems.c:274:13:RTC_Handler	56	static
../Src/app_mems.c:316:13:DI_Data_Handler	136	static
../Src/app_mems.c:416:13:Accelero_Sensor_Handler	16	static
../Src/app_mems.c:442:13:Gyro_Sensor_Handler	16	static
../Src/app_mems.c:468:13:Magneto_Sensor_Handler	16	static
../Src/app_mems.c:494:13:Pressure_Sensor_Handler	16	static
../Src/app_mems.c:516:13:Temperature_Sensor_Handler	16	static
../Src/app_mems.c:538:13:Humidity_Sensor_Handler	16	static
../Src/app_mems.c:560:13:TIM_Config	32	static
../Src/app_mems.c:582:13:DWT_Init	4	static
../Src/app_mems.c:593:13:DWT_Start	4	static
../Src/app_mems.c:604:17:DWT_Stop	16	static
../Src/app_mems.c:622:6:get_inclination	216	static
