../Src/app_mems.c:94:6:MX_MEMS_Init	8	static
../Src/app_mems.c:116:6:MX_MEMS_Process	8	static
../Src/app_mems.c:136:6:HAL_TIM_PeriodElapsedCallback	16	static
../Src/app_mems.c:149:13:MX_DynamicInclinometer_Init	8	static
../Src/app_mems.c:187:13:MX_DynamicInclinometer_Process	24	static
../Src/app_mems.c:261:13:Init_Sensors	8	static
../Src/app_mems.c:279:13:RTC_Handler	56	static
../Src/app_mems.c:321:13:DI_Data_Handler	224	static
../Src/app_mems.c:421:13:Accelero_Sensor_Handler	16	static
../Src/app_mems.c:447:13:Gyro_Sensor_Handler	16	static
../Src/app_mems.c:473:13:Magneto_Sensor_Handler	16	static
../Src/app_mems.c:499:13:Pressure_Sensor_Handler	16	static
../Src/app_mems.c:521:13:Temperature_Sensor_Handler	16	static
../Src/app_mems.c:543:13:Humidity_Sensor_Handler	16	static
../Src/app_mems.c:565:13:TIM_Config	32	static
../Src/app_mems.c:587:13:DWT_Init	4	static
../Src/app_mems.c:598:13:DWT_Start	4	static
../Src/app_mems.c:609:17:DWT_Stop	16	static
