../Src/app_mems.c:100:6:MX_MEMS_Init	8	static
../Src/app_mems.c:122:6:MX_MEMS_Process	8	static
../Src/app_mems.c:142:6:HAL_TIM_PeriodElapsedCallback	16	static
../Src/app_mems.c:155:13:MX_DynamicInclinometer_Init	8	static
../Src/app_mems.c:193:13:MX_DynamicInclinometer_Process	8	static
../Src/app_mems.c:260:13:Init_Sensors	8	static
../Src/app_mems.c:278:13:RTC_Handler	56	static
../Src/app_mems.c:320:13:DI_Data_Handler	136	static
../Src/app_mems.c:420:13:Accelero_Sensor_Handler	16	static
../Src/app_mems.c:446:13:Gyro_Sensor_Handler	16	static
../Src/app_mems.c:472:13:Magneto_Sensor_Handler	16	static
../Src/app_mems.c:498:13:Pressure_Sensor_Handler	16	static
../Src/app_mems.c:520:13:Temperature_Sensor_Handler	16	static
../Src/app_mems.c:542:13:Humidity_Sensor_Handler	16	static
../Src/app_mems.c:564:13:TIM_Config	32	static
../Src/app_mems.c:586:13:DWT_Init	4	static
../Src/app_mems.c:597:13:DWT_Start	4	static
../Src/app_mems.c:608:17:DWT_Stop	16	static
../Src/app_mems.c:626:6:get_inclination	224	static
